66.249.83.118 - - [12/Jun/2020:02:27:24 +0700] "GET /assets3/js/owl.carousel.min.js HTTP/1.1" 200 23890 "https://bitrexgo.co.id/login" "Mozilla/5.0 (iPhone; CPU iPhone OS 13_3_1 like Mac OS X) AppleWebKit/605.1.15 (KHTML, like Gecko) Version/13.0.5 Mobile/15E148 Safari/604.1"
66.249.83.122 - - [12/Jun/2020:02:27:24 +0700] "GET /assets3/js/cssua.min.js HTTP/1.1" 200 3283 "https://bitrexgo.co.id/login" "Mozilla/5.0 (iPhone; CPU iPhone OS 13_3_1 like Mac OS X) AppleWebKit/605.1.15 (KHTML, like Gecko) Version/13.0.5 Mobile/15E148 Safari/604.1"
66.249.83.120 - - [12/Jun/2020:02:27:24 +0700] "GET /assets3/js/jquery.jelect.js HTTP/1.1" 200 3072 "https://bitrexgo.co.id/login" "Mozilla/5.0 (iPhone; CPU iPhone OS 13_3_1 like Mac OS X) AppleWebKit/605.1.15 (KHTML, like Gecko) Version/13.0.5 Mobile/15E148 Safari/604.1"
66.249.83.122 - - [12/Jun/2020:02:27:25 +0700] "GET /assets3/js/jquery-migrate-1.2.1.js HTTP/1.1" 200 7199 "https://bitrexgo.co.id/login" "Mozilla/5.0 (iPhone; CPU iPhone OS 13_3_1 like Mac OS X) AppleWebKit/605.1.15 (KHTML, like Gecko) Version/13.0.5 Mobile/15E148 Safari/604.1"
66.249.83.122 - - [12/Jun/2020:02:27:25 +0700] "GET /assets3/js/jquery.easypiechart.min.js HTTP/1.1" 200 3918 "https://bitrexgo.co.id/login" "Mozilla/5.0 (iPhone; CPU iPhone OS 13_3_1 like Mac OS X) AppleWebKit/605.1.15 (KHTML, like Gecko) Version/13.0.5 Mobile/15E148 Safari/604.1"
66.249.83.118 - - [12/Jun/2020:02:27:25 +0700] "GET /assets2/css/select2.css HTTP/1.1" 200 15400 "https://bitrexgo.co.id/login" "Mozilla/5.0 (iPhone; CPU iPhone OS 13_3_1 like Mac OS X) AppleWebKit/605.1.15 (KHTML, like Gecko) Version/13.0.5 Mobile/15E148 Safari/604.1"
66.249.83.118 - - [12/Jun/2020:02:27:25 +0700] "GET /assets3/css/style.css HTTP/1.1" 200 2695 "https://bitrexgo.co.id/login" "Mozilla/5.0 (iPhone; CPU iPhone OS 13_3_1 like Mac OS X) AppleWebKit/605.1.15 (KHTML, like Gecko) Version/13.0.5 Mobile/15E148 Safari/604.1"
66.249.83.118 - - [12/Jun/2020:02:27:25 +0700] "GET /assets3/css/master.css HTTP/1.1" 200 1336 "https://bitrexgo.co.id/login" "Mozilla/5.0 (iPhone; CPU iPhone OS 13_3_1 like Mac OS X) AppleWebKit/605.1.15 (KHTML, like Gecko) Version/13.0.5 Mobile/15E148 Safari/604.1"
66.249.83.122 - - [12/Jun/2020:02:27:25 +0700] "GET /assets3/js/bootstrap-select.js HTTP/1.1" 200 43092 "https://bitrexgo.co.id/login" "Mozilla/5.0 (iPhone; CPU iPhone OS 13_3_1 like Mac OS X) AppleWebKit/605.1.15 (KHTML, like Gecko) Version/13.0.5 Mobile/15E148 Safari/604.1"
66.249.83.122 - - [12/Jun/2020:02:27:25 +0700] "GET /assets3/css/switcher.css HTTP/1.1" 200 10884 "https://bitrexgo.co.id/login" "Mozilla/5.0 (iPhone; CPU iPhone OS 13_3_1 like Mac OS X) AppleWebKit/605.1.15 (KHTML, like Gecko) Version/13.0.5 Mobile/15E148 Safari/604.1"
66.249.83.120 - - [12/Jun/2020:02:27:25 +0700] "GET /assets3/js/jquery.isotope.min.js HTTP/1.1" 200 16033 "https://bitrexgo.co.id/login" "Mozilla/5.0 (iPhone; CPU iPhone OS 13_3_1 like Mac OS X) AppleWebKit/605.1.15 (KHTML, like Gecko) Version/13.0.5 Mobile/15E148 Safari/604.1"
66.249.83.120 - - [12/Jun/2020:02:27:25 +0700] "GET /assets3/css/color4.css HTTP/1.1" 200 1318 "https://bitrexgo.co.id/login" "Mozilla/5.0 (iPhone; CPU iPhone OS 13_3_1 like Mac OS X) AppleWebKit/605.1.15 (KHTML, like Gecko) Version/13.0.5 Mobile/15E148 Safari/604.1"
66.249.83.32 - - [12/Jun/2020:02:27:25 +0700] "GET /assets/img/trading-community.png HTTP/1.1" 404 1568 "https://bitrexgo.co.id/login" "Mozilla/5.0 (iPhone; CPU iPhone OS 13_3_1 like Mac OS X) AppleWebKit/605.1.15 (KHTML, like Gecko) Version/13.0.5 Mobile/15E148 Safari/604.1"
66.249.83.120 - - [12/Jun/2020:02:27:25 +0700] "GET /assets1/images/gallery/5.jpg HTTP/1.1" 404 1568 "https://bitrexgo.co.id/login" "Mozilla/5.0 (iPhone; CPU iPhone OS 13_3_1 like Mac OS X) AppleWebKit/605.1.15 (KHTML, like Gecko) Version/13.0.5 Mobile/15E148 Safari/604.1"
66.249.83.63 - - [12/Jun/2020:02:27:25 +0700] "GET /assets/img/robot-expert-advisor.png HTTP/1.1" 404 1568 "https://bitrexgo.co.id/login" "Mozilla/5.0 (iPhone; CPU iPhone OS 13_3_1 like Mac OS X) AppleWebKit/605.1.15 (KHTML, like Gecko) Version/13.0.5 Mobile/15E148 Safari/604.1"
66.249.83.61 - - [12/Jun/2020:02:27:25 +0700] "GET /assets/img/training-center.jpg HTTP/1.1" 404 1568 "https://bitrexgo.co.id/login" "Mozilla/5.0 (iPhone; CPU iPhone OS 13_3_1 like Mac OS X) AppleWebKit/605.1.15 (KHTML, like Gecko) Version/13.0.5 Mobile/15E148 Safari/604.1"
66.249.83.63 - - [12/Jun/2020:02:27:25 +0700] "GET /assets/img/market-analysis.jpg HTTP/1.1" 404 1568 "https://bitrexgo.co.id/login" "Mozilla/5.0 (iPhone; CPU iPhone OS 13_3_1 like Mac OS X) AppleWebKit/605.1.15 (KHTML, like Gecko) Version/13.0.5 Mobile/15E148 Safari/604.1"
66.249.83.122 - - [12/Jun/2020:02:27:25 +0700] "GET /assets3/plugins/sliderpro/css/slider-pro.css HTTP/1.1" 200 15753 "https://bitrexgo.co.id/login" "Mozilla/5.0 (iPhone; CPU iPhone OS 13_3_1 like Mac OS X) AppleWebKit/605.1.15 (KHTML, like Gecko) Version/13.0.5 Mobile/15E148 Safari/604.1"
66.249.83.118 - - [12/Jun/2020:02:27:25 +0700] "GET /assets3/plugins/jelect/main.css HTTP/1.1" 200 2509 "https://bitrexgo.co.id/login" "Mozilla/5.0 (iPhone; CPU iPhone OS 13_3_1 like Mac OS X) AppleWebKit/605.1.15 (KHTML, like Gecko) Version/13.0.5 Mobile/15E148 Safari/604.1"
66.249.83.122 - - [12/Jun/2020:02:27:25 +0700] "GET /assets3/plugins/isotope/isotope.css HTTP/1.1" 200 4435 "https://bitrexgo.co.id/login" "Mozilla/5.0 (iPhone; CPU iPhone OS 13_3_1 like Mac OS X) AppleWebKit/605.1.15 (KHTML, like Gecko) Version/13.0.5 Mobile/15E148 Safari/604.1"
66.249.83.122 - - [12/Jun/2020:02:27:25 +0700] "GET /assets3/fonts/font-awesome/css/font-awesome.min.css HTTP/1.1" 200 26711 "https://bitrexgo.co.id/login" "Mozilla/5.0 (iPhone; CPU iPhone OS 13_3_1 like Mac OS X) AppleWebKit/605.1.15 (KHTML, like Gecko) Version/13.0.5 Mobile/15E148 Safari/604.1"
66.249.83.118 - - [12/Jun/2020:02:27:25 +0700] "GET /assets3/plugins/owl-carousel/owl.transitions.css HTTP/1.1" 200 4476 "https://bitrexgo.co.id/login" "Mozilla/5.0 (iPhone; CPU iPhone OS 13_3_1 like Mac OS X) AppleWebKit/605.1.15 (KHTML, like Gecko) Version/13.0.5 Mobile/15E148 Safari/604.1"
66.249.83.120 - - [12/Jun/2020:02:27:25 +0700] "GET /assets3/css/blog.css HTTP/1.1" 200 11426 "https://bitrexgo.co.id/login" "Mozilla/5.0 (iPhone; CPU iPhone OS 13_3_1 like Mac OS X) AppleWebKit/605.1.15 (KHTML, like Gecko) Version/13.0.5 Mobile/15E148 Safari/604.1"
66.249.83.118 - - [12/Jun/2020:02:27:25 +0700] "GET /assets3/plugins/datetimepicker/jquery.datetimepicker.css HTTP/1.1" 200 17870 "https://bitrexgo.co.id/login" "Mozilla/5.0 (iPhone; CPU iPhone OS 13_3_1 like Mac OS X) AppleWebKit/605.1.15 (KHTML, like Gecko) Version/13.0.5 Mobile/15E148 Safari/604.1"
66.249.83.118 - - [12/Jun/2020:02:27:25 +0700] "GET /assets3/plugins/owl-carousel/owl.theme.css HTTP/1.1" 200 3164 "https://bitrexgo.co.id/login" "Mozilla/5.0 (iPhone; CPU iPhone OS 13_3_1 like Mac OS X) AppleWebKit/605.1.15 (KHTML, like Gecko) Version/13.0.5 Mobile/15E148 Safari/604.1"
66.249.83.122 - - [12/Jun/2020:02:27:25 +0700] "GET /assets3/plugins/yamm/yamm.css HTTP/1.1" 200 2104 "https://bitrexgo.co.id/login" "Mozilla/5.0 (iPhone; CPU iPhone OS 13_3_1 like Mac OS X) AppleWebKit/605.1.15 (KHTML, like Gecko) Version/13.0.5 Mobile/15E148 Safari/604.1"
66.249.83.118 - - [12/Jun/2020:02:27:25 +0700] "GET /assets3/css/theme.css HTTP/1.1" 200 39048 "https://bitrexgo.co.id/login" "Mozilla/5.0 (iPhone; CPU iPhone OS 13_3_1 like Mac OS X) AppleWebKit/605.1.15 (KHTML, like Gecko) Version/13.0.5 Mobile/15E148 Safari/604.1"
66.249.83.122 - - [12/Jun/2020:02:27:25 +0700] "GET /assets3/css/debugging.css HTTP/1.1" 200 427 "https://bitrexgo.co.id/login" "Mozilla/5.0 (iPhone; CPU iPhone OS 13_3_1 like Mac OS X) AppleWebKit/605.1.15 (KHTML, like Gecko) Version/13.0.5 Mobile/15E148 Safari/604.1"
66.249.83.118 - - [12/Jun/2020:02:27:25 +0700] "GET /assets3/plugins/owl-carousel/owl.carousel.css HTTP/1.1" 200 1518 "https://bitrexgo.co.id/login" "Mozilla/5.0 (iPhone; CPU iPhone OS 13_3_1 like Mac OS X) AppleWebKit/605.1.15 (KHTML, like Gecko) Version/13.0.5 Mobile/15E148 Safari/604.1"
66.249.83.118 - - [12/Jun/2020:02:27:25 +0700] "GET /assets3/plugins/prettyphoto/css/prettyPhoto.css HTTP/1.1" 200 19888 "https://bitrexgo.co.id/login" "Mozilla/5.0 (iPhone; CPU iPhone OS 13_3_1 like Mac OS X) AppleWebKit/605.1.15 (KHTML, like Gecko) Version/13.0.5 Mobile/15E148 Safari/604.1"
66.249.83.122 - - [12/Jun/2020:02:27:25 +0700] "GET /assets3/plugins/validation/validation-2.2.min.css HTTP/1.1" 200 3006 "https://bitrexgo.co.id/login" "Mozilla/5.0 (iPhone; CPU iPhone OS 13_3_1 like Mac OS X) AppleWebKit/605.1.15 (KHTML, like Gecko) Version/13.0.5 Mobile/15E148 Safari/604.1"
66.249.83.118 - - [12/Jun/2020:02:27:25 +0700] "GET /assets3/css/responsive.css HTTP/1.1" 200 8550 "https://bitrexgo.co.id/login" "Mozilla/5.0 (iPhone; CPU iPhone OS 13_3_1 like Mac OS X) AppleWebKit/605.1.15 (KHTML, like Gecko) Version/13.0.5 Mobile/15E148 Safari/604.1"
66.249.83.122 - - [12/Jun/2020:02:27:25 +0700] "GET /assets3/plugins/animate/animate.css HTTP/1.1" 200 68796 "https://bitrexgo.co.id/login" "Mozilla/5.0 (iPhone; CPU iPhone OS 13_3_1 like Mac OS X) AppleWebKit/605.1.15 (KHTML, like Gecko) Version/13.0.5 Mobile/15E148 Safari/604.1"
66.249.83.122 - - [12/Jun/2020:02:27:25 +0700] "GET /assets3/css/sidebar.css HTTP/1.1" 200 3406 "https://bitrexgo.co.id/login" "Mozilla/5.0 (iPhone; CPU iPhone OS 13_3_1 like Mac OS X) AppleWebKit/605.1.15 (KHTML, like Gecko) Version/13.0.5 Mobile/15E148 Safari/604.1"
36.78.201.29 - - [12/Jun/2020:02:27:25 +0700] "GET /member/hall-of-fame HTTP/1.1" 200 77424 "https://bitrexgo.co.id/member/tree" "Mozilla/5.0 (Linux; Android 9; vivo 1818) AppleWebKit/537.36 (KHTML, like Gecko) Chrome/78.0.3904.96 Mobile Safari/537.36"
66.249.83.122 - - [12/Jun/2020:02:27:25 +0700] "GET /assets3/fonts/stroke/style.css HTTP/1.1" 200 115263 "https://bitrexgo.co.id/login" "Mozilla/5.0 (iPhone; CPU iPhone OS 13_3_1 like Mac OS X) AppleWebKit/605.1.15 (KHTML, like Gecko) Version/13.0.5 Mobile/15E148 Safari/604.1"
66.249.83.120 - - [12/Jun/2020:02:27:25 +0700] "GET /assets3/plugins/bootstrap/css/bootstrap.css HTTP/1.1" 200 133466 "https://bitrexgo.co.id/login" "Mozilla/5.0 (iPhone; CPU iPhone OS 13_3_1 like Mac OS X) AppleWebKit/605.1.15 (KHTML, like Gecko) Version/13.0.5 Mobile/15E148 Safari/604.1"
66.249.83.120 - - [12/Jun/2020:02:27:25 +0700] "GET /img/KTP.png HTTP/1.1" 200 381299 "https://bitrexgo.co.id/login" "Mozilla/5.0 (iPhone; CPU iPhone OS 13_3_1 like Mac OS X) AppleWebKit/605.1.15 (KHTML, like Gecko) Version/13.0.5 Mobile/15E148 Safari/604.1"
66.249.83.118 - - [12/Jun/2020:02:27:26 +0700] "GET /assets3/css/color.css HTTP/1.1" 200 1332 "https://bitrexgo.co.id/login" "Mozilla/5.0 (iPhone; CPU iPhone OS 13_3_1 like Mac OS X) AppleWebKit/605.1.15 (KHTML, like Gecko) Version/13.0.5 Mobile/15E148 Safari/604.1"
66.249.83.120 - - [12/Jun/2020:02:27:26 +0700] "GET /assets3/media/backgrounds/2.jpg HTTP/1.1" 200 101839 "https://bitrexgo.co.id/assets3/css/theme.css" "Mozilla/5.0 (iPhone; CPU iPhone OS 13_3_1 like Mac OS X) AppleWebKit/605.1.15 (KHTML, like Gecko) Version/13.0.5 Mobile/15E148 Safari/604.1"
66.249.83.118 - - [12/Jun/2020:02:27:26 +0700] "GET /assets1/images/gallery/5.jpg HTTP/1.1" 404 1568 "https://bitrexgo.co.id/login" "Mozilla/5.0 (iPhone; CPU iPhone OS 13_3_1 like Mac OS X) AppleWebKit/605.1.15 (KHTML, like Gecko) Version/13.0.5 Mobile/15E148 Safari/604.1"
66.249.83.122 - - [12/Jun/2020:02:27:26 +0700] "GET /assets1/images/service-0.png HTTP/1.1" 404 1568 "https://bitrexgo.co.id/login" "Mozilla/5.0 (iPhone; CPU iPhone OS 13_3_1 like Mac OS X) AppleWebKit/605.1.15 (KHTML, like Gecko) Version/13.0.5 Mobile/15E148 Safari/604.1"
66.249.83.122 - - [12/Jun/2020:02:27:26 +0700] "GET /assets1/images/gallery/11.jpg HTTP/1.1" 404 1568 "https://bitrexgo.co.id/login" "Mozilla/5.0 (iPhone; CPU iPhone OS 13_3_1 like Mac OS X) AppleWebKit/605.1.15 (KHTML, like Gecko) Version/13.0.5 Mobile/15E148 Safari/604.1"
66.249.83.118 - - [12/Jun/2020:02:27:26 +0700] "GET /assets1/images/pic1.jpg HTTP/1.1" 404 1568 "https://bitrexgo.co.id/login" "Mozilla/5.0 (iPhone; CPU iPhone OS 13_3_1 like Mac OS X) AppleWebKit/605.1.15 (KHTML, like Gecko) Version/13.0.5 Mobile/15E148 Safari/604.1"
36.78.201.29 - - [12/Jun/2020:02:27:25 +0700] "GET /upload/member/image/1585020218E9ywjKI3L40MhQi.png HTTP/1.1" 200 1923112 "https://bitrexgo.co.id/member/hall-of-fame" "Mozilla/5.0 (Linux; Android 9; vivo 1818) AppleWebKit/537.36 (KHTML, like Gecko) Chrome/78.0.3904.96 Mobile Safari/537.36"
66.249.83.63 - - [12/Jun/2020:02:27:27 +0700] "GET /assets/img/trading-community.png HTTP/1.1" 404 1568 "https://bitrexgo.co.id/login" "Mozilla/5.0 (iPhone; CPU iPhone OS 13_3_1 like Mac OS X) AppleWebKit/605.1.15 (KHTML, like Gecko) Version/13.0.5 Mobile/15E148 Safari/604.1"
66.249.83.32 - - [12/Jun/2020:02:27:27 +0700] "GET /assets/img/training-center.jpg HTTP/1.1" 404 1568 "https://bitrexgo.co.id/login" "Mozilla/5.0 (iPhone; CPU iPhone OS 13_3_1 like Mac OS X) AppleWebKit/605.1.15 (KHTML, like Gecko) Version/13.0.5 Mobile/15E148 Safari/604.1"
66.249.83.61 - - [12/Jun/2020:02:27:27 +0700] "GET /assets/img/market-analysis.jpg HTTP/1.1" 404 1568 "https://bitrexgo.co.id/login" "Mozilla/5.0 (iPhone; CPU iPhone OS 13_3_1 like Mac OS X) AppleWebKit/605.1.15 (KHTML, like Gecko) Version/13.0.5 Mobile/15E148 Safari/604.1"
66.249.83.61 - - [12/Jun/2020:02:27:27 +0700] "GET /assets/img/robot-expert-advisor.png HTTP/1.1" 404 1568 "https://bitrexgo.co.id/login" "Mozilla/5.0 (iPhone; CPU iPhone OS 13_3_1 like Mac OS X) AppleWebKit/605.1.15 (KHTML, like Gecko) Version/13.0.5 Mobile/15E148 Safari/604.1"
66.249.83.118 - - [12/Jun/2020:02:27:26 +0700] "GET /img/BGcompro.jpg HTTP/1.1" 200 549447 "https://bitrexgo.co.id/assets3/css/style.css" "Mozilla/5.0 (iPhone; CPU iPhone OS 13_3_1 like Mac OS X) AppleWebKit/605.1.15 (KHTML, like Gecko) Version/13.0.5 Mobile/15E148 Safari/604.1"
::1 - - [12/Jun/2020:02:27:27 +0700] "OPTIONS * HTTP/1.0" 200 - "-" "Apache/2.4.39 () OpenSSL/1.0.2k-fips PHP/7.3.6 (internal dummy connection)"
36.78.201.29 - - [12/Jun/2020:02:27:28 +0700] "GET /member/hall-of-fame?page_1s=2&element=platinum_1 HTTP/1.1" 200 77545 "https://bitrexgo.co.id/member/hall-of-fame" "Mozilla/5.0 (Linux; Android 9; vivo 1818) AppleWebKit/537.36 (KHTML, like Gecko) Chrome/78.0.3904.96 Mobile Safari/537.36"
36.78.201.29 - - [12/Jun/2020:02:27:26 +0700] "GET /upload/member/image/1585023777L3YWJq3rqMeaqMO.png HTTP/1.1" 200 1889614 "https://bitrexgo.co.id/member/hall-of-fame" "Mozilla/5.0 (Linux; Android 9; vivo 1818) AppleWebKit/537.36 (KHTML, like Gecko) Chrome/78.0.3904.96 Mobile Safari/537.36"
36.78.201.29 - - [12/Jun/2020:02:27:25 +0700] "GET /upload/member/image/1585020547OVKMaYTwJIvG8p9.png HTTP/1.1" 200 2514673 "https://bitrexgo.co.id/member/hall-of-fame" "Mozilla/5.0 (Linux; Android 9; vivo 1818) AppleWebKit/537.36 (KHTML, like Gecko) Chrome/78.0.3904.96 Mobile Safari/537.36"
36.78.201.29 - - [12/Jun/2020:02:27:26 +0700] "GET /upload/member/image/15850211277pwdDE6gIJNzMB7.png HTTP/1.1" 200 2523784 "https://bitrexgo.co.id/member/hall-of-fame" "Mozilla/5.0 (Linux; Android 9; vivo 1818) AppleWebKit/537.36 (KHTML, like Gecko) Chrome/78.0.3904.96 Mobile Safari/537.36"
36.78.201.29 - - [12/Jun/2020:02:27:26 +0700] "GET /upload/member/image/1585021716RHkoO0stvikwK9A.png HTTP/1.1" 200 1895546 "https://bitrexgo.co.id/member/hall-of-fame" "Mozilla/5.0 (Linux; Android 9; vivo 1818) AppleWebKit/537.36 (KHTML, like Gecko) Chrome/78.0.3904.96 Mobile Safari/537.36"
::1 - - [12/Jun/2020:02:27:28 +0700] "OPTIONS * HTTP/1.0" 200 - "-" "Apache/2.4.39 () OpenSSL/1.0.2k-fips PHP/7.3.6 (internal dummy connection)"
36.78.201.29 - - [12/Jun/2020:02:27:28 +0700] "GET /upload/member/image/1585020547OVKMaYTwJIvG8p9.png HTTP/1.1" 206 1 "https://bitrexgo.co.id/member/hall-of-fame?page_1s=2&element=platinum_1" "Mozilla/5.0 (Linux; Android 9; vivo 1818) AppleWebKit/537.36 (KHTML, like Gecko) Chrome/78.0.3904.96 Mobile Safari/537.36"
36.78.201.29 - - [12/Jun/2020:02:27:28 +0700] "GET /upload/member/image/1585021716RHkoO0stvikwK9A.png HTTP/1.1" 206 1 "https://bitrexgo.co.id/member/hall-of-fame?page_1s=2&element=platinum_1" "Mozilla/5.0 (Linux; Android 9; vivo 1818) AppleWebKit/537.36 (KHTML, like Gecko) Chrome/78.0.3904.96 Mobile Safari/537.36"
36.78.201.29 - - [12/Jun/2020:02:27:28 +0700] "GET /upload/member/image/1585023777L3YWJq3rqMeaqMO.png HTTP/1.1" 206 1 "https://bitrexgo.co.id/member/hall-of-fame?page_1s=2&element=platinum_1" "Mozilla/5.0 (Linux; Android 9; vivo 1818) AppleWebKit/537.36 (KHTML, like Gecko) Chrome/78.0.3904.96 Mobile Safari/537.36"
36.78.201.29 - - [12/Jun/2020:02:27:28 +0700] "GET /upload/member/image/15850211277pwdDE6gIJNzMB7.png HTTP/1.1" 206 1 "https://bitrexgo.co.id/member/hall-of-fame?page_1s=2&element=platinum_1" "Mozilla/5.0 (Linux; Android 9; vivo 1818) AppleWebKit/537.36 (KHTML, like Gecko) Chrome/78.0.3904.96 Mobile Safari/537.36"
::1 - - [12/Jun/2020:02:27:29 +0700] "OPTIONS * HTTP/1.0" 200 - "-" "Apache/2.4.39 () OpenSSL/1.0.2k-fips PHP/7.3.6 (internal dummy connection)"
::1 - - [12/Jun/2020:02:27:30 +0700] "OPTIONS * HTTP/1.0" 200 - "-" "Apache/2.4.39 () OpenSSL/1.0.2k-fips PHP/7.3.6 (internal dummy connection)"
36.78.201.29 - - [12/Jun/2020:02:27:28 +0700] "GET /upload/member/image/1585021716RHkoO0stvikwK9A.png HTTP/1.1" 206 1682554 "https://bitrexgo.co.id/member/hall-of-fame?page_1s=2&element=platinum_1" "Mozilla/5.0 (Linux; Android 9; vivo 1818) AppleWebKit/537.36 (KHTML, like Gecko) Chrome/78.0.3904.96 Mobile Safari/537.36"
::1 - - [12/Jun/2020:02:27:31 +0700] "OPTIONS * HTTP/1.0" 200 - "-" "Apache/2.4.39 () OpenSSL/1.0.2k-fips PHP/7.3.6 (internal dummy connection)"
::1 - - [12/Jun/2020:02:27:32 +0700] "OPTIONS * HTTP/1.0" 200 - "-" "Apache/2.4.39 () OpenSSL/1.0.2k-fips PHP/7.3.6 (internal dummy connection)"
36.78.201.29 - - [12/Jun/2020:02:27:29 +0700] "GET /upload/member/image/1585023777L3YWJq3rqMeaqMO.png HTTP/1.1" 206 1283406 "https://bitrexgo.co.id/member/hall-of-fame?page_1s=2&element=platinum_1" "Mozilla/5.0 (Linux; Android 9; vivo 1818) AppleWebKit/537.36 (KHTML, like Gecko) Chrome/78.0.3904.96 Mobile Safari/537.36"
36.78.201.29 - - [12/Jun/2020:02:27:28 +0700] "GET /upload/member/image/1585020547OVKMaYTwJIvG8p9.png HTTP/1.1" 206 2121457 "https://bitrexgo.co.id/member/hall-of-fame?page_1s=2&element=platinum_1" "Mozilla/5.0 (Linux; Android 9; vivo 1818) AppleWebKit/537.36 (KHTML, like Gecko) Chrome/78.0.3904.96 Mobile Safari/537.36"
::1 - - [12/Jun/2020:02:27:33 +0700] "OPTIONS * HTTP/1.0" 200 - "-" "Apache/2.4.39 () OpenSSL/1.0.2k-fips PHP/7.3.6 (internal dummy connection)"
36.78.201.29 - - [12/Jun/2020:02:27:28 +0700] "GET /upload/member/image/15850211277pwdDE6gIJNzMB7.png HTTP/1.1" 206 2114184 "https://bitrexgo.co.id/member/hall-of-fame?page_1s=2&element=platinum_1" "Mozilla/5.0 (Linux; Android 9; vivo 1818) AppleWebKit/537.36 (KHTML, like Gecko) Chrome/78.0.3904.96 Mobile Safari/537.36"
::1 - - [12/Jun/2020:02:27:34 +0700] "OPTIONS * HTTP/1.0" 200 - "-" "Apache/2.4.39 () OpenSSL/1.0.2k-fips PHP/7.3.6 (internal dummy connection)"
::1 - - [12/Jun/2020:02:27:35 +0700] "OPTIONS * HTTP/1.0" 200 - "-" "Apache/2.4.39 () OpenSSL/1.0.2k-fips PHP/7.3.6 (internal dummy connection)"
::1 - - [12/Jun/2020:02:27:36 +0700] "OPTIONS * HTTP/1.0" 200 - "-" "Apache/2.4.39 () OpenSSL/1.0.2k-fips PHP/7.3.6 (internal dummy connection)"
::1 - - [12/Jun/2020:02:27:37 +0700] "OPTIONS * HTTP/1.0" 200 - "-" "Apache/2.4.39 () OpenSSL/1.0.2k-fips PHP/7.3.6 (internal dummy connection)"
36.78.201.29 - - [12/Jun/2020:02:27:38 +0700] "GET /member/hall-of-fame?page_2s=5&element=platinum_2 HTTP/1.1" 200 75024 "https://bitrexgo.co.id/member/hall-of-fame?page_1s=2&element=platinum_1" "Mozilla/5.0 (Linux; Android 9; vivo 1818) AppleWebKit/537.36 (KHTML, like Gecko) Chrome/78.0.3904.96 Mobile Safari/537.36"
::1 - - [12/Jun/2020:02:27:38 +0700] "OPTIONS * HTTP/1.0" 200 - "-" "Apache/2.4.39 () OpenSSL/1.0.2k-fips PHP/7.3.6 (internal dummy connection)"
36.78.201.29 - - [12/Jun/2020:02:27:39 +0700] "GET /upload/member/image/1585042781ETRSibdzX1Axvlg.jpeg HTTP/1.1" 304 - "https://bitrexgo.co.id/member/hall-of-fame?page_2s=5&element=platinum_2" "Mozilla/5.0 (Linux; Android 9; vivo 1818) AppleWebKit/537.36 (KHTML, like Gecko) Chrome/78.0.3904.96 Mobile Safari/537.36"
36.78.201.29 - - [12/Jun/2020:02:27:39 +0700] "GET /upload/member/image/1585042872B8weqwFBfuESkVX.jpeg HTTP/1.1" 304 - "https://bitrexgo.co.id/member/hall-of-fame?page_2s=5&element=platinum_2" "Mozilla/5.0 (Linux; Android 9; vivo 1818) AppleWebKit/537.36 (KHTML, like Gecko) Chrome/78.0.3904.96 Mobile Safari/537.36"
36.78.201.29 - - [12/Jun/2020:02:27:39 +0700] "GET /upload/member/image/1585042961SUOi3tm65Ute2Zt.jpg HTTP/1.1" 304 - "https://bitrexgo.co.id/member/hall-of-fame?page_2s=5&element=platinum_2" "Mozilla/5.0 (Linux; Android 9; vivo 1818) AppleWebKit/537.36 (KHTML, like Gecko) Chrome/78.0.3904.96 Mobile Safari/537.36"
36.78.201.29 - - [12/Jun/2020:02:27:39 +0700] "GET /upload/member/image/1585043146NHJ7UlltkvGYd05.png HTTP/1.1" 304 - "https://bitrexgo.co.id/member/hall-of-fame?page_2s=5&element=platinum_2" "Mozilla/5.0 (Linux; Android 9; vivo 1818) AppleWebKit/537.36 (KHTML, like Gecko) Chrome/78.0.3904.96 Mobile Safari/537.36"
36.78.201.29 - - [12/Jun/2020:02:27:39 +0700] "GET /upload/member/image/1585043232aMYG4jE8TzUinTp.jpg HTTP/1.1" 304 - "https://bitrexgo.co.id/member/hall-of-fame?page_2s=5&element=platinum_2" "Mozilla/5.0 (Linux; Android 9; vivo 1818) AppleWebKit/537.36 (KHTML, like Gecko) Chrome/78.0.3904.96 Mobile Safari/537.36"
36.78.201.29 - - [12/Jun/2020:02:27:39 +0700] "GET /upload/member/image/15850430877gWz9gOsaxCMohH.jpg HTTP/1.1" 304 - "https://bitrexgo.co.id/member/hall-of-fame?page_2s=5&element=platinum_2" "Mozilla/5.0 (Linux; Android 9; vivo 1818) AppleWebKit/537.36 (KHTML, like Gecko) Chrome/78.0.3904.96 Mobile Safari/537.36"
36.78.201.29 - - [12/Jun/2020:02:27:39 +0700] "GET /upload/member/image/1585043271UK5VIwxIGfSVals.jpeg HTTP/1.1" 304 - "https://bitrexgo.co.id/member/hall-of-fame?page_2s=5&element=platinum_2" "Mozilla/5.0 (Linux; Android 9; vivo 1818) AppleWebKit/537.36 (KHTML, like Gecko) Chrome/78.0.3904.96 Mobile Safari/537.36"
36.78.201.29 - - [12/Jun/2020:02:27:39 +0700] "GET /upload/member/image/1585043329set1q9hoBzThdUJ.jpg HTTP/1.1" 304 - "https://bitrexgo.co.id/member/hall-of-fame?page_2s=5&element=platinum_2" "Mozilla/5.0 (Linux; Android 9; vivo 1818) AppleWebKit/537.36 (KHTML, like Gecko) Chrome/78.0.3904.96 Mobile Safari/537.36"
36.78.201.29 - - [12/Jun/2020:02:27:39 +0700] "GET /upload/member/image/1585043429kTEZ0a8SgIK59S1.jpg HTTP/1.1" 200 470674 "https://bitrexgo.co.id/member/hall-of-fame?page_2s=5&element=platinum_2" "Mozilla/5.0 (Linux; Android 9; vivo 1818) AppleWebKit/537.36 (KHTML, like Gecko) Chrome/78.0.3904.96 Mobile Safari/537.36"
::1 - - [12/Jun/2020:02:27:39 +0700] "OPTIONS * HTTP/1.0" 200 - "-" "Apache/2.4.39 () OpenSSL/1.0.2k-fips PHP/7.3.6 (internal dummy connection)"
::1 - - [12/Jun/2020:02:27:40 +0700] "OPTIONS * HTTP/1.0" 200 - "-" "Apache/2.4.39 () OpenSSL/1.0.2k-fips PHP/7.3.6 (internal dummy connection)"
::1 - - [12/Jun/2020:02:27:41 +0700] "OPTIONS * HTTP/1.0" 200 - "-" "Apache/2.4.39 () OpenSSL/1.0.2k-fips PHP/7.3.6 (internal dummy connection)"
::1 - - [12/Jun/2020:02:27:42 +0700] "OPTIONS * HTTP/1.0" 200 - "-" "Apache/2.4.39 () OpenSSL/1.0.2k-fips PHP/7.3.6 (internal dummy connection)"
::1 - - [12/Jun/2020:02:27:43 +0700] "OPTIONS * HTTP/1.0" 200 - "-" "Apache/2.4.39 () OpenSSL/1.0.2k-fips PHP/7.3.6 (internal dummy connection)"
::1 - - [12/Jun/2020:02:27:44 +0700] "OPTIONS * HTTP/1.0" 200 - "-" "Apache/2.4.39 () OpenSSL/1.0.2k-fips PHP/7.3.6 (internal dummy connection)"
::1 - - [12/Jun/2020:02:27:45 +0700] "OPTIONS * HTTP/1.0" 200 - "-" "Apache/2.4.39 () OpenSSL/1.0.2k-fips PHP/7.3.6 (internal dummy connection)"
::1 - - [12/Jun/2020:02:27:46 +0700] "OPTIONS * HTTP/1.0" 200 - "-" "Apache/2.4.39 () OpenSSL/1.0.2k-fips PHP/7.3.6 (internal dummy connection)"
36.78.201.29 - - [12/Jun/2020:02:27:47 +0700] "GET /member/hall-of-fame?page_2s=4&element=platinum_2 HTTP/1.1" 200 77547 "https://bitrexgo.co.id/member/hall-of-fame?page_2s=5&element=platinum_2" "Mozilla/5.0 (Linux; Android 9; vivo 1818) AppleWebKit/537.36 (KHTML, like Gecko) Chrome/78.0.3904.96 Mobile Safari/537.36"
36.78.201.29 - - [12/Jun/2020:02:27:47 +0700] "GET /upload/member/image/1585041807y1LPYyUBLsVfD3W.png HTTP/1.1" 304 - "https://bitrexgo.co.id/member/hall-of-fame?page_2s=4&element=platinum_2" "Mozilla/5.0 (Linux; Android 9; vivo 1818) AppleWebKit/537.36 (KHTML, like Gecko) Chrome/78.0.3904.96 Mobile Safari/537.36"
36.78.201.29 - - [12/Jun/2020:02:27:47 +0700] "GET /upload/member/image/1585042124rUWIOA3SRKtNYUl.jpg HTTP/1.1" 304 - "https://bitrexgo.co.id/member/hall-of-fame?page_2s=4&element=platinum_2" "Mozilla/5.0 (Linux; Android 9; vivo 1818) AppleWebKit/537.36 (KHTML, like Gecko) Chrome/78.0.3904.96 Mobile Safari/537.36"
36.78.201.29 - - [12/Jun/2020:02:27:47 +0700] "GET /upload/member/image/1585042186T2AJ7UZwuVK5grW.jpg HTTP/1.1" 304 - "https://bitrexgo.co.id/member/hall-of-fame?page_2s=4&element=platinum_2" "Mozilla/5.0 (Linux; Android 9; vivo 1818) AppleWebKit/537.36 (KHTML, like Gecko) Chrome/78.0.3904.96 Mobile Safari/537.36"
::1 - - [12/Jun/2020:02:27:47 +0700] "OPTIONS * HTTP/1.0" 200 - "-" "Apache/2.4.39 () OpenSSL/1.0.2k-fips PHP/7.3.6 (internal dummy connection)"
36.78.201.29 - - [12/Jun/2020:02:27:47 +0700] "GET /upload/member/image/1585042448yBQA3nZBaeJ6gHU.jpg HTTP/1.1" 304 - "https://bitrexgo.co.id/member/hall-of-fame?page_2s=4&element=platinum_2" "Mozilla/5.0 (Linux; Android 9; vivo 1818) AppleWebKit/537.36 (KHTML, like Gecko) Chrome/78.0.3904.96 Mobile Safari/537.36"
36.78.201.29 - - [12/Jun/2020:02:27:48 +0700] "GET /upload/member/image/1585042579yCgQbP8eTzl7a1P.jpeg HTTP/1.1" 304 - "https://bitrexgo.co.id/member/hall-of-fame?page_2s=4&element=platinum_2" "Mozilla/5.0 (Linux; Android 9; vivo 1818) AppleWebKit/537.36 (KHTML, like Gecko) Chrome/78.0.3904.96 Mobile Safari/537.36"
36.78.201.29 - - [12/Jun/2020:02:27:48 +0700] "GET /upload/member/image/1585042656aZ4Ia3wrTESiU3D.jpg HTTP/1.1" 304 - "https://bitrexgo.co.id/member/hall-of-fame?page_2s=4&element=platinum_2" "Mozilla/5.0 (Linux; Android 9; vivo 1818) AppleWebKit/537.36 (KHTML, like Gecko) Chrome/78.0.3904.96 Mobile Safari/537.36"
::1 - - [12/Jun/2020:02:27:48 +0700] "OPTIONS * HTTP/1.0" 200 - "-" "Apache/2.4.39 () OpenSSL/1.0.2k-fips PHP/7.3.6 (internal dummy connection)"
36.78.201.29 - - [12/Jun/2020:02:27:48 +0700] "GET /upload/member/image/1585042710tt4G3p6Zw2GPBTk.jpg HTTP/1.1" 304 - "https://bitrexgo.co.id/member/hall-of-fame?page_2s=4&element=platinum_2" "Mozilla/5.0 (Linux; Android 9; vivo 1818) AppleWebKit/537.36 (KHTML, like Gecko) Chrome/78.0.3904.96 Mobile Safari/537.36"
36.78.201.29 - - [12/Jun/2020:02:27:47 +0700] "GET /upload/member/image/1585042306WFoy5StH0dVfkYb.jpg HTTP/1.1" 200 379176 "https://bitrexgo.co.id/member/hall-of-fame?page_2s=4&element=platinum_2" "Mozilla/5.0 (Linux; Android 9; vivo 1818) AppleWebKit/537.36 (KHTML, like Gecko) Chrome/78.0.3904.96 Mobile Safari/537.36"
::1 - - [12/Jun/2020:02:27:49 +0700] "OPTIONS * HTTP/1.0" 200 - "-" "Apache/2.4.39 () OpenSSL/1.0.2k-fips PHP/7.3.6 (internal dummy connection)"
36.78.201.29 - - [12/Jun/2020:02:27:47 +0700] "GET /upload/member/image/1585036782GBKr43V7SCcy1LG.png HTTP/1.1" 200 2347573 "https://bitrexgo.co.id/member/hall-of-fame?page_2s=4&element=platinum_2" "Mozilla/5.0 (Linux; Android 9; vivo 1818) AppleWebKit/537.36 (KHTML, like Gecko) Chrome/78.0.3904.96 Mobile Safari/537.36"
::1 - - [12/Jun/2020:02:27:50 +0700] "OPTIONS * HTTP/1.0" 200 - "-" "Apache/2.4.39 () OpenSSL/1.0.2k-fips PHP/7.3.6 (internal dummy connection)"
::1 - - [12/Jun/2020:02:27:51 +0700] "OPTIONS * HTTP/1.0" 200 - "-" "Apache/2.4.39 () OpenSSL/1.0.2k-fips PHP/7.3.6 (internal dummy connection)"
36.78.201.29 - - [12/Jun/2020:02:27:47 +0700] "GET /upload/member/image/15850420624XST3lOUGDwa0eJ.jpeg HTTP/1.1" 200 759846 "https://bitrexgo.co.id/member/hall-of-fame?page_2s=4&element=platinum_2" "Mozilla/5.0 (Linux; Android 9; vivo 1818) AppleWebKit/537.36 (KHTML, like Gecko) Chrome/78.0.3904.96 Mobile Safari/537.36"
36.78.201.29 - - [12/Jun/2020:02:27:47 +0700] "GET /upload/member/image/1585042374h4muVKkp1qASKtg.png HTTP/1.1" 200 825462 "https://bitrexgo.co.id/member/hall-of-fame?page_2s=4&element=platinum_2" "Mozilla/5.0 (Linux; Android 9; vivo 1818) AppleWebKit/537.36 (KHTML, like Gecko) Chrome/78.0.3904.96 Mobile Safari/537.36"
36.78.201.29 - - [12/Jun/2020:02:27:52 +0700] "GET /member/hall-of-fame?page_2s=3&element=platinum_2 HTTP/1.1" 200 77521 "https://bitrexgo.co.id/member/hall-of-fame?page_2s=4&element=platinum_2" "Mozilla/5.0 (Linux; Android 9; vivo 1818) AppleWebKit/537.36 (KHTML, like Gecko) Chrome/78.0.3904.96 Mobile Safari/537.36"
36.78.201.29 - - [12/Jun/2020:02:27:47 +0700] "GET /upload/member/image/1585041966U24wEqZR6QAVGiP.png HTTP/1.1" 200 2657006 "https://bitrexgo.co.id/member/hall-of-fame?page_2s=4&element=platinum_2" "Mozilla/5.0 (Linux; Android 9; vivo 1818) AppleWebKit/537.36 (KHTML, like Gecko) Chrome/78.0.3904.96 Mobile Safari/537.36"
36.78.201.29 - - [12/Jun/2020:02:27:53 +0700] "GET /upload/member/image/1585810207UryPfxSOCQodKiq.jpeg HTTP/1.1" 304 - "https://bitrexgo.co.id/member/hall-of-fame?page_2s=3&element=platinum_2" "Mozilla/5.0 (Linux; Android 9; vivo 1818) AppleWebKit/537.36 (KHTML, like Gecko) Chrome/78.0.3904.96 Mobile Safari/537.36"
36.78.201.29 - - [12/Jun/2020:02:27:53 +0700] "GET /upload/member/image/1585036454fX47ZJeA1GRoqWz.jpeg HTTP/1.1" 304 - "https://bitrexgo.co.id/member/hall-of-fame?page_2s=3&element=platinum_2" "Mozilla/5.0 (Linux; Android 9; vivo 1818) AppleWebKit/537.36 (KHTML, like Gecko) Chrome/78.0.3904.96 Mobile Safari/537.36"
36.78.201.29 - - [12/Jun/2020:02:27:53 +0700] "GET /upload/member/image/1584093297p2fKscM2rSJYKUr.jpg HTTP/1.1" 304 - "https://bitrexgo.co.id/member/hall-of-fame?page_2s=3&element=platinum_2" "Mozilla/5.0 (Linux; Android 9; vivo 1818) AppleWebKit/537.36 (KHTML, like Gecko) Chrome/78.0.3904.96 Mobile Safari/537.36"
36.78.201.29 - - [12/Jun/2020:02:27:53 +0700] "GET /upload/member/image/158503658045IIQRAP1tjdnc1.jpg HTTP/1.1" 304 - "https://bitrexgo.co.id/member/hall-of-fame?page_2s=3&element=platinum_2" "Mozilla/5.0 (Linux; Android 9; vivo 1818) AppleWebKit/537.36 (KHTML, like Gecko) Chrome/78.0.3904.96 Mobile Safari/537.36"
36.78.201.29 - - [12/Jun/2020:02:27:53 +0700] "GET /upload/member/image/1585036631eEiBXVkumSlQAQH.jpg HTTP/1.1" 304 - "https://bitrexgo.co.id/member/hall-of-fame?page_2s=3&element=platinum_2" "Mozilla/5.0 (Linux; Android 9; vivo 1818) AppleWebKit/537.36 (KHTML, like Gecko) Chrome/78.0.3904.96 Mobile Safari/537.36"
36.78.201.29 - - [12/Jun/2020:02:27:53 +0700] "GET /upload/member/image/1585036702gQJ1ucrgc4Rc05I.jpg HTTP/1.1" 304 - "https://bitrexgo.co.id/member/hall-of-fame?page_2s=3&element=platinum_2" "Mozilla/5.0 (Linux; Android 9; vivo 1818) AppleWebKit/537.36 (KHTML, like Gecko) Chrome/78.0.3904.96 Mobile Safari/537.36"
36.78.201.29 - - [12/Jun/2020:02:27:53 +0700] "GET /upload/member/image/1585031758kAtNFm2xGuY2lD2.png HTTP/1.1" 200 216384 "https://bitrexgo.co.id/member/hall-of-fame?page_2s=3&element=platinum_2" "Mozilla/5.0 (Linux; Android 9; vivo 1818) AppleWebKit/537.36 (KHTML, like Gecko) Chrome/78.0.3904.96 Mobile Safari/537.36"
36.78.201.29 - - [12/Jun/2020:02:27:53 +0700] "GET /upload/member/image/1584093798RNAMcLy9u1GfU89.jpg HTTP/1.1" 304 - "https://bitrexgo.co.id/member/hall-of-fame?page_2s=3&element=platinum_2" "Mozilla/5.0 (Linux; Android 9; vivo 1818) AppleWebKit/537.36 (KHTML, like Gecko) Chrome/78.0.3904.96 Mobile Safari/537.36"
36.78.201.29 - - [12/Jun/2020:02:27:53 +0700] "GET /upload/member/image/1585036502rp1JqZVA8hElRE1.png HTTP/1.1" 200 356991 "https://bitrexgo.co.id/member/hall-of-fame?page_2s=3&element=platinum_2" "Mozilla/5.0 (Linux; Android 9; vivo 1818) AppleWebKit/537.36 (KHTML, like Gecko) Chrome/78.0.3904.96 Mobile Safari/537.36"
36.78.201.29 - - [12/Jun/2020:02:27:53 +0700] "GET /upload/member/image/1584093743uX3d363eUJ9j8Gu.JPG HTTP/1.1" 200 1524348 "https://bitrexgo.co.id/member/hall-of-fame?page_2s=3&element=platinum_2" "Mozilla/5.0 (Linux; Android 9; vivo 1818) AppleWebKit/537.36 (KHTML, like Gecko) Chrome/78.0.3904.96 Mobile Safari/537.36"
36.78.201.29 - - [12/Jun/2020:02:27:53 +0700] "GET /upload/member/image/1580310138QcqgWwRkIhUfaEE.JPG HTTP/1.1" 200 3440427 "https://bitrexgo.co.id/member/hall-of-fame?page_2s=3&element=platinum_2" "Mozilla/5.0 (Linux; Android 9; vivo 1818) AppleWebKit/537.36 (KHTML, like Gecko) Chrome/78.0.3904.96 Mobile Safari/537.36"
::1 - - [12/Jun/2020:02:28:00 +0700] "OPTIONS * HTTP/1.0" 200 - "-" "Apache/2.4.39 () OpenSSL/1.0.2k-fips PHP/7.3.6 (internal dummy connection)"
::1 - - [12/Jun/2020:02:28:01 +0700] "OPTIONS * HTTP/1.0" 200 - "-" "Apache/2.4.39 () OpenSSL/1.0.2k-fips PHP/7.3.6 (internal dummy connection)"
::1 - - [12/Jun/2020:02:28:02 +0700] "OPTIONS * HTTP/1.0" 200 - "-" "Apache/2.4.39 () OpenSSL/1.0.2k-fips PHP/7.3.6 (internal dummy connection)"
::1 - - [12/Jun/2020:02:28:03 +0700] "OPTIONS * HTTP/1.0" 200 - "-" "Apache/2.4.39 () OpenSSL/1.0.2k-fips PHP/7.3.6 (internal dummy connection)"
::1 - - [12/Jun/2020:02:28:04 +0700] "OPTIONS * HTTP/1.0" 200 - "-" "Apache/2.4.39 () OpenSSL/1.0.2k-fips PHP/7.3.6 (internal dummy connection)"
36.78.201.29 - - [12/Jun/2020:02:28:06 +0700] "GET /member/hall-of-fame?page_2s=2&element=platinum_2 HTTP/1.1" 200 77525 "https://bitrexgo.co.id/member/hall-of-fame?page_2s=3&element=platinum_2" "Mozilla/5.0 (Linux; Android 9; vivo 1818) AppleWebKit/537.36 (KHTML, like Gecko) Chrome/78.0.3904.96 Mobile Safari/537.36"
36.78.201.29 - - [12/Jun/2020:02:28:45 +0700] "GET /member/hall-of-fame?page_2s=1&element=platinum_2 HTTP/1.1" 200 77539 "https://bitrexgo.co.id/member/hall-of-fame?page_2s=2&element=platinum_2" "Mozilla/5.0 (Linux; Android 9; vivo 1818) AppleWebKit/537.36 (KHTML, like Gecko) Chrome/78.0.3904.96 Mobile Safari/537.36"
36.78.201.29 - - [12/Jun/2020:02:28:58 +0700] "GET /member/hall-of-fame?page_2s=3&element=platinum_2 HTTP/1.1" 200 77521 "https://bitrexgo.co.id/member/hall-of-fame?page_2s=1&element=platinum_2" "Mozilla/5.0 (Linux; Android 9; vivo 1818) AppleWebKit/537.36 (KHTML, like Gecko) Chrome/78.0.3904.96 Mobile Safari/537.36"
36.78.201.29 - - [12/Jun/2020:02:29:04 +0700] "GET /member/hall-of-fame?page_2s=4&element=platinum_2 HTTP/1.1" 200 77547 "https://bitrexgo.co.id/member/hall-of-fame?page_2s=3&element=platinum_2" "Mozilla/5.0 (Linux; Android 9; vivo 1818) AppleWebKit/537.36 (KHTML, like Gecko) Chrome/78.0.3904.96 Mobile Safari/537.36"
36.78.201.29 - - [12/Jun/2020:02:29:04 +0700] "GET /upload/member/image/1585041966U24wEqZR6QAVGiP.png HTTP/1.1" 206 1 "https://bitrexgo.co.id/member/hall-of-fame?page_2s=4&element=platinum_2" "Mozilla/5.0 (Linux; Android 9; vivo 1818) AppleWebKit/537.36 (KHTML, like Gecko) Chrome/78.0.3904.96 Mobile Safari/537.36"
36.78.201.29 - - [12/Jun/2020:02:29:05 +0700] "GET /upload/member/image/1585041966U24wEqZR6QAVGiP.png HTTP/1.1" 206 232174 "https://bitrexgo.co.id/member/hall-of-fame?page_2s=4&element=platinum_2" "Mozilla/5.0 (Linux; Android 9; vivo 1818) AppleWebKit/537.36 (KHTML, like Gecko) Chrome/78.0.3904.96 Mobile Safari/537.36"
36.78.201.29 - - [12/Jun/2020:02:29:16 +0700] "GET /member/hall-of-fame?page_2s=5&element=platinum_2 HTTP/1.1" 200 75024 "https://bitrexgo.co.id/member/hall-of-fame?page_2s=4&element=platinum_2" "Mozilla/5.0 (Linux; Android 9; vivo 1818) AppleWebKit/537.36 (KHTML, like Gecko) Chrome/78.0.3904.96 Mobile Safari/537.36"
36.78.201.29 - - [12/Jun/2020:02:30:36 +0700] "-" 408 - "-" "-"
::1 - - [12/Jun/2020:02:30:38 +0700] "OPTIONS * HTTP/1.0" 200 - "-" "Apache/2.4.39 () OpenSSL/1.0.2k-fips PHP/7.3.6 (internal dummy connection)"
82.196.14.56 - - [12/Jun/2020:02:32:13 +0700] "GET /member/favicon.ico HTTP/1.1" 404 1568 "https://bitrexgo.co.id/member/reward" "Mozilla/5.0 (Linux; Android 10; ELE-L29) AppleWebKit/537.36 (KHTML, like Gecko) Chrome/83.0.4103.101 Mobile Safari/537.36"
114.119.167.107 - - [12/Jun/2020:02:54:08 +0700] "GET /assets/img/codethical.pdf HTTP/1.1" 200 255120 "-" "Mozilla/5.0 (Linux; Android 7.0;) AppleWebKit/537.36 (KHTML, like Gecko) Mobile Safari/537.36 (compatible; PetalBot;+https://aspiegel.com/petalbot)"
114.119.164.213 - - [12/Jun/2020:02:59:52 +0700] "GET /hall-of-fame?page_2s=3 HTTP/1.1" 200 103954 "-" "Mozilla/5.0 (Linux; Android 7.0;) AppleWebKit/537.36 (KHTML, like Gecko) Mobile Safari/537.36 (compatible; PetalBot;+https://aspiegel.com/petalbot)"
89.248.171.97 - - [12/Jun/2020:03:09:45 +0700] "\x16\x03\x01" 400 226 "-" "-"
207.46.13.6 - - [12/Jun/2020:03:10:00 +0700] "GET /hall-of-fame?page_2s=3 HTTP/1.1" 200 104506 "-" "Mozilla/5.0 (compatible; bingbot/2.0; +http://www.bing.com/bingbot.htm)"
66.249.71.158 - - [12/Jun/2020:03:10:19 +0700] "GET /assets3/js/jquery-migrate-1.2.1.js HTTP/1.1" 200 7199 "https://www.bitrexgo.co.id/login" "Mozilla/5.0 AppleWebKit/537.36 (KHTML, like Gecko; compatible; Googlebot/2.1; +http://www.google.com/bot.html) Chrome/83.0.4103.93 Safari/537.36"
66.249.71.158 - - [12/Jun/2020:03:10:20 +0700] "GET /assets3/js/jquery.easing.min.js HTTP/1.1" 200 5555 "https://www.bitrexgo.co.id/login" "Mozilla/5.0 AppleWebKit/537.36 (KHTML, like Gecko; compatible; Googlebot/2.1; +http://www.google.com/bot.html) Chrome/83.0.4103.93 Safari/537.36"
66.249.71.158 - - [12/Jun/2020:03:10:20 +0700] "GET /assets3/js/jquery.prettyPhoto.js HTTP/1.1" 200 21506 "https://www.bitrexgo.co.id/login" "Mozilla/5.0 AppleWebKit/537.36 (KHTML, like Gecko; compatible; Googlebot/2.1; +http://www.google.com/bot.html) Chrome/83.0.4103.93 Safari/537.36"
40.88.21.235 - - [12/Jun/2020:03:23:10 +0700] "GET / HTTP/1.1" 301 231 "http://bitrexgo.co.id/" "Mozilla/5.0 (compatible; DuckDuckGo-Favicons-Bot/1.0; +http://duckduckgo.com)"
40.88.21.235 - - [12/Jun/2020:03:23:11 +0700] "GET / HTTP/1.1" 302 268 "https://bitrexgo.co.id/" "Mozilla/5.0 (compatible; DuckDuckGo-Favicons-Bot/1.0; +http://duckduckgo.com)"
40.88.21.235 - - [12/Jun/2020:03:23:11 +0700] "GET /login HTTP/1.1" 200 74914 "https://bitrexgo.co.id/login" "Mozilla/5.0 (compatible; DuckDuckGo-Favicons-Bot/1.0; +http://duckduckgo.com)"
40.88.21.235 - - [12/Jun/2020:03:23:12 +0700] "GET /assets3/img/favicon.png HTTP/1.1" 200 18904 "https://bitrexgo.co.id/assets3/img/favicon.png" "Mozilla/5.0 (compatible; DuckDuckGo-Favicons-Bot/1.0; +http://duckduckgo.com)"
92.63.194.102 - - [12/Jun/2020:03:33:16 +0700] "\x03" 400 226 "-" "-"
192.254.213.49 - - [12/Jun/2020:03:39:08 +0700] "POST /api/v1/login HTTP/1.1" 200 724 "-" "-"
66.249.71.113 - - [12/Jun/2020:03:49:49 +0700] "GET /robots.txt HTTP/1.1" 302 214 "-" "Mozilla/5.0 (compatible; Googlebot/2.1; +http://www.google.com/bot.html)"
66.249.71.125 - - [12/Jun/2020:03:49:49 +0700] "GET /robots.txt HTTP/1.1" 403 219 "-" "Mozilla/5.0 (compatible; Googlebot/2.1; +http://www.google.com/bot.html)"
66.249.71.111 - - [12/Jun/2020:03:49:49 +0700] "GET / HTTP/1.1" 302 204 "-" "Mozilla/5.0 (compatible; Googlebot/2.1; +http://www.google.com/bot.html)"
66.249.71.127 - - [12/Jun/2020:03:49:50 +0700] "GET / HTTP/1.1" 403 3630 "-" "Mozilla/5.0 (compatible; Googlebot/2.1; +http://www.google.com/bot.html)"
66.249.79.194 - - [12/Jun/2020:03:53:46 +0700] "GET /contact HTTP/1.1" 404 1568 "-" "Mozilla/5.0 (Linux; Android 6.0.1; Nexus 5X Build/MMB29P) AppleWebKit/537.36 (KHTML, like Gecko) Chrome/80.0.3987.92 Mobile Safari/537.36 (compatible; Googlebot/2.1; +http://www.google.com/bot.html)"
66.249.71.158 - - [12/Jun/2020:03:53:47 +0700] "GET /gallery/0 HTTP/1.1" 404 1568 "-" "Mozilla/5.0 (Linux; Android 6.0.1; Nexus 5X Build/MMB29P) AppleWebKit/537.36 (KHTML, like Gecko) Chrome/80.0.3987.92 Mobile Safari/537.36 (compatible; Googlebot/2.1; +http://www.google.com/bot.html)"
66.249.71.129 - - [12/Jun/2020:03:53:48 +0700] "GET /content/EVENT/0 HTTP/1.1" 404 1568 "-" "Mozilla/5.0 (Linux; Android 6.0.1; Nexus 5X Build/MMB29P) AppleWebKit/537.36 (KHTML, like Gecko) Chrome/80.0.3987.92 Mobile Safari/537.36 (compatible; Googlebot/2.1; +http://www.google.com/bot.html)"
195.154.114.140 - - [12/Jun/2020:03:54:31 +0700] "GET /wordpress/wp-login.php HTTP/1.1" 301 253 "-" "Mozilla/5.0 (X11; Ubuntu; Linux x86_64; rv:62.0) Gecko/20100101 Firefox/62.0"
195.154.114.140 - - [12/Jun/2020:03:54:32 +0700] "GET /wordpress/wp-login.php HTTP/1.1" 404 1568 "http://bitrexgo.co.id/wordpress/wp-login.php" "Mozilla/5.0 (X11; Ubuntu; Linux x86_64; rv:62.0) Gecko/20100101 Firefox/62.0"
116.72.128.109 - - [12/Jun/2020:04:00:51 +0700] "GET / HTTP/1.1" 400 226 "-" "-"
66.249.75.55 - - [12/Jun/2020:04:03:47 +0700] "GET / HTTP/1.1" 302 268 "-" "Mozilla/5.0 (Linux; Android 6.0.1; Nexus 5X Build/MMB29P) AppleWebKit/537.36 (KHTML, like Gecko) Chrome/80.0.3987.92 Mobile Safari/537.36 (compatible; Googlebot/2.1; +http://www.google.com/bot.html)"
66.249.75.57 - - [12/Jun/2020:04:03:48 +0700] "GET /login HTTP/1.1" 200 74914 "-" "Mozilla/5.0 (Linux; Android 6.0.1; Nexus 5X Build/MMB29P) AppleWebKit/537.36 (KHTML, like Gecko) Chrome/80.0.3987.92 Mobile Safari/537.36 (compatible; Googlebot/2.1; +http://www.google.com/bot.html)"
66.249.75.55 - - [12/Jun/2020:04:03:56 +0700] "GET /assets2/js/moment.js HTTP/1.1" 200 150940 "https://bitrexgo.co.id/login" "Mozilla/5.0 (Linux; Android 6.0.1; Nexus 5X Build/MMB29P) AppleWebKit/537.36 (KHTML, like Gecko) Chrome/83.0.4103.93 Mobile Safari/537.36 (compatible; Googlebot/2.1; +http://www.google.com/bot.html)"
66.249.75.159 - - [12/Jun/2020:04:09:45 +0700] "GET /assets/img/trading-community.png HTTP/1.1" 404 1568 "-" "Googlebot-Image/1.0"
66.249.75.157 - - [12/Jun/2020:04:09:47 +0700] "GET /assets/img/training-center.jpg HTTP/1.1" 404 1568 "-" "Googlebot-Image/1.0"
66.249.75.159 - - [12/Jun/2020:04:09:55 +0700] "GET /assets/img/market-analysis.jpg HTTP/1.1" 404 1568 "-" "Googlebot-Image/1.0"
66.249.75.57 - - [12/Jun/2020:04:09:56 +0700] "GET /validate-unique-email?email= HTTP/1.1" 200 17 "-" "Mozilla/5.0 (Linux; Android 6.0.1; Nexus 5X Build/MMB29P) AppleWebKit/537.36 (KHTML, like Gecko) Chrome/80.0.3987.92 Mobile Safari/537.36 (compatible; Googlebot/2.1; +http://www.google.com/bot.html)"
66.249.75.55 - - [12/Jun/2020:04:09:57 +0700] "GET /assets3/Surat_Himbauan_Covid-19-revisi_2.pdf HTTP/1.1" 200 249340 "-" "Mozilla/5.0 (Linux; Android 6.0.1; Nexus 5X Build/MMB29P) AppleWebKit/537.36 (KHTML, like Gecko) Chrome/80.0.3987.92 Mobile Safari/537.36 (compatible; Googlebot/2.1; +http://www.google.com/bot.html)"
66.249.75.55 - - [12/Jun/2020:04:09:58 +0700] "GET /member/testimonial/store HTTP/1.1" 405 630 "-" "Mozilla/5.0 (Linux; Android 6.0.1; Nexus 5X Build/MMB29P) AppleWebKit/537.36 (KHTML, like Gecko) Chrome/80.0.3987.92 Mobile Safari/537.36 (compatible; Googlebot/2.1; +http://www.google.com/bot.html)"
66.249.75.59 - - [12/Jun/2020:04:09:59 +0700] "GET /validate-exist-user?username= HTTP/1.1" 200 16 "-" "Mozilla/5.0 (Linux; Android 6.0.1; Nexus 5X Build/MMB29P) AppleWebKit/537.36 (KHTML, like Gecko) Chrome/80.0.3987.92 Mobile Safari/537.36 (compatible; Googlebot/2.1; +http://www.google.com/bot.html)"
66.249.75.55 - - [12/Jun/2020:04:10:00 +0700] "GET /validate-unique-user?username= HTTP/1.1" 200 16 "-" "Mozilla/5.0 (Linux; Android 6.0.1; Nexus 5X Build/MMB29P) AppleWebKit/537.36 (KHTML, like Gecko) Chrome/80.0.3987.92 Mobile Safari/537.36 (compatible; Googlebot/2.1; +http://www.google.com/bot.html)"
66.249.75.157 - - [12/Jun/2020:04:19:56 +0700] "GET /assets/img/robot-expert-advisor.png HTTP/1.1" 404 1568 "-" "Googlebot-Image/1.0"
66.220.149.24 - - [12/Jun/2020:04:20:37 +0700] "GET /login HTTP/1.1" 200 75094 "-" "facebookexternalhit/1.1 (+http://www.facebook.com/externalhit_uatext.php)"
110.139.187.184 - - [12/Jun/2020:04:29:52 +0700] "GET / HTTP/1.1" 301 231 "https://l.instagram.com/" "Mozilla/5.0 (Linux; Android 9; Redmi 8 Build/PKQ1.190319.001; wv) AppleWebKit/537.36 (KHTML, like Gecko) Version/4.0 Chrome/83.0.4103.96 Mobile Safari/537.36 Instagram 144.0.0.25.119 Android (28/9; 320dpi; 720x1369; Xiaomi; Redmi 8; olive; qcom; en_GB; 217948980)"
110.139.187.184 - - [12/Jun/2020:04:29:52 +0700] "GET / HTTP/1.1" 302 268 "https://l.instagram.com/" "Mozilla/5.0 (Linux; Android 9; Redmi 8 Build/PKQ1.190319.001; wv) AppleWebKit/537.36 (KHTML, like Gecko) Version/4.0 Chrome/83.0.4103.96 Mobile Safari/537.36 Instagram 144.0.0.25.119 Android (28/9; 320dpi; 720x1369; Xiaomi; Redmi 8; olive; qcom; en_GB; 217948980)"
110.139.187.184 - - [12/Jun/2020:04:29:52 +0700] "GET /login HTTP/1.1" 200 74914 "https://l.instagram.com/" "Mozilla/5.0 (Linux; Android 9; Redmi 8 Build/PKQ1.190319.001; wv) AppleWebKit/537.36 (KHTML, like Gecko) Version/4.0 Chrome/83.0.4103.96 Mobile Safari/537.36 Instagram 144.0.0.25.119 Android (28/9; 320dpi; 720x1369; Xiaomi; Redmi 8; olive; qcom; en_GB; 217948980)"
110.139.187.184 - - [12/Jun/2020:04:29:52 +0700] "GET /assets3/css/master.css HTTP/1.1" 200 1336 "https://bitrexgo.co.id/login" "Mozilla/5.0 (Linux; Android 9; Redmi 8 Build/PKQ1.190319.001; wv) AppleWebKit/537.36 (KHTML, like Gecko) Version/4.0 Chrome/83.0.4103.96 Mobile Safari/537.36 Instagram 144.0.0.25.119 Android (28/9; 320dpi; 720x1369; Xiaomi; Redmi 8; olive; qcom; en_GB; 217948980)"
110.139.187.184 - - [12/Jun/2020:04:29:52 +0700] "GET /assets3/css/style.css HTTP/1.1" 200 2695 "https://bitrexgo.co.id/login" "Mozilla/5.0 (Linux; Android 9; Redmi 8 Build/PKQ1.190319.001; wv) AppleWebKit/537.36 (KHTML, like Gecko) Version/4.0 Chrome/83.0.4103.96 Mobile Safari/537.36 Instagram 144.0.0.25.119 Android (28/9; 320dpi; 720x1369; Xiaomi; Redmi 8; olive; qcom; en_GB; 217948980)"
110.139.187.184 - - [12/Jun/2020:04:29:52 +0700] "GET /assets2/css/select2.css HTTP/1.1" 200 15400 "https://bitrexgo.co.id/login" "Mozilla/5.0 (Linux; Android 9; Redmi 8 Build/PKQ1.190319.001; wv) AppleWebKit/537.36 (KHTML, like Gecko) Version/4.0 Chrome/83.0.4103.96 Mobile Safari/537.36 Instagram 144.0.0.25.119 Android (28/9; 320dpi; 720x1369; Xiaomi; Redmi 8; olive; qcom; en_GB; 217948980)"
110.139.187.184 - - [12/Jun/2020:04:29:52 +0700] "GET /assets3/css/switcher.css HTTP/1.1" 200 10884 "https://bitrexgo.co.id/login" "Mozilla/5.0 (Linux; Android 9; Redmi 8 Build/PKQ1.190319.001; wv) AppleWebKit/537.36 (KHTML, like Gecko) Version/4.0 Chrome/83.0.4103.96 Mobile Safari/537.36 Instagram 144.0.0.25.119 Android (28/9; 320dpi; 720x1369; Xiaomi; Redmi 8; olive; qcom; en_GB; 217948980)"
110.139.187.184 - - [12/Jun/2020:04:29:52 +0700] "GET /assets2/plugins/bootstrap-material-datetimepicker/css/bootstrap-material-datetimepicker.css HTTP/1.1" 200 3051 "https://bitrexgo.co.id/login" "Mozilla/5.0 (Linux; Android 9; Redmi 8 Build/PKQ1.190319.001; wv) AppleWebKit/537.36 (KHTML, like Gecko) Version/4.0 Chrome/83.0.4103.96 Mobile Safari/537.36 Instagram 144.0.0.25.119 Android (28/9; 320dpi; 720x1369; Xiaomi; Redmi 8; olive; qcom; en_GB; 217948980)"
110.139.187.184 - - [12/Jun/2020:04:29:52 +0700] "GET /assets3/fonts/font-awesome/css/font-awesome.min.css HTTP/1.1" 200 26711 "https://bitrexgo.co.id/login" "Mozilla/5.0 (Linux; Android 9; Redmi 8 Build/PKQ1.190319.001; wv) AppleWebKit/537.36 (KHTML, like Gecko) Version/4.0 Chrome/83.0.4103.96 Mobile Safari/537.36 Instagram 144.0.0.25.119 Android (28/9; 320dpi; 720x1369; Xiaomi; Redmi 8; olive; qcom; en_GB; 217948980)"
110.139.187.184 - - [12/Jun/2020:04:29:52 +0700] "GET /assets3/fonts/stroke/style.css HTTP/1.1" 200 115263 "https://bitrexgo.co.id/login" "Mozilla/5.0 (Linux; Android 9; Redmi 8 Build/PKQ1.190319.001; wv) AppleWebKit/537.36 (KHTML, like Gecko) Version/4.0 Chrome/83.0.4103.96 Mobile Safari/537.36 Instagram 144.0.0.25.119 Android (28/9; 320dpi; 720x1369; Xiaomi; Redmi 8; olive; qcom; en_GB; 217948980)"
110.139.187.184 - - [12/Jun/2020:04:29:52 +0700] "GET /assets3/plugins/sliderpro/css/slider-pro.css HTTP/1.1" 200 15753 "https://bitrexgo.co.id/login" "Mozilla/5.0 (Linux; Android 9; Redmi 8 Build/PKQ1.190319.001; wv) AppleWebKit/537.36 (KHTML, like Gecko) Version/4.0 Chrome/83.0.4103.96 Mobile Safari/537.36 Instagram 144.0.0.25.119 Android (28/9; 320dpi; 720x1369; Xiaomi; Redmi 8; olive; qcom; en_GB; 217948980)"
110.139.187.184 - - [12/Jun/2020:04:29:52 +0700] "GET /assets3/js/jquery-1.11.3.min.js HTTP/1.1" 200 95957 "https://bitrexgo.co.id/login" "Mozilla/5.0 (Linux; Android 9; Redmi 8 Build/PKQ1.190319.001; wv) AppleWebKit/537.36 (KHTML, like Gecko) Version/4.0 Chrome/83.0.4103.96 Mobile Safari/537.36 Instagram 144.0.0.25.119 Android (28/9; 320dpi; 720x1369; Xiaomi; Redmi 8; olive; qcom; en_GB; 217948980)"
110.139.187.184 - - [12/Jun/2020:04:29:52 +0700] "GET /assets3/plugins/isotope/isotope.css HTTP/1.1" 200 4435 "https://bitrexgo.co.id/login" "Mozilla/5.0 (Linux; Android 9; Redmi 8 Build/PKQ1.190319.001; wv) AppleWebKit/537.36 (KHTML, like Gecko) Version/4.0 Chrome/83.0.4103.96 Mobile Safari/537.36 Instagram 144.0.0.25.119 Android (28/9; 320dpi; 720x1369; Xiaomi; Redmi 8; olive; qcom; en_GB; 217948980)"
110.139.187.184 - - [12/Jun/2020:04:29:52 +0700] "GET /assets3/plugins/bootstrap/css/bootstrap.css HTTP/1.1" 200 133466 "https://bitrexgo.co.id/login" "Mozilla/5.0 (Linux; Android 9; Redmi 8 Build/PKQ1.190319.001; wv) AppleWebKit/537.36 (KHTML, like Gecko) Version/4.0 Chrome/83.0.4103.96 Mobile Safari/537.36 Instagram 144.0.0.25.119 Android (28/9; 320dpi; 720x1369; Xiaomi; Redmi 8; olive; qcom; en_GB; 217948980)"
110.139.187.184 - - [12/Jun/2020:04:29:52 +0700] "GET /assets3/plugins/validation/validation-2.2.min.css HTTP/1.1" 200 3006 "https://bitrexgo.co.id/login" "Mozilla/5.0 (Linux; Android 9; Redmi 8 Build/PKQ1.190319.001; wv) AppleWebKit/537.36 (KHTML, like Gecko) Version/4.0 Chrome/83.0.4103.96 Mobile Safari/537.36 Instagram 144.0.0.25.119 Android (28/9; 320dpi; 720x1369; Xiaomi; Redmi 8; olive; qcom; en_GB; 217948980)"
