120.188.7.63 - - [12/Jun/2020:01:51:31 +0700] "GET /img/KTP.png HTTP/1.1" 200 381299 "https://bitrexgo.co.id/login" "Mozilla/5.0 (Linux; Android 7.0; SM-T719Y) AppleWebKit/537.36 (KHTML, like Gecko) Chrome/80.0.3987.149 Safari/537.36"
120.188.7.63 - - [12/Jun/2020:01:51:32 +0700] "GET /assets3/media/backgrounds/2.jpg HTTP/1.1" 200 101839 "https://bitrexgo.co.id/assets3/css/theme.css" "Mozilla/5.0 (Linux; Android 7.0; SM-T719Y) AppleWebKit/537.36 (KHTML, like Gecko) Chrome/80.0.3987.149 Safari/537.36"
120.188.7.63 - - [12/Jun/2020:01:51:32 +0700] "GET /api/ebook/ebooks HTTP/1.1" 200 2459 "https://bitrexgo.co.id/login" "Mozilla/5.0 (Linux; Android 7.0; SM-T719Y) AppleWebKit/537.36 (KHTML, like Gecko) Chrome/80.0.3987.149 Safari/537.36"
120.188.7.63 - - [12/Jun/2020:01:51:32 +0700] "GET /img/BGcompro.jpg HTTP/1.1" 200 549447 "https://bitrexgo.co.id/assets3/css/style.css" "Mozilla/5.0 (Linux; Android 7.0; SM-T719Y) AppleWebKit/537.36 (KHTML, like Gecko) Chrome/80.0.3987.149 Safari/537.36"
120.188.7.63 - - [12/Jun/2020:01:51:32 +0700] "GET /member/shipping/province HTTP/1.1" 200 1184 "https://bitrexgo.co.id/login" "Mozilla/5.0 (Linux; Android 7.0; SM-T719Y) AppleWebKit/537.36 (KHTML, like Gecko) Chrome/80.0.3987.149 Safari/537.36"
120.188.7.63 - - [12/Jun/2020:01:51:32 +0700] "GET /assets/img/robot-expert-advisor.png HTTP/1.1" 404 1568 "https://bitrexgo.co.id/login" "Mozilla/5.0 (Linux; Android 7.0; SM-T719Y) AppleWebKit/537.36 (KHTML, like Gecko) Chrome/80.0.3987.149 Safari/537.36"
120.188.7.63 - - [12/Jun/2020:01:51:32 +0700] "GET /assets/img/training-center.jpg HTTP/1.1" 404 1568 "https://bitrexgo.co.id/login" "Mozilla/5.0 (Linux; Android 7.0; SM-T719Y) AppleWebKit/537.36 (KHTML, like Gecko) Chrome/80.0.3987.149 Safari/537.36"
120.188.7.63 - - [12/Jun/2020:01:51:32 +0700] "GET /assets1/images/gallery/11.jpg HTTP/1.1" 404 1568 "https://bitrexgo.co.id/login" "Mozilla/5.0 (Linux; Android 7.0; SM-T719Y) AppleWebKit/537.36 (KHTML, like Gecko) Chrome/80.0.3987.149 Safari/537.36"
120.188.7.63 - - [12/Jun/2020:01:51:32 +0700] "GET /assets/img/market-analysis.jpg HTTP/1.1" 404 1568 "https://bitrexgo.co.id/login" "Mozilla/5.0 (Linux; Android 7.0; SM-T719Y) AppleWebKit/537.36 (KHTML, like Gecko) Chrome/80.0.3987.149 Safari/537.36"
120.188.7.63 - - [12/Jun/2020:01:51:32 +0700] "GET /assets1/images/gallery/5.jpg HTTP/1.1" 404 1568 "https://bitrexgo.co.id/login" "Mozilla/5.0 (Linux; Android 7.0; SM-T719Y) AppleWebKit/537.36 (KHTML, like Gecko) Chrome/80.0.3987.149 Safari/537.36"
120.188.7.63 - - [12/Jun/2020:01:51:32 +0700] "GET /assets/img/trading-community.png HTTP/1.1" 404 1568 "https://bitrexgo.co.id/login" "Mozilla/5.0 (Linux; Android 7.0; SM-T719Y) AppleWebKit/537.36 (KHTML, like Gecko) Chrome/80.0.3987.149 Safari/537.36"
120.188.7.63 - - [12/Jun/2020:01:51:32 +0700] "GET /api/ebook/ebooks HTTP/1.1" 200 2459 "https://bitrexgo.co.id/login" "Mozilla/5.0 (Linux; Android 7.0; SM-T719Y) AppleWebKit/537.36 (KHTML, like Gecko) Chrome/80.0.3987.149 Safari/537.36"
120.188.7.63 - - [12/Jun/2020:01:51:33 +0700] "GET /assets3/img/favicon.png HTTP/1.1" 200 18904 "https://bitrexgo.co.id/login" "Mozilla/5.0 (Linux; Android 7.0; SM-T719Y) AppleWebKit/537.36 (KHTML, like Gecko) Chrome/80.0.3987.149 Safari/537.36"
::1 - - [12/Jun/2020:01:51:33 +0700] "OPTIONS * HTTP/1.0" 200 - "-" "Apache/2.4.39 () OpenSSL/1.0.2k-fips PHP/7.3.6 (internal dummy connection)"
::1 - - [12/Jun/2020:01:51:37 +0700] "OPTIONS * HTTP/1.0" 200 - "-" "Apache/2.4.39 () OpenSSL/1.0.2k-fips PHP/7.3.6 (internal dummy connection)"
::1 - - [12/Jun/2020:01:51:38 +0700] "OPTIONS * HTTP/1.0" 200 - "-" "Apache/2.4.39 () OpenSSL/1.0.2k-fips PHP/7.3.6 (internal dummy connection)"
::1 - - [12/Jun/2020:01:51:39 +0700] "OPTIONS * HTTP/1.0" 200 - "-" "Apache/2.4.39 () OpenSSL/1.0.2k-fips PHP/7.3.6 (internal dummy connection)"
36.76.245.169 - - [12/Jun/2020:01:51:39 +0700] "GET /member/hall-of-fame HTTP/1.1" 200 77409 "https://bitrexgo.co.id/member/tree" "Mozilla/5.0 (Windows NT 10.0; Win64; x64) AppleWebKit/537.36 (KHTML, like Gecko) Chrome/83.0.4103.97 Safari/537.36"
36.76.245.169 - - [12/Jun/2020:01:51:39 +0700] "GET /assets3/img/hof.png HTTP/1.1" 200 125419 "https://bitrexgo.co.id/member/hall-of-fame" "Mozilla/5.0 (Windows NT 10.0; Win64; x64) AppleWebKit/537.36 (KHTML, like Gecko) Chrome/83.0.4103.97 Safari/537.36"
36.76.245.169 - - [12/Jun/2020:01:51:39 +0700] "GET /upload/member/image/158502219421KjwYOx2TINv0I.png HTTP/1.1" 200 153037 "https://bitrexgo.co.id/member/hall-of-fame" "Mozilla/5.0 (Windows NT 10.0; Win64; x64) AppleWebKit/537.36 (KHTML, like Gecko) Chrome/83.0.4103.97 Safari/537.36"
36.76.245.169 - - [12/Jun/2020:01:51:40 +0700] "GET /assets3/img/hero-fallback.jpg HTTP/1.1" 200 302447 "https://bitrexgo.co.id/member/hall-of-fame" "Mozilla/5.0 (Windows NT 10.0; Win64; x64) AppleWebKit/537.36 (KHTML, like Gecko) Chrome/83.0.4103.97 Safari/537.36"
36.76.245.169 - - [12/Jun/2020:01:51:39 +0700] "GET /assets3/img/Director1.png HTTP/1.1" 200 648999 "https://bitrexgo.co.id/member/hall-of-fame" "Mozilla/5.0 (Windows NT 10.0; Win64; x64) AppleWebKit/537.36 (KHTML, like Gecko) Chrome/83.0.4103.97 Safari/537.36"
36.76.245.169 - - [12/Jun/2020:01:51:40 +0700] "GET /upload/member/image/1585230891vU8H8Y3DJtonF4R.jpeg HTTP/1.1" 200 80340 "https://bitrexgo.co.id/member/hall-of-fame" "Mozilla/5.0 (Windows NT 10.0; Win64; x64) AppleWebKit/537.36 (KHTML, like Gecko) Chrome/83.0.4103.97 Safari/537.36"
36.76.245.169 - - [12/Jun/2020:01:51:39 +0700] "GET /upload/member/image/1585020461T9cifIPuzvKmLaH.png HTTP/1.1" 200 715997 "https://bitrexgo.co.id/member/hall-of-fame" "Mozilla/5.0 (Windows NT 10.0; Win64; x64) AppleWebKit/537.36 (KHTML, like Gecko) Chrome/83.0.4103.97 Safari/537.36"
36.76.245.169 - - [12/Jun/2020:01:51:39 +0700] "GET /assets3/img/Director2.png HTTP/1.1" 200 684022 "https://bitrexgo.co.id/member/hall-of-fame" "Mozilla/5.0 (Windows NT 10.0; Win64; x64) AppleWebKit/537.36 (KHTML, like Gecko) Chrome/83.0.4103.97 Safari/537.36"
36.76.245.169 - - [12/Jun/2020:01:51:40 +0700] "GET /upload/member/image/1585021036PUDCETTvG4MX2V1.png HTTP/1.1" 200 604687 "https://bitrexgo.co.id/member/hall-of-fame" "Mozilla/5.0 (Windows NT 10.0; Win64; x64) AppleWebKit/537.36 (KHTML, like Gecko) Chrome/83.0.4103.97 Safari/537.36"
36.76.245.169 - - [12/Jun/2020:01:51:41 +0700] "GET /upload/member/image/1585021209xHwL7hEcrDHaZPD.png HTTP/1.1" 200 173150 "https://bitrexgo.co.id/member/hall-of-fame" "Mozilla/5.0 (Windows NT 10.0; Win64; x64) AppleWebKit/537.36 (KHTML, like Gecko) Chrome/83.0.4103.97 Safari/537.36"
36.76.245.169 - - [12/Jun/2020:01:51:41 +0700] "GET /upload/member/image/15850219633t0t3gGyGwfhZbt.png HTTP/1.1" 200 166523 "https://bitrexgo.co.id/member/hall-of-fame" "Mozilla/5.0 (Windows NT 10.0; Win64; x64) AppleWebKit/537.36 (KHTML, like Gecko) Chrome/83.0.4103.97 Safari/537.36"
36.76.245.169 - - [12/Jun/2020:01:51:42 +0700] "GET /member/ebook HTTP/1.1" 200 33637 "https://bitrexgo.co.id/member/hall-of-fame" "Mozilla/5.0 (Windows NT 10.0; Win64; x64) AppleWebKit/537.36 (KHTML, like Gecko) Chrome/83.0.4103.97 Safari/537.36"
36.76.245.169 - - [12/Jun/2020:01:51:40 +0700] "GET /upload/member/image/1585020832XiATzZvMMU9kONy.png HTTP/1.1" 200 914286 "https://bitrexgo.co.id/member/hall-of-fame" "Mozilla/5.0 (Windows NT 10.0; Win64; x64) AppleWebKit/537.36 (KHTML, like Gecko) Chrome/83.0.4103.97 Safari/537.36"
36.76.245.169 - - [12/Jun/2020:01:51:42 +0700] "GET /upload/member/image/1585021586gCxsgarqMpKhCP6.png HTTP/1.1" 200 564356 "https://bitrexgo.co.id/member/hall-of-fame" "Mozilla/5.0 (Windows NT 10.0; Win64; x64) AppleWebKit/537.36 (KHTML, like Gecko) Chrome/83.0.4103.97 Safari/537.36"
36.76.245.169 - - [12/Jun/2020:01:51:43 +0700] "GET /upload/member/image/1585026121P2OQ22GOoJr0Dmx.jpg HTTP/1.1" 200 34463 "https://bitrexgo.co.id/member/hall-of-fame" "Mozilla/5.0 (Windows NT 10.0; Win64; x64) AppleWebKit/537.36 (KHTML, like Gecko) Chrome/83.0.4103.97 Safari/537.36"
36.76.245.169 - - [12/Jun/2020:01:51:39 +0700] "GET /upload/member/image/1585020218E9ywjKI3L40MhQi.png HTTP/1.1" 200 1923112 "https://bitrexgo.co.id/member/hall-of-fame" "Mozilla/5.0 (Windows NT 10.0; Win64; x64) AppleWebKit/537.36 (KHTML, like Gecko) Chrome/83.0.4103.97 Safari/537.36"
36.76.245.169 - - [12/Jun/2020:01:51:43 +0700] "GET /upload/member/image/1585022497BzaXnGkoYKVSKPh.png HTTP/1.1" 200 111034 "https://bitrexgo.co.id/member/hall-of-fame" "Mozilla/5.0 (Windows NT 10.0; Win64; x64) AppleWebKit/537.36 (KHTML, like Gecko) Chrome/83.0.4103.97 Safari/537.36"
36.76.245.169 - - [12/Jun/2020:01:51:43 +0700] "GET /upload/member/image/1585022610AHFnbLKLAbEche9.png HTTP/1.1" 200 385568 "https://bitrexgo.co.id/member/hall-of-fame" "Mozilla/5.0 (Windows NT 10.0; Win64; x64) AppleWebKit/537.36 (KHTML, like Gecko) Chrome/83.0.4103.97 Safari/537.36"
36.76.245.169 - - [12/Jun/2020:01:51:43 +0700] "GET /assets3/img/Platinum3.png HTTP/1.1" 200 524453 "https://bitrexgo.co.id/member/hall-of-fame" "Mozilla/5.0 (Windows NT 10.0; Win64; x64) AppleWebKit/537.36 (KHTML, like Gecko) Chrome/83.0.4103.97 Safari/537.36"
36.76.245.169 - - [12/Jun/2020:01:51:44 +0700] "GET /upload/member/image/1585640753v1gDA5AmErNHGKk.jpeg HTTP/1.1" 200 27786 "https://bitrexgo.co.id/member/hall-of-fame" "Mozilla/5.0 (Windows NT 10.0; Win64; x64) AppleWebKit/537.36 (KHTML, like Gecko) Chrome/83.0.4103.97 Safari/537.36"
36.76.245.169 - - [12/Jun/2020:01:51:43 +0700] "GET /upload/member/image/15850312483gkwzgV7haMmCIJ.png HTTP/1.1" 200 590095 "https://bitrexgo.co.id/member/hall-of-fame" "Mozilla/5.0 (Windows NT 10.0; Win64; x64) AppleWebKit/537.36 (KHTML, like Gecko) Chrome/83.0.4103.97 Safari/537.36"
36.76.245.169 - - [12/Jun/2020:01:51:44 +0700] "GET /upload/member/image/15850238873fkPEpPMi55gC3Z.jpg HTTP/1.1" 200 60563 "https://bitrexgo.co.id/member/hall-of-fame" "Mozilla/5.0 (Windows NT 10.0; Win64; x64) AppleWebKit/537.36 (KHTML, like Gecko) Chrome/83.0.4103.97 Safari/537.36"
36.76.245.169 - - [12/Jun/2020:01:51:44 +0700] "GET /member/reward HTTP/1.1" 200 26238 "https://bitrexgo.co.id/member/hall-of-fame" "Mozilla/5.0 (Windows NT 10.0; Win64; x64) AppleWebKit/537.36 (KHTML, like Gecko) Chrome/83.0.4103.97 Safari/537.36"
36.76.245.169 - - [12/Jun/2020:01:51:45 +0700] "GET /upload/member/image/1585024596W2g5HQ11TfxnNGd.png HTTP/1.1" 200 142959 "https://bitrexgo.co.id/member/hall-of-fame" "Mozilla/5.0 (Windows NT 10.0; Win64; x64) AppleWebKit/537.36 (KHTML, like Gecko) Chrome/83.0.4103.97 Safari/537.36"
36.76.245.169 - - [12/Jun/2020:01:51:45 +0700] "GET /upload/member/image/1585024902tVWKLNptZmmerR4.JPG HTTP/1.1" 200 383421 "https://bitrexgo.co.id/member/hall-of-fame" "Mozilla/5.0 (Windows NT 10.0; Win64; x64) AppleWebKit/537.36 (KHTML, like Gecko) Chrome/83.0.4103.97 Safari/537.36"
36.76.245.169 - - [12/Jun/2020:01:51:42 +0700] "GET /upload/member/image/1585021716RHkoO0stvikwK9A.png HTTP/1.1" 200 1895546 "https://bitrexgo.co.id/member/hall-of-fame" "Mozilla/5.0 (Windows NT 10.0; Win64; x64) AppleWebKit/537.36 (KHTML, like Gecko) Chrome/83.0.4103.97 Safari/537.36"
36.76.245.169 - - [12/Jun/2020:01:51:45 +0700] "GET /upload/member/image/1585024758i5F6zoKcpafaPaK.png HTTP/1.1" 200 535465 "https://bitrexgo.co.id/member/hall-of-fame" "Mozilla/5.0 (Windows NT 10.0; Win64; x64) AppleWebKit/537.36 (KHTML, like Gecko) Chrome/83.0.4103.97 Safari/537.36"
36.76.245.169 - - [12/Jun/2020:01:51:46 +0700] "GET /upload/member/image/1585024944IMHHzvAOtqnC4HV.png HTTP/1.1" 200 167487 "https://bitrexgo.co.id/member/hall-of-fame" "Mozilla/5.0 (Windows NT 10.0; Win64; x64) AppleWebKit/537.36 (KHTML, like Gecko) Chrome/83.0.4103.97 Safari/537.36"
36.76.245.169 - - [12/Jun/2020:01:51:39 +0700] "GET /upload/member/image/1585020547OVKMaYTwJIvG8p9.png HTTP/1.1" 200 2514673 "https://bitrexgo.co.id/member/hall-of-fame" "Mozilla/5.0 (Windows NT 10.0; Win64; x64) AppleWebKit/537.36 (KHTML, like Gecko) Chrome/83.0.4103.97 Safari/537.36"
36.76.245.169 - - [12/Jun/2020:01:51:47 +0700] "GET /upload/member/image/1585025102ztIOYAr6gyS4tkJ.jpg HTTP/1.1" 200 93339 "https://bitrexgo.co.id/member/hall-of-fame" "Mozilla/5.0 (Windows NT 10.0; Win64; x64) AppleWebKit/537.36 (KHTML, like Gecko) Chrome/83.0.4103.97 Safari/537.36"
36.76.245.169 - - [12/Jun/2020:01:51:44 +0700] "GET /upload/member/image/1585023777L3YWJq3rqMeaqMO.png HTTP/1.1" 200 1889614 "https://bitrexgo.co.id/member/hall-of-fame" "Mozilla/5.0 (Windows NT 10.0; Win64; x64) AppleWebKit/537.36 (KHTML, like Gecko) Chrome/83.0.4103.97 Safari/537.36"
36.76.245.169 - - [12/Jun/2020:01:51:41 +0700] "GET /upload/member/image/15850211277pwdDE6gIJNzMB7.png HTTP/1.1" 200 2523784 "https://bitrexgo.co.id/member/hall-of-fame" "Mozilla/5.0 (Windows NT 10.0; Win64; x64) AppleWebKit/537.36 (KHTML, like Gecko) Chrome/83.0.4103.97 Safari/537.36"
36.76.245.169 - - [12/Jun/2020:01:51:47 +0700] "GET /upload/member/image/1585025820d9ZLRiGeOC9fCIc.jpg HTTP/1.1" 200 18277 "https://bitrexgo.co.id/member/hall-of-fame" "Mozilla/5.0 (Windows NT 10.0; Win64; x64) AppleWebKit/537.36 (KHTML, like Gecko) Chrome/83.0.4103.97 Safari/537.36"
36.76.245.169 - - [12/Jun/2020:01:51:47 +0700] "GET /upload/member/image/1584826547kAXD8vtNh1rKVco.png HTTP/1.1" 200 167487 "https://bitrexgo.co.id/member/hall-of-fame" "Mozilla/5.0 (Windows NT 10.0; Win64; x64) AppleWebKit/537.36 (KHTML, like Gecko) Chrome/83.0.4103.97 Safari/537.36"
36.76.245.169 - - [12/Jun/2020:01:51:47 +0700] "GET /upload/member/image/1585025884ugT5XdSErywifGz.png HTTP/1.1" 200 167487 "https://bitrexgo.co.id/member/hall-of-fame" "Mozilla/5.0 (Windows NT 10.0; Win64; x64) AppleWebKit/537.36 (KHTML, like Gecko) Chrome/83.0.4103.97 Safari/537.36"
36.76.245.169 - - [12/Jun/2020:01:51:47 +0700] "GET /upload/member/image/1585026029CihfpnSAVNvKxWR.png HTTP/1.1" 200 135134 "https://bitrexgo.co.id/member/hall-of-fame" "Mozilla/5.0 (Windows NT 10.0; Win64; x64) AppleWebKit/537.36 (KHTML, like Gecko) Chrome/83.0.4103.97 Safari/537.36"
36.76.245.169 - - [12/Jun/2020:01:51:46 +0700] "GET /upload/member/image/1585025053pUBN4EjIejEV8rf.png HTTP/1.1" 200 645318 "https://bitrexgo.co.id/member/hall-of-fame" "Mozilla/5.0 (Windows NT 10.0; Win64; x64) AppleWebKit/537.36 (KHTML, like Gecko) Chrome/83.0.4103.97 Safari/537.36"
36.76.245.169 - - [12/Jun/2020:01:51:47 +0700] "GET /upload/member/image/1585028289tGYwxASwcBAydnk.jpg HTTP/1.1" 200 225468 "https://bitrexgo.co.id/member/hall-of-fame" "Mozilla/5.0 (Windows NT 10.0; Win64; x64) AppleWebKit/537.36 (KHTML, like Gecko) Chrome/83.0.4103.97 Safari/537.36"
36.76.245.169 - - [12/Jun/2020:01:51:47 +0700] "GET /upload/member/image/1585028353Gedl5x9duSUH896.png HTTP/1.1" 200 58052 "https://bitrexgo.co.id/member/hall-of-fame" "Mozilla/5.0 (Windows NT 10.0; Win64; x64) AppleWebKit/537.36 (KHTML, like Gecko) Chrome/83.0.4103.97 Safari/537.36"
36.76.245.169 - - [12/Jun/2020:01:51:47 +0700] "GET /upload/member/image/1585028693oIUgzphrfGXqsTo.jpg HTTP/1.1" 200 42932 "https://bitrexgo.co.id/member/hall-of-fame" "Mozilla/5.0 (Windows NT 10.0; Win64; x64) AppleWebKit/537.36 (KHTML, like Gecko) Chrome/83.0.4103.97 Safari/537.36"
36.76.245.169 - - [12/Jun/2020:01:51:47 +0700] "GET /assets3/img/Platinum2.png HTTP/1.1" 200 466014 "https://bitrexgo.co.id/member/hall-of-fame" "Mozilla/5.0 (Windows NT 10.0; Win64; x64) AppleWebKit/537.36 (KHTML, like Gecko) Chrome/83.0.4103.97 Safari/537.36"
36.76.245.169 - - [12/Jun/2020:01:51:48 +0700] "GET /assets3/img/favicon.png HTTP/1.1" 200 18904 "https://bitrexgo.co.id/member/hall-of-fame" "Mozilla/5.0 (Windows NT 10.0; Win64; x64) AppleWebKit/537.36 (KHTML, like Gecko) Chrome/83.0.4103.97 Safari/537.36"
36.76.245.169 - - [12/Jun/2020:01:51:48 +0700] "GET /upload/member/image/1585029150S5OaRs8HRjKYiBv.jpeg HTTP/1.1" 200 47217 "https://bitrexgo.co.id/member/hall-of-fame" "Mozilla/5.0 (Windows NT 10.0; Win64; x64) AppleWebKit/537.36 (KHTML, like Gecko) Chrome/83.0.4103.97 Safari/537.36"
36.76.245.169 - - [12/Jun/2020:01:51:48 +0700] "GET /upload/member/image/1585031026KjV8mLystxjXNE2.jpg HTTP/1.1" 200 166529 "https://bitrexgo.co.id/member/hall-of-fame" "Mozilla/5.0 (Windows NT 10.0; Win64; x64) AppleWebKit/537.36 (KHTML, like Gecko) Chrome/83.0.4103.97 Safari/537.36"
36.76.245.169 - - [12/Jun/2020:01:51:47 +0700] "GET /upload/member/image/1585029095l6TPY1FOdI7s4C6.jpg HTTP/1.1" 200 702909 "https://bitrexgo.co.id/member/hall-of-fame" "Mozilla/5.0 (Windows NT 10.0; Win64; x64) AppleWebKit/537.36 (KHTML, like Gecko) Chrome/83.0.4103.97 Safari/537.36"
36.76.245.169 - - [12/Jun/2020:01:51:47 +0700] "GET /upload/member/image/1585028787jTZ3KvGQfGVbf5q.png HTTP/1.1" 200 717967 "https://bitrexgo.co.id/member/hall-of-fame" "Mozilla/5.0 (Windows NT 10.0; Win64; x64) AppleWebKit/537.36 (KHTML, like Gecko) Chrome/83.0.4103.97 Safari/537.36"
36.76.245.169 - - [12/Jun/2020:01:51:47 +0700] "GET /upload/member/image/1584091581l1AKab83zJHyZs6.jpg HTTP/1.1" 200 946155 "https://bitrexgo.co.id/member/hall-of-fame" "Mozilla/5.0 (Windows NT 10.0; Win64; x64) AppleWebKit/537.36 (KHTML, like Gecko) Chrome/83.0.4103.97 Safari/537.36"
36.76.245.169 - - [12/Jun/2020:01:51:48 +0700] "GET /upload/member/image/1585030966uavXQpDGjzCOF7k.png HTTP/1.1" 200 1754886 "https://bitrexgo.co.id/member/hall-of-fame" "Mozilla/5.0 (Windows NT 10.0; Win64; x64) AppleWebKit/537.36 (KHTML, like Gecko) Chrome/83.0.4103.97 Safari/537.36"
36.76.245.169 - - [12/Jun/2020:01:51:49 +0700] "GET /assets3/js/jquery.loading.min.js HTTP/1.1" 200 8619 "https://bitrexgo.co.id/member/reward" "Mozilla/5.0 (Windows NT 10.0; Win64; x64) AppleWebKit/537.36 (KHTML, like Gecko) Chrome/83.0.4103.97 Safari/537.36"
36.76.245.169 - - [12/Jun/2020:01:51:49 +0700] "GET /img/15.png HTTP/1.1" 200 419191 "https://bitrexgo.co.id/member/reward" "Mozilla/5.0 (Windows NT 10.0; Win64; x64) AppleWebKit/537.36 (KHTML, like Gecko) Chrome/83.0.4103.97 Safari/537.36"
36.76.245.169 - - [12/Jun/2020:01:51:49 +0700] "GET /img/10.png HTTP/1.1" 200 511529 "https://bitrexgo.co.id/member/reward" "Mozilla/5.0 (Windows NT 10.0; Win64; x64) AppleWebKit/537.36 (KHTML, like Gecko) Chrome/83.0.4103.97 Safari/537.36"
36.76.245.169 - - [12/Jun/2020:01:51:50 +0700] "GET /img/17.png HTTP/1.1" 200 389986 "https://bitrexgo.co.id/member/reward" "Mozilla/5.0 (Windows NT 10.0; Win64; x64) AppleWebKit/537.36 (KHTML, like Gecko) Chrome/83.0.4103.97 Safari/537.36"
36.76.245.169 - - [12/Jun/2020:01:51:49 +0700] "GET /img/11.png HTTP/1.1" 200 742783 "https://bitrexgo.co.id/member/reward" "Mozilla/5.0 (Windows NT 10.0; Win64; x64) AppleWebKit/537.36 (KHTML, like Gecko) Chrome/83.0.4103.97 Safari/537.36"
36.76.245.169 - - [12/Jun/2020:01:51:51 +0700] "GET /member/select/reward-claim HTTP/1.1" 200 2 "https://bitrexgo.co.id/member/reward" "Mozilla/5.0 (Windows NT 10.0; Win64; x64) AppleWebKit/537.36 (KHTML, like Gecko) Chrome/83.0.4103.97 Safari/537.36"
36.76.245.169 - - [12/Jun/2020:01:51:49 +0700] "GET /img/14.png HTTP/1.1" 200 825555 "https://bitrexgo.co.id/member/reward" "Mozilla/5.0 (Windows NT 10.0; Win64; x64) AppleWebKit/537.36 (KHTML, like Gecko) Chrome/83.0.4103.97 Safari/537.36"
36.76.245.169 - - [12/Jun/2020:01:51:50 +0700] "GET /img/16.png HTTP/1.1" 200 490864 "https://bitrexgo.co.id/member/reward" "Mozilla/5.0 (Windows NT 10.0; Win64; x64) AppleWebKit/537.36 (KHTML, like Gecko) Chrome/83.0.4103.97 Safari/537.36"
36.76.245.169 - - [12/Jun/2020:01:51:49 +0700] "GET /img/12.png HTTP/1.1" 200 1354851 "https://bitrexgo.co.id/member/reward" "Mozilla/5.0 (Windows NT 10.0; Win64; x64) AppleWebKit/537.36 (KHTML, like Gecko) Chrome/83.0.4103.97 Safari/537.36"
36.76.245.169 - - [12/Jun/2020:01:51:49 +0700] "GET /img/13.png HTTP/1.1" 200 1160400 "https://bitrexgo.co.id/member/reward" "Mozilla/5.0 (Windows NT 10.0; Win64; x64) AppleWebKit/537.36 (KHTML, like Gecko) Chrome/83.0.4103.97 Safari/537.36"
36.76.245.169 - - [12/Jun/2020:01:51:57 +0700] "GET /member/bonus HTTP/1.1" 200 23435 "https://bitrexgo.co.id/member/reward" "Mozilla/5.0 (Windows NT 10.0; Win64; x64) AppleWebKit/537.36 (KHTML, like Gecko) Chrome/83.0.4103.97 Safari/537.36"
::1 - - [12/Jun/2020:01:51:57 +0700] "OPTIONS * HTTP/1.0" 200 - "-" "Apache/2.4.39 () OpenSSL/1.0.2k-fips PHP/7.3.6 (internal dummy connection)"
36.76.245.169 - - [12/Jun/2020:01:51:57 +0700] "GET /member/select/bonus HTTP/1.1" 200 158 "https://bitrexgo.co.id/member/bonus" "Mozilla/5.0 (Windows NT 10.0; Win64; x64) AppleWebKit/537.36 (KHTML, like Gecko) Chrome/83.0.4103.97 Safari/537.36"
36.76.245.169 - - [12/Jun/2020:01:52:02 +0700] "GET /member/transaction/my-transaction HTTP/1.1" 200 20037 "https://bitrexgo.co.id/member/bonus" "Mozilla/5.0 (Windows NT 10.0; Win64; x64) AppleWebKit/537.36 (KHTML, like Gecko) Chrome/83.0.4103.97 Safari/537.36"
36.76.245.169 - - [12/Jun/2020:01:52:03 +0700] "GET /member/select/my-transaction HTTP/1.1" 200 443 "https://bitrexgo.co.id/member/transaction/my-transaction" "Mozilla/5.0 (Windows NT 10.0; Win64; x64) AppleWebKit/537.36 (KHTML, like Gecko) Chrome/83.0.4103.97 Safari/537.36"
36.76.245.169 - - [12/Jun/2020:01:52:03 +0700] "GET /member/transaction/favicon.ico HTTP/1.1" 404 1568 "https://bitrexgo.co.id/member/transaction/my-transaction" "Mozilla/5.0 (Windows NT 10.0; Win64; x64) AppleWebKit/537.36 (KHTML, like Gecko) Chrome/83.0.4103.97 Safari/537.36"
::1 - - [12/Jun/2020:01:52:03 +0700] "OPTIONS * HTTP/1.0" 200 - "-" "Apache/2.4.39 () OpenSSL/1.0.2k-fips PHP/7.3.6 (internal dummy connection)"
::1 - - [12/Jun/2020:01:52:10 +0700] "OPTIONS * HTTP/1.0" 200 - "-" "Apache/2.4.39 () OpenSSL/1.0.2k-fips PHP/7.3.6 (internal dummy connection)"
36.76.245.169 - - [12/Jun/2020:01:52:15 +0700] "GET /member/prospected-member HTTP/1.1" 200 18570 "https://bitrexgo.co.id/member/transaction/my-transaction" "Mozilla/5.0 (Windows NT 10.0; Win64; x64) AppleWebKit/537.36 (KHTML, like Gecko) Chrome/83.0.4103.97 Safari/537.36"
36.76.245.169 - - [12/Jun/2020:01:52:16 +0700] "GET /assets2/images/sort_both.png HTTP/1.1" 200 201 "https://bitrexgo.co.id/assets2/css/datatable.css" "Mozilla/5.0 (Windows NT 10.0; Win64; x64) AppleWebKit/537.36 (KHTML, like Gecko) Chrome/83.0.4103.97 Safari/537.36"
36.76.245.169 - - [12/Jun/2020:01:52:16 +0700] "GET /member/prospected-member?draw=1&columns%5B0%5D%5Bdata%5D=name&columns%5B0%5D%5Bname%5D=name&columns%5B0%5D%5Bsearchable%5D=true&columns%5B0%5D%5Borderable%5D=true&columns%5B0%5D%5Bsearch%5D%5Bvalue%5D=&columns%5B0%5D%5Bsearch%5D%5Bregex%5D=false&columns%5B1%5D%5Bdata%5D=username&columns%5B1%5D%5Bname%5D=username&columns%5B1%5D%5Bsearchable%5D=true&columns%5B1%5D%5Borderable%5D=true&columns%5B1%5D%5Bsearch%5D%5Bvalue%5D=&columns%5B1%5D%5Bsearch%5D%5Bregex%5D=false&columns%5B2%5D%5Bdata%5D=email&columns%5B2%5D%5Bname%5D=email&columns%5B2%5D%5Bsearchable%5D=true&columns%5B2%5D%5Borderable%5D=true&columns%5B2%5D%5Bsearch%5D%5Bvalue%5D=&columns%5B2%5D%5Bsearch%5D%5Bregex%5D=false&columns%5B3%5D%5Bdata%5D=number_phone&columns%5B3%5D%5Bname%5D=number_phone&columns%5B3%5D%5Bsearchable%5D=false&columns%5B3%5D%5Borderable%5D=true&columns%5B3%5D%5Bsearch%5D%5Bvalue%5D=&columns%5B3%5D%5Bsearch%5D%5Bregex%5D=false&order%5B0%5D%5Bcolumn%5D=0&order%5B0%5D%5Bdir%5D=asc&start=0&length=10&search%5Bvalue%5D=&search%5Bregex%5D=false&_=1591901536013 HTTP/1.1" 200 57 "https://bitrexgo.co.id/member/prospected-member" "Mozilla/5.0 (Windows NT 10.0; Win64; x64) AppleWebKit/537.36 (KHTML, like Gecko) Chrome/83.0.4103.97 Safari/537.36"
36.76.245.169 - - [12/Jun/2020:01:52:16 +0700] "GET /assets2/images/sort_asc.png HTTP/1.1" 200 160 "https://bitrexgo.co.id/assets2/css/datatable.css" "Mozilla/5.0 (Windows NT 10.0; Win64; x64) AppleWebKit/537.36 (KHTML, like Gecko) Chrome/83.0.4103.97 Safari/537.36"
36.76.245.169 - - [12/Jun/2020:01:52:18 +0700] "GET /member/team-report/my-sponsor HTTP/1.1" 200 18310 "https://bitrexgo.co.id/member/prospected-member" "Mozilla/5.0 (Windows NT 10.0; Win64; x64) AppleWebKit/537.36 (KHTML, like Gecko) Chrome/83.0.4103.97 Safari/537.36"
36.76.245.169 - - [12/Jun/2020:01:52:19 +0700] "GET /member/team-report/my-sponsor?draw=1&columns%5B0%5D%5Bdata%5D=name&columns%5B0%5D%5Bname%5D=name&columns%5B0%5D%5Bsearchable%5D=true&columns%5B0%5D%5Borderable%5D=true&columns%5B0%5D%5Bsearch%5D%5Bvalue%5D=&columns%5B0%5D%5Bsearch%5D%5Bregex%5D=false&columns%5B1%5D%5Bdata%5D=username&columns%5B1%5D%5Bname%5D=username&columns%5B1%5D%5Bsearchable%5D=true&columns%5B1%5D%5Borderable%5D=true&columns%5B1%5D%5Bsearch%5D%5Bvalue%5D=&columns%5B1%5D%5Bsearch%5D%5Bregex%5D=false&columns%5B2%5D%5Bdata%5D=number_phone&columns%5B2%5D%5Bname%5D=number_phone&columns%5B2%5D%5Bsearchable%5D=false&columns%5B2%5D%5Borderable%5D=true&columns%5B2%5D%5Bsearch%5D%5Bvalue%5D=&columns%5B2%5D%5Bsearch%5D%5Bregex%5D=false&order%5B0%5D%5Bcolumn%5D=0&order%5B0%5D%5Bdir%5D=asc&start=0&length=10&search%5Bvalue%5D=&search%5Bregex%5D=false&_=1591901538973 HTTP/1.1" 200 57 "https://bitrexgo.co.id/member/team-report/my-sponsor" "Mozilla/5.0 (Windows NT 10.0; Win64; x64) AppleWebKit/537.36 (KHTML, like Gecko) Chrome/83.0.4103.97 Safari/537.36"
36.76.245.169 - - [12/Jun/2020:01:52:19 +0700] "GET /member/team-report/favicon.ico HTTP/1.1" 404 1568 "https://bitrexgo.co.id/member/team-report/my-sponsor" "Mozilla/5.0 (Windows NT 10.0; Win64; x64) AppleWebKit/537.36 (KHTML, like Gecko) Chrome/83.0.4103.97 Safari/537.36"
36.76.245.169 - - [12/Jun/2020:01:52:22 +0700] "GET /member/team-report/my-analizer HTTP/1.1" 200 21678 "https://bitrexgo.co.id/member/team-report/my-sponsor" "Mozilla/5.0 (Windows NT 10.0; Win64; x64) AppleWebKit/537.36 (KHTML, like Gecko) Chrome/83.0.4103.97 Safari/537.36"
36.76.245.169 - - [12/Jun/2020:01:52:23 +0700] "GET /member/team-report/my-analizer?draw=1&columns%5B0%5D%5Bdata%5D=DT_RowIndex&columns%5B0%5D%5Bname%5D=DT_RowIndex&columns%5B0%5D%5Bsearchable%5D=false&columns%5B0%5D%5Borderable%5D=false&columns%5B0%5D%5Bsearch%5D%5Bvalue%5D=&columns%5B0%5D%5Bsearch%5D%5Bregex%5D=false&columns%5B1%5D%5Bdata%5D=full_name&columns%5B1%5D%5Bname%5D=full_name&columns%5B1%5D%5Bsearchable%5D=true&columns%5B1%5D%5Borderable%5D=true&columns%5B1%5D%5Bsearch%5D%5Bvalue%5D=&columns%5B1%5D%5Bsearch%5D%5Bregex%5D=false&columns%5B2%5D%5Bdata%5D=username&columns%5B2%5D%5Bname%5D=username&columns%5B2%5D%5Bsearchable%5D=true&columns%5B2%5D%5Borderable%5D=true&columns%5B2%5D%5Bsearch%5D%5Bvalue%5D=&columns%5B2%5D%5Bsearch%5D%5Bregex%5D=false&columns%5B3%5D%5Bdata%5D=created_at&columns%5B3%5D%5Bname%5D=created_at&columns%5B3%5D%5Bsearchable%5D=true&columns%5B3%5D%5Borderable%5D=true&columns%5B3%5D%5Bsearch%5D%5Bvalue%5D=&columns%5B3%5D%5Bsearch%5D%5Bregex%5D=false&columns%5B4%5D%5Bdata%5D=ranking&columns%5B4%5D%5Bname%5D=ranking&columns%5B4%5D%5Bsearchable%5D=true&columns%5B4%5D%5Borderable%5D=true&columns%5B4%5D%5Bsearch%5D%5Bvalue%5D=&columns%5B4%5D%5Bsearch%5D%5Bregex%5D=false&columns%5B5%5D%5Bdata%5D=archive_rank&columns%5B5%5D%5Bname%5D=archive_rank&columns%5B5%5D%5Bsearchable%5D=true&columns%5B5%5D%5Borderable%5D=true&columns%5B5%5D%5Bsearch%5D%5Bvalue%5D=&columns%5B5%5D%5Bsearch%5D%5Bregex%5D=false&columns%5B6%5D%5Bdata%5D=pv_left&columns%5B6%5D%5Bname%5D=rankipv_leftng&columns%5B6%5D%5Bsearchable%5D=true&columns%5B6%5D%5Borderable%5D=true&columns%5B6%5D%5Bsearch%5D%5Bvalue%5D=&columns%5B6%5D%5Bsearch%5D%5Bregex%5D=false&columns%5B7%5D%5Bdata%5D=pv_middle&columns%5B7%5D%5Bname%5D=pv_middle&columns%5B7%5D%5Bsearchable%5D=true&columns%5B7%5D%5Borderable%5D=true&columns%5B7%5D%5Bsearch%5D%5Bvalue%5D=&columns%5B7%5D%5Bsearch%5D%5Bregex%5D=false&columns%5B8%5D%5Bdata%5D=pv_right&columns%5B8%5D%5Bname%5D=pv_right&columns%5B8%5D%5Bsearchable%5D=true&columns%5B8%5D%5Borderable%5D=true&columns%5B8%5D%5Bsearch%5D%5Bvalue%5D=&columns%5B8%5D%5Bsearch%5D%5Bregex%5D=false&order%5B0%5D%5Bcolumn%5D=0&order%5B0%5D%5Bdir%5D=asc&start=0&length=10&search%5Bvalue%5D=&search%5Bregex%5D=false&_=1591901542949 HTTP/1.1" 500 33 "https://bitrexgo.co.id/member/team-report/my-analizer" "Mozilla/5.0 (Windows NT 10.0; Win64; x64) AppleWebKit/537.36 (KHTML, like Gecko) Chrome/83.0.4103.97 Safari/537.36"
36.76.245.169 - - [12/Jun/2020:01:52:26 +0700] "GET /member/tree HTTP/1.1" 200 59258 "https://bitrexgo.co.id/member/team-report/my-analizer" "Mozilla/5.0 (Windows NT 10.0; Win64; x64) AppleWebKit/537.36 (KHTML, like Gecko) Chrome/83.0.4103.97 Safari/537.36"
36.76.245.169 - - [12/Jun/2020:01:52:26 +0700] "GET /member/select/tree HTTP/1.1" 200 272 "https://bitrexgo.co.id/member/tree" "Mozilla/5.0 (Windows NT 10.0; Win64; x64) AppleWebKit/537.36 (KHTML, like Gecko) Chrome/83.0.4103.97 Safari/537.36"
36.76.245.169 - - [12/Jun/2020:01:52:26 +0700] "GET /api/ebook/ebooks HTTP/1.1" 200 2489 "https://bitrexgo.co.id/member/tree" "Mozilla/5.0 (Windows NT 10.0; Win64; x64) AppleWebKit/537.36 (KHTML, like Gecko) Chrome/83.0.4103.97 Safari/537.36"
36.76.245.169 - - [12/Jun/2020:01:52:26 +0700] "GET /member/select/summary/7681 HTTP/1.1" 200 136 "https://bitrexgo.co.id/member/tree" "Mozilla/5.0 (Windows NT 10.0; Win64; x64) AppleWebKit/537.36 (KHTML, like Gecko) Chrome/83.0.4103.97 Safari/537.36"
36.76.245.169 - - [12/Jun/2020:01:52:26 +0700] "GET /member/shipping/province HTTP/1.1" 200 1184 "https://bitrexgo.co.id/member/tree" "Mozilla/5.0 (Windows NT 10.0; Win64; x64) AppleWebKit/537.36 (KHTML, like Gecko) Chrome/83.0.4103.97 Safari/537.36"
36.76.245.169 - - [12/Jun/2020:01:52:27 +0700] "GET /member HTTP/1.1" 200 29302 "https://bitrexgo.co.id/member/tree" "Mozilla/5.0 (Windows NT 10.0; Win64; x64) AppleWebKit/537.36 (KHTML, like Gecko) Chrome/83.0.4103.97 Safari/537.36"
36.76.245.169 - - [12/Jun/2020:01:52:27 +0700] "GET /member/select/daily-retail HTTP/1.1" 200 30 "https://bitrexgo.co.id/member" "Mozilla/5.0 (Windows NT 10.0; Win64; x64) AppleWebKit/537.36 (KHTML, like Gecko) Chrome/83.0.4103.97 Safari/537.36"
36.76.245.169 - - [12/Jun/2020:01:52:27 +0700] "GET /member/select/expired-member HTTP/1.1" 200 57 "https://bitrexgo.co.id/member" "Mozilla/5.0 (Windows NT 10.0; Win64; x64) AppleWebKit/537.36 (KHTML, like Gecko) Chrome/83.0.4103.97 Safari/537.36"
36.76.245.169 - - [12/Jun/2020:01:52:27 +0700] "GET /member/select/bonus HTTP/1.1" 200 158 "https://bitrexgo.co.id/member" "Mozilla/5.0 (Windows NT 10.0; Win64; x64) AppleWebKit/537.36 (KHTML, like Gecko) Chrome/83.0.4103.97 Safari/537.36"
36.76.245.169 - - [12/Jun/2020:01:52:27 +0700] "GET /member/select/daily-pairing HTTP/1.1" 200 31 "https://bitrexgo.co.id/member" "Mozilla/5.0 (Windows NT 10.0; Win64; x64) AppleWebKit/537.36 (KHTML, like Gecko) Chrome/83.0.4103.97 Safari/537.36"
36.76.245.169 - - [12/Jun/2020:01:52:27 +0700] "GET /member/select/daily-bonus-sponsor HTTP/1.1" 200 31 "https://bitrexgo.co.id/member" "Mozilla/5.0 (Windows NT 10.0; Win64; x64) AppleWebKit/537.36 (KHTML, like Gecko) Chrome/83.0.4103.97 Safari/537.36"
36.76.245.169 - - [12/Jun/2020:01:52:27 +0700] "GET /member/select/training HTTP/1.1" 200 17 "https://bitrexgo.co.id/member" "Mozilla/5.0 (Windows NT 10.0; Win64; x64) AppleWebKit/537.36 (KHTML, like Gecko) Chrome/83.0.4103.97 Safari/537.36"
120.188.7.63 - - [12/Jun/2020:01:52:30 +0700] "GET /assets/img/codethical.pdf HTTP/1.1" 200 255120 "https://bitrexgo.co.id/login" "Mozilla/5.0 (Linux; Android 7.0; SM-T719Y) AppleWebKit/537.36 (KHTML, like Gecko) Chrome/80.0.3987.149 Safari/537.36"
::1 - - [12/Jun/2020:01:52:35 +0700] "OPTIONS * HTTP/1.0" 200 - "-" "Apache/2.4.39 () OpenSSL/1.0.2k-fips PHP/7.3.6 (internal dummy connection)"
::1 - - [12/Jun/2020:01:52:38 +0700] "OPTIONS * HTTP/1.0" 200 - "-" "Apache/2.4.39 () OpenSSL/1.0.2k-fips PHP/7.3.6 (internal dummy connection)"
66.249.79.210 - - [12/Jun/2020:01:52:58 +0700] "GET / HTTP/1.1" 302 211 "-" "Mozilla/5.0 (compatible; Googlebot/2.1; +http://www.google.com/bot.html)"
66.249.71.159 - - [12/Jun/2020:01:52:59 +0700] "GET / HTTP/1.1" 302 268 "-" "Mozilla/5.0 (compatible; Googlebot/2.1; +http://www.google.com/bot.html)"
66.249.79.194 - - [12/Jun/2020:01:53:00 +0700] "GET /login HTTP/1.1" 200 75094 "-" "Mozilla/5.0 (compatible; Googlebot/2.1; +http://www.google.com/bot.html)"
66.249.79.223 - - [12/Jun/2020:01:53:04 +0700] "GET /assets3/css/style.css HTTP/1.1" 200 2695 "https://www.bitrexgo.co.id/login" "Mozilla/5.0 AppleWebKit/537.36 (KHTML, like Gecko; compatible; Googlebot/2.1; +http://www.google.com/bot.html) Chrome/83.0.4103.93 Safari/537.36"
66.249.71.158 - - [12/Jun/2020:01:53:04 +0700] "GET /assets2/css/select2.css HTTP/1.1" 200 15400 "https://www.bitrexgo.co.id/login" "Mozilla/5.0 AppleWebKit/537.36 (KHTML, like Gecko; compatible; Googlebot/2.1; +http://www.google.com/bot.html) Chrome/83.0.4103.93 Safari/537.36"
36.76.245.169 - - [12/Jun/2020:01:53:48 +0700] "GET /member/prospected-member HTTP/1.1" 200 18570 "https://bitrexgo.co.id/member" "Mozilla/5.0 (Windows NT 10.0; Win64; x64) AppleWebKit/537.36 (KHTML, like Gecko) Chrome/83.0.4103.97 Safari/537.36"
36.76.245.169 - - [12/Jun/2020:01:53:48 +0700] "GET /member/prospected-member?draw=1&columns%5B0%5D%5Bdata%5D=name&columns%5B0%5D%5Bname%5D=name&columns%5B0%5D%5Bsearchable%5D=true&columns%5B0%5D%5Borderable%5D=true&columns%5B0%5D%5Bsearch%5D%5Bvalue%5D=&columns%5B0%5D%5Bsearch%5D%5Bregex%5D=false&columns%5B1%5D%5Bdata%5D=username&columns%5B1%5D%5Bname%5D=username&columns%5B1%5D%5Bsearchable%5D=true&columns%5B1%5D%5Borderable%5D=true&columns%5B1%5D%5Bsearch%5D%5Bvalue%5D=&columns%5B1%5D%5Bsearch%5D%5Bregex%5D=false&columns%5B2%5D%5Bdata%5D=email&columns%5B2%5D%5Bname%5D=email&columns%5B2%5D%5Bsearchable%5D=true&columns%5B2%5D%5Borderable%5D=true&columns%5B2%5D%5Bsearch%5D%5Bvalue%5D=&columns%5B2%5D%5Bsearch%5D%5Bregex%5D=false&columns%5B3%5D%5Bdata%5D=number_phone&columns%5B3%5D%5Bname%5D=number_phone&columns%5B3%5D%5Bsearchable%5D=false&columns%5B3%5D%5Borderable%5D=true&columns%5B3%5D%5Bsearch%5D%5Bvalue%5D=&columns%5B3%5D%5Bsearch%5D%5Bregex%5D=false&order%5B0%5D%5Bcolumn%5D=0&order%5B0%5D%5Bdir%5D=asc&start=0&length=10&search%5Bvalue%5D=&search%5Bregex%5D=false&_=1591901628264 HTTP/1.1" 200 57 "https://bitrexgo.co.id/member/prospected-member" "Mozilla/5.0 (Windows NT 10.0; Win64; x64) AppleWebKit/537.36 (KHTML, like Gecko) Chrome/83.0.4103.97 Safari/537.36"
36.76.245.169 - - [12/Jun/2020:01:53:49 +0700] "GET /member/profile HTTP/1.1" 200 26166 "https://bitrexgo.co.id/member/prospected-member" "Mozilla/5.0 (Windows NT 10.0; Win64; x64) AppleWebKit/537.36 (KHTML, like Gecko) Chrome/83.0.4103.97 Safari/537.36"
120.188.7.63 - - [12/Jun/2020:01:53:51 +0700] "-" 408 - "-" "-"
36.76.245.169 - - [12/Jun/2020:01:55:08 +0700] "-" 408 - "-" "-"
::1 - - [12/Jun/2020:01:55:10 +0700] "OPTIONS * HTTP/1.0" 200 - "-" "Apache/2.4.39 () OpenSSL/1.0.2k-fips PHP/7.3.6 (internal dummy connection)"
114.119.163.118 - - [12/Jun/2020:02:03:08 +0700] "GET /hall-of-fame?page_1s=2 HTTP/1.1" 200 103978 "-" "Mozilla/5.0 (Linux; Android 7.0;) AppleWebKit/537.36 (KHTML, like Gecko) Mobile Safari/537.36 (compatible; PetalBot;+https://aspiegel.com/petalbot)"
34.210.23.111 - - [12/Jun/2020:02:11:35 +0700] "GET /owa/auth/logon.aspx HTTP/1.1" 404 1568 "-" "Mozilla/5.0 (Macintosh; Intel Mac OS X 10_11_5) AppleWebKit/537.36 (KHTML, like Gecko) Chrome/50.0.2661.102 Safari/537.36"
120.188.7.63 - - [12/Jun/2020:02:19:34 +0700] "-" 408 - "-" "-"
120.188.7.63 - - [12/Jun/2020:02:19:34 +0700] "-" 408 - "-" "-"
36.78.201.29 - - [12/Jun/2020:02:27:10 +0700] "GET /member/favicon.ico HTTP/1.1" 404 1568 "https://bitrexgo.co.id/member/ebook" "Mozilla/5.0 (Linux; Android 9; vivo 1818) AppleWebKit/537.36 (KHTML, like Gecko) Chrome/78.0.3904.96 Mobile Safari/537.36"
36.78.201.29 - - [12/Jun/2020:02:27:13 +0700] "GET /member/hall-of-fame HTTP/1.1" 500 1574 "https://bitrexgo.co.id/member/ebook" "Mozilla/5.0 (Linux; Android 9; vivo 1818) AppleWebKit/537.36 (KHTML, like Gecko) Chrome/78.0.3904.96 Mobile Safari/537.36"
36.78.201.29 - - [12/Jun/2020:02:27:16 +0700] "GET / HTTP/1.1" 302 268 "-" "Mozilla/5.0 (Linux; Android 9; vivo 1818) AppleWebKit/537.36 (KHTML, like Gecko) Chrome/78.0.3904.96 Mobile Safari/537.36"
36.78.201.29 - - [12/Jun/2020:02:27:16 +0700] "GET /login HTTP/1.1" 200 74914 "-" "Mozilla/5.0 (Linux; Android 9; vivo 1818) AppleWebKit/537.36 (KHTML, like Gecko) Chrome/78.0.3904.96 Mobile Safari/537.36"
36.78.201.29 - - [12/Jun/2020:02:27:17 +0700] "GET /assets1/images/pic1.jpg HTTP/1.1" 404 1568 "https://bitrexgo.co.id/login" "Mozilla/5.0 (Linux; Android 9; vivo 1818) AppleWebKit/537.36 (KHTML, like Gecko) Chrome/78.0.3904.96 Mobile Safari/537.36"
36.78.201.29 - - [12/Jun/2020:02:27:17 +0700] "GET /assets1/images/service-0.png HTTP/1.1" 404 1568 "https://bitrexgo.co.id/login" "Mozilla/5.0 (Linux; Android 9; vivo 1818) AppleWebKit/537.36 (KHTML, like Gecko) Chrome/78.0.3904.96 Mobile Safari/537.36"
36.78.201.29 - - [12/Jun/2020:02:27:17 +0700] "GET /assets1/images/gallery/11.jpg HTTP/1.1" 404 1568 "https://bitrexgo.co.id/login" "Mozilla/5.0 (Linux; Android 9; vivo 1818) AppleWebKit/537.36 (KHTML, like Gecko) Chrome/78.0.3904.96 Mobile Safari/537.36"
36.78.201.29 - - [12/Jun/2020:02:27:17 +0700] "GET /assets1/images/gallery/5.jpg HTTP/1.1" 404 1568 "https://bitrexgo.co.id/login" "Mozilla/5.0 (Linux; Android 9; vivo 1818) AppleWebKit/537.36 (KHTML, like Gecko) Chrome/78.0.3904.96 Mobile Safari/537.36"
36.78.201.29 - - [12/Jun/2020:02:27:17 +0700] "GET /assets/img/training-center.jpg HTTP/1.1" 404 1568 "https://bitrexgo.co.id/login" "Mozilla/5.0 (Linux; Android 9; vivo 1818) AppleWebKit/537.36 (KHTML, like Gecko) Chrome/78.0.3904.96 Mobile Safari/537.36"
36.78.201.29 - - [12/Jun/2020:02:27:17 +0700] "GET /assets/img/robot-expert-advisor.png HTTP/1.1" 404 1568 "https://bitrexgo.co.id/login" "Mozilla/5.0 (Linux; Android 9; vivo 1818) AppleWebKit/537.36 (KHTML, like Gecko) Chrome/78.0.3904.96 Mobile Safari/537.36"
36.78.201.29 - - [12/Jun/2020:02:27:17 +0700] "GET /assets/img/market-analysis.jpg HTTP/1.1" 404 1568 "https://bitrexgo.co.id/login" "Mozilla/5.0 (Linux; Android 9; vivo 1818) AppleWebKit/537.36 (KHTML, like Gecko) Chrome/78.0.3904.96 Mobile Safari/537.36"
36.78.201.29 - - [12/Jun/2020:02:27:17 +0700] "GET /assets/img/trading-community.png HTTP/1.1" 404 1568 "https://bitrexgo.co.id/login" "Mozilla/5.0 (Linux; Android 9; vivo 1818) AppleWebKit/537.36 (KHTML, like Gecko) Chrome/78.0.3904.96 Mobile Safari/537.36"
36.78.201.29 - - [12/Jun/2020:02:27:17 +0700] "GET /api/ebook/ebooks HTTP/1.1" 200 2459 "https://bitrexgo.co.id/login" "Mozilla/5.0 (Linux; Android 9; vivo 1818) AppleWebKit/537.36 (KHTML, like Gecko) Chrome/78.0.3904.96 Mobile Safari/537.36"
36.78.201.29 - - [12/Jun/2020:02:27:17 +0700] "GET /api/ebook/ebooks HTTP/1.1" 200 2459 "https://bitrexgo.co.id/login" "Mozilla/5.0 (Linux; Android 9; vivo 1818) AppleWebKit/537.36 (KHTML, like Gecko) Chrome/78.0.3904.96 Mobile Safari/537.36"
36.78.201.29 - - [12/Jun/2020:02:27:17 +0700] "GET /member/shipping/province HTTP/1.1" 200 1184 "https://bitrexgo.co.id/login" "Mozilla/5.0 (Linux; Android 9; vivo 1818) AppleWebKit/537.36 (KHTML, like Gecko) Chrome/78.0.3904.96 Mobile Safari/537.36"
66.249.83.122 - - [12/Jun/2020:02:27:18 +0700] "GET / HTTP/1.1" 302 268 "https://www.google.com/url?sa=t&rct=j&q=&esrc=s&source=web&cd=2&ved=0CCEQFjAF&url=https%3A%2F%2Fbitrexgo.co.id%2F&ei=lYXiXq-YJ8u_WOx6&usg=AFQjCNG9_o2_bAZADxBd_QgSiUQ8uXLKtg" "Mozilla/5.0 (iPhone; CPU iPhone OS 13_3_1 like Mac OS X) AppleWebKit/605.1.15 (KHTML, like Gecko) Version/13.0.5 Mobile/15E148 Safari/604.1"
36.78.201.29 - - [12/Jun/2020:02:27:19 +0700] "POST /login HTTP/1.1" 302 360 "https://bitrexgo.co.id/login" "Mozilla/5.0 (Linux; Android 9; vivo 1818) AppleWebKit/537.36 (KHTML, like Gecko) Chrome/78.0.3904.96 Mobile Safari/537.36"
36.78.201.29 - - [12/Jun/2020:02:27:19 +0700] "GET /member HTTP/1.1" 200 29351 "https://bitrexgo.co.id/login" "Mozilla/5.0 (Linux; Android 9; vivo 1818) AppleWebKit/537.36 (KHTML, like Gecko) Chrome/78.0.3904.96 Mobile Safari/537.36"
66.249.83.118 - - [12/Jun/2020:02:27:19 +0700] "GET /login HTTP/1.1" 200 74914 "https://www.google.com/url?sa=t&rct=j&q=&esrc=s&source=web&cd=2&ved=0CCEQFjAF&url=https%3A%2F%2Fbitrexgo.co.id%2F&ei=lYXiXq-YJ8u_WOx6&usg=AFQjCNG9_o2_bAZADxBd_QgSiUQ8uXLKtg" "Mozilla/5.0 (iPhone; CPU iPhone OS 13_3_1 like Mac OS X) AppleWebKit/605.1.15 (KHTML, like Gecko) Version/13.0.5 Mobile/15E148 Safari/604.1"
36.78.201.29 - - [12/Jun/2020:02:27:19 +0700] "GET /member/select/daily-retail HTTP/1.1" 200 30 "https://bitrexgo.co.id/member" "Mozilla/5.0 (Linux; Android 9; vivo 1818) AppleWebKit/537.36 (KHTML, like Gecko) Chrome/78.0.3904.96 Mobile Safari/537.36"
36.78.201.29 - - [12/Jun/2020:02:27:20 +0700] "GET /member/select/expired-member HTTP/1.1" 200 57 "https://bitrexgo.co.id/member" "Mozilla/5.0 (Linux; Android 9; vivo 1818) AppleWebKit/537.36 (KHTML, like Gecko) Chrome/78.0.3904.96 Mobile Safari/537.36"
36.78.201.29 - - [12/Jun/2020:02:27:20 +0700] "GET /member/select/daily-bonus-sponsor HTTP/1.1" 200 40 "https://bitrexgo.co.id/member" "Mozilla/5.0 (Linux; Android 9; vivo 1818) AppleWebKit/537.36 (KHTML, like Gecko) Chrome/78.0.3904.96 Mobile Safari/537.36"
36.78.201.29 - - [12/Jun/2020:02:27:20 +0700] "GET /member/select/bonus HTTP/1.1" 200 179 "https://bitrexgo.co.id/member" "Mozilla/5.0 (Linux; Android 9; vivo 1818) AppleWebKit/537.36 (KHTML, like Gecko) Chrome/78.0.3904.96 Mobile Safari/537.36"
36.78.201.29 - - [12/Jun/2020:02:27:20 +0700] "GET /member/select/training HTTP/1.1" 200 17 "https://bitrexgo.co.id/member" "Mozilla/5.0 (Linux; Android 9; vivo 1818) AppleWebKit/537.36 (KHTML, like Gecko) Chrome/78.0.3904.96 Mobile Safari/537.36"
36.78.201.29 - - [12/Jun/2020:02:27:20 +0700] "GET /member/select/daily-pairing HTTP/1.1" 200 38 "https://bitrexgo.co.id/member" "Mozilla/5.0 (Linux; Android 9; vivo 1818) AppleWebKit/537.36 (KHTML, like Gecko) Chrome/78.0.3904.96 Mobile Safari/537.36"
66.249.83.118 - - [12/Jun/2020:02:27:20 +0700] "GET /assets3/js/waypoints.min.js HTTP/1.1" 200 8048 "https://bitrexgo.co.id/login" "Mozilla/5.0 (iPhone; CPU iPhone OS 13_3_1 like Mac OS X) AppleWebKit/605.1.15 (KHTML, like Gecko) Version/13.0.5 Mobile/15E148 Safari/604.1"
66.249.83.122 - - [12/Jun/2020:02:27:20 +0700] "GET /assets3/js/jquery-1.11.3.min.js HTTP/1.1" 200 95957 "https://bitrexgo.co.id/login" "Mozilla/5.0 (iPhone; CPU iPhone OS 13_3_1 like Mac OS X) AppleWebKit/605.1.15 (KHTML, like Gecko) Version/13.0.5 Mobile/15E148 Safari/604.1"
66.249.83.118 - - [12/Jun/2020:02:27:20 +0700] "GET /img/ap2li_new_1.png HTTP/1.1" 200 153539 "https://bitrexgo.co.id/login" "Mozilla/5.0 (iPhone; CPU iPhone OS 13_3_1 like Mac OS X) AppleWebKit/605.1.15 (KHTML, like Gecko) Version/13.0.5 Mobile/15E148 Safari/604.1"
66.249.83.120 - - [12/Jun/2020:02:27:21 +0700] "GET /assets3/css/color2.css HTTP/1.1" 200 1320 "https://bitrexgo.co.id/login" "Mozilla/5.0 (iPhone; CPU iPhone OS 13_3_1 like Mac OS X) AppleWebKit/605.1.15 (KHTML, like Gecko) Version/13.0.5 Mobile/15E148 Safari/604.1"
66.249.83.120 - - [12/Jun/2020:02:27:21 +0700] "GET /assets3/js/jquery.prettyPhoto.js HTTP/1.1" 200 21506 "https://bitrexgo.co.id/login" "Mozilla/5.0 (iPhone; CPU iPhone OS 13_3_1 like Mac OS X) AppleWebKit/605.1.15 (KHTML, like Gecko) Version/13.0.5 Mobile/15E148 Safari/604.1"
66.249.83.122 - - [12/Jun/2020:02:27:21 +0700] "GET /assets2/js/pages/forms/basic-form-elements.js HTTP/1.1" 200 466 "https://bitrexgo.co.id/login" "Mozilla/5.0 (iPhone; CPU iPhone OS 13_3_1 like Mac OS X) AppleWebKit/605.1.15 (KHTML, like Gecko) Version/13.0.5 Mobile/15E148 Safari/604.1"
66.249.83.122 - - [12/Jun/2020:02:27:21 +0700] "GET /assets3/css/color5.css HTTP/1.1" 200 1319 "https://bitrexgo.co.id/login" "Mozilla/5.0 (iPhone; CPU iPhone OS 13_3_1 like Mac OS X) AppleWebKit/605.1.15 (KHTML, like Gecko) Version/13.0.5 Mobile/15E148 Safari/604.1"
66.249.83.118 - - [12/Jun/2020:02:27:21 +0700] "GET /img/logo.png HTTP/1.1" 200 232247 "https://bitrexgo.co.id/login" "Mozilla/5.0 (iPhone; CPU iPhone OS 13_3_1 like Mac OS X) AppleWebKit/605.1.15 (KHTML, like Gecko) Version/13.0.5 Mobile/15E148 Safari/604.1"
66.249.83.122 - - [12/Jun/2020:02:27:21 +0700] "GET /assets1/images/pic1.jpg HTTP/1.1" 404 1568 "https://bitrexgo.co.id/login" "Mozilla/5.0 (iPhone; CPU iPhone OS 13_3_1 like Mac OS X) AppleWebKit/605.1.15 (KHTML, like Gecko) Version/13.0.5 Mobile/15E148 Safari/604.1"
66.249.83.120 - - [12/Jun/2020:02:27:21 +0700] "GET /img/bca.png HTTP/1.1" 200 176118 "https://bitrexgo.co.id/login" "Mozilla/5.0 (iPhone; CPU iPhone OS 13_3_1 like Mac OS X) AppleWebKit/605.1.15 (KHTML, like Gecko) Version/13.0.5 Mobile/15E148 Safari/604.1"
66.249.83.120 - - [12/Jun/2020:02:27:21 +0700] "GET /assets1/images/service-0.png HTTP/1.1" 404 1568 "https://bitrexgo.co.id/login" "Mozilla/5.0 (iPhone; CPU iPhone OS 13_3_1 like Mac OS X) AppleWebKit/605.1.15 (KHTML, like Gecko) Version/13.0.5 Mobile/15E148 Safari/604.1"
66.249.83.118 - - [12/Jun/2020:02:27:22 +0700] "GET /assets3/js/custom.min.js HTTP/1.1" 200 5263 "https://bitrexgo.co.id/login" "Mozilla/5.0 (iPhone; CPU iPhone OS 13_3_1 like Mac OS X) AppleWebKit/605.1.15 (KHTML, like Gecko) Version/13.0.5 Mobile/15E148 Safari/604.1"
66.249.83.122 - - [12/Jun/2020:02:27:22 +0700] "GET /assets2/plugins/bootstrap-material-datetimepicker/js/bootstrap-material-datetimepicker.js HTTP/1.1" 200 50239 "https://bitrexgo.co.id/login" "Mozilla/5.0 (iPhone; CPU iPhone OS 13_3_1 like Mac OS X) AppleWebKit/605.1.15 (KHTML, like Gecko) Version/13.0.5 Mobile/15E148 Safari/604.1"
66.249.83.122 - - [12/Jun/2020:02:27:22 +0700] "GET /assets1/images/gallery/11.jpg HTTP/1.1" 404 1568 "https://bitrexgo.co.id/login" "Mozilla/5.0 (iPhone; CPU iPhone OS 13_3_1 like Mac OS X) AppleWebKit/605.1.15 (KHTML, like Gecko) Version/13.0.5 Mobile/15E148 Safari/604.1"
66.249.83.122 - - [12/Jun/2020:02:27:22 +0700] "GET /assets2/js/select2.js HTTP/1.1" 200 66664 "https://bitrexgo.co.id/login" "Mozilla/5.0 (iPhone; CPU iPhone OS 13_3_1 like Mac OS X) AppleWebKit/605.1.15 (KHTML, like Gecko) Version/13.0.5 Mobile/15E148 Safari/604.1"
36.78.201.29 - - [12/Jun/2020:02:27:22 +0700] "GET /member/tree HTTP/1.1" 200 59274 "https://bitrexgo.co.id/member" "Mozilla/5.0 (Linux; Android 9; vivo 1818) AppleWebKit/537.36 (KHTML, like Gecko) Chrome/78.0.3904.96 Mobile Safari/537.36"
66.249.83.122 - - [12/Jun/2020:02:27:22 +0700] "GET /assets3/css/color3.css HTTP/1.1" 200 1318 "https://bitrexgo.co.id/login" "Mozilla/5.0 (iPhone; CPU iPhone OS 13_3_1 like Mac OS X) AppleWebKit/605.1.15 (KHTML, like Gecko) Version/13.0.5 Mobile/15E148 Safari/604.1"
36.78.201.29 - - [12/Jun/2020:02:27:22 +0700] "GET /member/select/tree HTTP/1.1" 200 1381 "https://bitrexgo.co.id/member/tree" "Mozilla/5.0 (Linux; Android 9; vivo 1818) AppleWebKit/537.36 (KHTML, like Gecko) Chrome/78.0.3904.96 Mobile Safari/537.36"
66.249.83.122 - - [12/Jun/2020:02:27:23 +0700] "GET /assets3/js/bootstrap.min.js HTTP/1.1" 200 37056 "https://bitrexgo.co.id/login" "Mozilla/5.0 (iPhone; CPU iPhone OS 13_3_1 like Mac OS X) AppleWebKit/605.1.15 (KHTML, like Gecko) Version/13.0.5 Mobile/15E148 Safari/604.1"
36.78.201.29 - - [12/Jun/2020:02:27:22 +0700] "GET /api/ebook/ebooks HTTP/1.1" 200 2489 "https://bitrexgo.co.id/member/tree" "Mozilla/5.0 (Linux; Android 9; vivo 1818) AppleWebKit/537.36 (KHTML, like Gecko) Chrome/78.0.3904.96 Mobile Safari/537.36"
66.249.83.122 - - [12/Jun/2020:02:27:23 +0700] "GET /assets2/js/sweet.js HTTP/1.1" 200 16977 "https://bitrexgo.co.id/login" "Mozilla/5.0 (iPhone; CPU iPhone OS 13_3_1 like Mac OS X) AppleWebKit/605.1.15 (KHTML, like Gecko) Version/13.0.5 Mobile/15E148 Safari/604.1"
36.78.201.29 - - [12/Jun/2020:02:27:23 +0700] "GET /member/select/summary/5459 HTTP/1.1" 200 217 "https://bitrexgo.co.id/member/tree" "Mozilla/5.0 (Linux; Android 9; vivo 1818) AppleWebKit/537.36 (KHTML, like Gecko) Chrome/78.0.3904.96 Mobile Safari/537.36"
36.78.201.29 - - [12/Jun/2020:02:27:22 +0700] "GET /member/shipping/province HTTP/1.1" 200 1184 "https://bitrexgo.co.id/member/tree" "Mozilla/5.0 (Linux; Android 9; vivo 1818) AppleWebKit/537.36 (KHTML, like Gecko) Chrome/78.0.3904.96 Mobile Safari/537.36"
66.249.83.120 - - [12/Jun/2020:02:27:23 +0700] "GET /assets3/js/jquery.datetimepicker.js HTTP/1.1" 200 78385 "https://bitrexgo.co.id/login" "Mozilla/5.0 (iPhone; CPU iPhone OS 13_3_1 like Mac OS X) AppleWebKit/605.1.15 (KHTML, like Gecko) Version/13.0.5 Mobile/15E148 Safari/604.1"
66.249.83.120 - - [12/Jun/2020:02:27:23 +0700] "GET /assets3/js/jquery.sliderPro.min.js HTTP/1.1" 200 92886 "https://bitrexgo.co.id/login" "Mozilla/5.0 (iPhone; CPU iPhone OS 13_3_1 like Mac OS X) AppleWebKit/605.1.15 (KHTML, like Gecko) Version/13.0.5 Mobile/15E148 Safari/604.1"
66.249.83.118 - - [12/Jun/2020:02:27:23 +0700] "GET /assets2/js/moment.js HTTP/1.1" 200 150940 "https://bitrexgo.co.id/login" "Mozilla/5.0 (iPhone; CPU iPhone OS 13_3_1 like Mac OS X) AppleWebKit/605.1.15 (KHTML, like Gecko) Version/13.0.5 Mobile/15E148 Safari/604.1"
66.249.83.122 - - [12/Jun/2020:02:27:24 +0700] "GET /assets2/plugins/bootstrap-material-datetimepicker/css/bootstrap-material-datetimepicker.css HTTP/1.1" 200 3051 "https://bitrexgo.co.id/login" "Mozilla/5.0 (iPhone; CPU iPhone OS 13_3_1 like Mac OS X) AppleWebKit/605.1.15 (KHTML, like Gecko) Version/13.0.5 Mobile/15E148 Safari/604.1"
66.249.83.122 - - [12/Jun/2020:02:27:24 +0700] "GET /assets3/js/dmss.js HTTP/1.1" 200 2437 "https://bitrexgo.co.id/login" "Mozilla/5.0 (iPhone; CPU iPhone OS 13_3_1 like Mac OS X) AppleWebKit/605.1.15 (KHTML, like Gecko) Version/13.0.5 Mobile/15E148 Safari/604.1"
66.249.83.120 - - [12/Jun/2020:02:27:24 +0700] "GET /assets3/js/jquery.easing.min.js HTTP/1.1" 200 5555 "https://bitrexgo.co.id/login" "Mozilla/5.0 (iPhone; CPU iPhone OS 13_3_1 like Mac OS X) AppleWebKit/605.1.15 (KHTML, like Gecko) Version/13.0.5 Mobile/15E148 Safari/604.1"
66.249.83.118 - - [12/Jun/2020:02:27:24 +0700] "GET /assets3/js/wow.min.js HTTP/1.1" 200 8182 "https://bitrexgo.co.id/login" "Mozilla/5.0 (iPhone; CPU iPhone OS 13_3_1 like Mac OS X) AppleWebKit/605.1.15 (KHTML, like Gecko) Version/13.0.5 Mobile/15E148 Safari/604.1"
66.249.83.118 - - [12/Jun/2020:02:27:24 +0700] "GET /assets3/js/modernizr.custom.js HTTP/1.1" 200 8372 "https://bitrexgo.co.id/login" "Mozilla/5.0 (iPhone; CPU iPhone OS 13_3_1 like Mac OS X) AppleWebKit/605.1.15 (KHTML, like Gecko) Version/13.0.5 Mobile/15E148 Safari/604.1"
