175.111.118.238 - - [12/Jun/2020:07:11:09 +0700] "GET /ebook HTTP/1.1" 200 27846 "https://ebook.bitrexgo.co.id/book/analisa-teknikal-dalam-forex-20190919013138" "Mozilla/5.0 (iPhone; CPU iPhone OS 12_4_1 like Mac OS X) AppleWebKit/605.1.15 (KHTML, like Gecko) Version/12.1.2 Mobile/15E148 Safari/604.1"
175.111.118.238 - - [12/Jun/2020:07:11:09 +0700] "GET /upload/ebook/image/1568842738M7vRTcbOnlYpnoe.jpeg HTTP/1.1" 200 14434 "https://ebook.bitrexgo.co.id/ebook" "Mozilla/5.0 (iPhone; CPU iPhone OS 12_4_1 like Mac OS X) AppleWebKit/605.1.15 (KHTML, like Gecko) Version/12.1.2 Mobile/15E148 Safari/604.1"
175.111.118.238 - - [12/Jun/2020:07:11:09 +0700] "GET /assetsebook/assets/img/email.png HTTP/1.1" 200 317 "https://ebook.bitrexgo.co.id/ebook" "Mozilla/5.0 (iPhone; CPU iPhone OS 12_4_1 like Mac OS X) AppleWebKit/605.1.15 (KHTML, like Gecko) Version/12.1.2 Mobile/15E148 Safari/604.1"
175.111.118.238 - - [12/Jun/2020:07:11:09 +0700] "GET /assetsebook/assets/img/password.png HTTP/1.1" 200 349 "https://ebook.bitrexgo.co.id/ebook" "Mozilla/5.0 (iPhone; CPU iPhone OS 12_4_1 like Mac OS X) AppleWebKit/605.1.15 (KHTML, like Gecko) Version/12.1.2 Mobile/15E148 Safari/604.1"
175.111.118.238 - - [12/Jun/2020:07:11:09 +0700] "GET /img/facility/market-analysis.jpg HTTP/1.1" 200 36013 "https://ebook.bitrexgo.co.id/ebook" "Mozilla/5.0 (iPhone; CPU iPhone OS 12_4_1 like Mac OS X) AppleWebKit/605.1.15 (KHTML, like Gecko) Version/12.1.2 Mobile/15E148 Safari/604.1"
175.111.118.238 - - [12/Jun/2020:07:11:09 +0700] "GET /img/facility/robot-expert-advisor.png HTTP/1.1" 200 170145 "https://ebook.bitrexgo.co.id/ebook" "Mozilla/5.0 (iPhone; CPU iPhone OS 12_4_1 like Mac OS X) AppleWebKit/605.1.15 (KHTML, like Gecko) Version/12.1.2 Mobile/15E148 Safari/604.1"
175.111.118.238 - - [12/Jun/2020:07:11:09 +0700] "GET /img/facility/trading-community.png HTTP/1.1" 200 334842 "https://ebook.bitrexgo.co.id/ebook" "Mozilla/5.0 (iPhone; CPU iPhone OS 12_4_1 like Mac OS X) AppleWebKit/605.1.15 (KHTML, like Gecko) Version/12.1.2 Mobile/15E148 Safari/604.1"
175.111.118.238 - - [12/Jun/2020:07:11:13 +0700] "GET /explore/basic HTTP/1.1" 200 39563 "https://ebook.bitrexgo.co.id/ebook" "Mozilla/5.0 (iPhone; CPU iPhone OS 12_4_1 like Mac OS X) AppleWebKit/605.1.15 (KHTML, like Gecko) Version/12.1.2 Mobile/15E148 Safari/604.1"
175.111.118.238 - - [12/Jun/2020:07:11:15 +0700] "GET /explore/favicon.ico HTTP/1.1" 500 1574 "https://ebook.bitrexgo.co.id/explore/basic" "Mozilla/5.0 (iPhone; CPU iPhone OS 12_4_1 like Mac OS X) AppleWebKit/605.1.15 (KHTML, like Gecko) Version/12.1.2 Mobile/15E148 Safari/604.1"
175.111.118.238 - - [12/Jun/2020:07:11:33 +0700] "GET /book/cara-menentukan-support-dan-resistance-20190919013814 HTTP/1.1" 200 17527 "https://ebook.bitrexgo.co.id/explore/basic" "Mozilla/5.0 (iPhone; CPU iPhone OS 12_4_1 like Mac OS X) AppleWebKit/605.1.15 (KHTML, like Gecko) Version/12.1.2 Mobile/15E148 Safari/604.1"
175.111.118.238 - - [12/Jun/2020:07:11:34 +0700] "GET /book/favicon.ico HTTP/1.1" 302 380 "https://ebook.bitrexgo.co.id/book/cara-menentukan-support-dan-resistance-20190919013814" "Mozilla/5.0 (iPhone; CPU iPhone OS 12_4_1 like Mac OS X) AppleWebKit/605.1.15 (KHTML, like Gecko) Version/12.1.2 Mobile/15E148 Safari/604.1"
175.111.118.238 - - [12/Jun/2020:07:11:34 +0700] "GET /ebook HTTP/1.1" 200 27846 "https://ebook.bitrexgo.co.id/book/cara-menentukan-support-dan-resistance-20190919013814" "Mozilla/5.0 (iPhone; CPU iPhone OS 12_4_1 like Mac OS X) AppleWebKit/605.1.15 (KHTML, like Gecko) Version/12.1.2 Mobile/15E148 Safari/604.1"
175.111.118.238 - - [12/Jun/2020:07:12:18 +0700] "GET /solvedLesson?lesson=140 HTTP/1.1" 200 50 "https://ebook.bitrexgo.co.id/book/cara-menentukan-support-dan-resistance-20190919013814" "Mozilla/5.0 (iPhone; CPU iPhone OS 12_4_1 like Mac OS X) AppleWebKit/605.1.15 (KHTML, like Gecko) Version/12.1.2 Mobile/15E148 Safari/604.1"
175.111.118.238 - - [12/Jun/2020:07:12:18 +0700] "GET /editor/kcfinder/upload/images/Screenshot_4%281%29.png HTTP/1.1" 404 1568 "https://ebook.bitrexgo.co.id/book/cara-menentukan-support-dan-resistance-20190919013814" "Mozilla/5.0 (iPhone; CPU iPhone OS 12_4_1 like Mac OS X) AppleWebKit/605.1.15 (KHTML, like Gecko) Version/12.1.2 Mobile/15E148 Safari/604.1"
::1 - - [12/Jun/2020:07:12:26 +0700] "OPTIONS * HTTP/1.0" 200 - "-" "Apache/2.4.39 () OpenSSL/1.0.2k-fips PHP/7.3.6 (internal dummy connection)"
175.111.118.238 - - [12/Jun/2020:07:13:41 +0700] "GET /solvedLesson?lesson=143 HTTP/1.1" 200 50 "https://ebook.bitrexgo.co.id/book/cara-menentukan-support-dan-resistance-20190919013814" "Mozilla/5.0 (iPhone; CPU iPhone OS 12_4_1 like Mac OS X) AppleWebKit/605.1.15 (KHTML, like Gecko) Version/12.1.2 Mobile/15E148 Safari/604.1"
175.111.118.238 - - [12/Jun/2020:07:14:17 +0700] "GET /editor/kcfinder/upload/images/Screenshot_4%281%29.png HTTP/1.1" 404 1568 "https://ebook.bitrexgo.co.id/book/cara-menentukan-support-dan-resistance-20190919013814" "Mozilla/5.0 (iPhone; CPU iPhone OS 12_4_1 like Mac OS X) AppleWebKit/605.1.15 (KHTML, like Gecko) Version/12.1.2 Mobile/15E148 Safari/604.1"
175.111.118.238 - - [12/Jun/2020:07:14:27 +0700] "GET /solvedLesson?lesson=144 HTTP/1.1" 200 50 "https://ebook.bitrexgo.co.id/book/cara-menentukan-support-dan-resistance-20190919013814" "Mozilla/5.0 (iPhone; CPU iPhone OS 12_4_1 like Mac OS X) AppleWebKit/605.1.15 (KHTML, like Gecko) Version/12.1.2 Mobile/15E148 Safari/604.1"
175.111.118.238 - - [12/Jun/2020:07:14:48 +0700] "GET /solvedLesson?lesson=146 HTTP/1.1" 200 50 "https://ebook.bitrexgo.co.id/book/cara-menentukan-support-dan-resistance-20190919013814" "Mozilla/5.0 (iPhone; CPU iPhone OS 12_4_1 like Mac OS X) AppleWebKit/605.1.15 (KHTML, like Gecko) Version/12.1.2 Mobile/15E148 Safari/604.1"
175.111.118.238 - - [12/Jun/2020:07:14:50 +0700] "GET /ebook HTTP/1.1" 200 27846 "https://ebook.bitrexgo.co.id/book/cara-menentukan-support-dan-resistance-20190919013814" "Mozilla/5.0 (iPhone; CPU iPhone OS 12_4_1 like Mac OS X) AppleWebKit/605.1.15 (KHTML, like Gecko) Version/12.1.2 Mobile/15E148 Safari/604.1"
175.111.118.238 - - [12/Jun/2020:07:14:53 +0700] "GET /explore/basic HTTP/1.1" 200 39563 "https://ebook.bitrexgo.co.id/ebook" "Mozilla/5.0 (iPhone; CPU iPhone OS 12_4_1 like Mac OS X) AppleWebKit/605.1.15 (KHTML, like Gecko) Version/12.1.2 Mobile/15E148 Safari/604.1"
175.111.118.238 - - [12/Jun/2020:07:15:17 +0700] "GET /book/moving-average-20190919014151 HTTP/1.1" 200 25330 "https://ebook.bitrexgo.co.id/explore/basic" "Mozilla/5.0 (iPhone; CPU iPhone OS 12_4_1 like Mac OS X) AppleWebKit/605.1.15 (KHTML, like Gecko) Version/12.1.2 Mobile/15E148 Safari/604.1"
175.111.118.238 - - [12/Jun/2020:07:15:18 +0700] "GET /book/favicon.ico HTTP/1.1" 302 380 "https://ebook.bitrexgo.co.id/book/moving-average-20190919014151" "Mozilla/5.0 (iPhone; CPU iPhone OS 12_4_1 like Mac OS X) AppleWebKit/605.1.15 (KHTML, like Gecko) Version/12.1.2 Mobile/15E148 Safari/604.1"
175.111.118.238 - - [12/Jun/2020:07:15:18 +0700] "GET /ebook HTTP/1.1" 200 27846 "https://ebook.bitrexgo.co.id/book/moving-average-20190919014151" "Mozilla/5.0 (iPhone; CPU iPhone OS 12_4_1 like Mac OS X) AppleWebKit/605.1.15 (KHTML, like Gecko) Version/12.1.2 Mobile/15E148 Safari/604.1"
192.254.213.49 - - [12/Jun/2020:07:15:28 +0700] "POST /api/v1/login HTTP/1.1" 200 743 "-" "-"
175.111.118.238 - - [12/Jun/2020:07:17:01 +0700] "GET /solvedLesson?lesson=217 HTTP/1.1" 200 50 "https://ebook.bitrexgo.co.id/book/moving-average-20190919014151" "Mozilla/5.0 (iPhone; CPU iPhone OS 12_4_1 like Mac OS X) AppleWebKit/605.1.15 (KHTML, like Gecko) Version/12.1.2 Mobile/15E148 Safari/604.1"
192.254.213.49 - - [12/Jun/2020:07:17:19 +0700] "POST /api/v1/login HTTP/1.1" 200 743 "-" "-"
44.225.84.206 - - [12/Jun/2020:07:21:54 +0700] "GET / HTTP/1.0" 400 362 "-" "-"
44.225.84.206 - - [12/Jun/2020:07:21:54 +0700] "GET / HTTP/1.0" 400 362 "-" "-"
44.225.84.206 - - [12/Jun/2020:07:21:54 +0700] "GET / HTTP/1.0" 400 362 "-" "-"
44.225.84.206 - - [12/Jun/2020:07:21:55 +0700] "GET / HTTP/1.0" 400 362 "-" "-"
44.225.84.206 - - [12/Jun/2020:07:21:55 +0700] "GET / HTTP/1.0" 400 362 "-" "-"
44.225.84.206 - - [12/Jun/2020:07:21:55 +0700] "GET / HTTP/1.0" 400 362 "-" "-"
44.225.84.206 - - [12/Jun/2020:07:21:56 +0700] "GET / HTTP/1.0" 400 362 "-" "-"
44.225.84.206 - - [12/Jun/2020:07:21:56 +0700] "GET / HTTP/1.0" 400 362 "-" "-"
44.225.84.206 - - [12/Jun/2020:07:21:56 +0700] "GET / HTTP/1.0" 400 362 "-" "-"
44.225.84.206 - - [12/Jun/2020:07:21:57 +0700] "GET / HTTP/1.0" 400 362 "-" "-"
44.225.84.206 - - [12/Jun/2020:07:21:59 +0700] "GET / HTTP/1.1" 302 270 "-" "AWS Security Scanner"
44.225.84.206 - - [12/Jun/2020:07:22:00 +0700] "GET / HTTP/1.1" 302 270 "-" "AWS Security Scanner"
44.225.84.206 - - [12/Jun/2020:07:22:01 +0700] "GET / HTTP/1.1" 302 270 "-" "AWS Security Scanner"
44.225.84.206 - - [12/Jun/2020:07:22:01 +0700] "GET /latest/dynamic/instance-identity/document HTTP/1.1" 404 1568 "-" "AWS Security Scanner"
44.225.84.206 - - [12/Jun/2020:07:22:02 +0700] "GET /latest/dynamic/instance-identity/document HTTP/1.1" 404 1568 "-" "AWS Security Scanner"
175.111.118.238 - - [12/Jun/2020:07:22:13 +0700] "GET /solvedLesson?lesson=220 HTTP/1.1" 200 50 "https://ebook.bitrexgo.co.id/book/moving-average-20190919014151" "Mozilla/5.0 (iPhone; CPU iPhone OS 12_4_1 like Mac OS X) AppleWebKit/605.1.15 (KHTML, like Gecko) Version/12.1.2 Mobile/15E148 Safari/604.1"
66.249.75.59 - - [12/Jun/2020:07:23:43 +0700] "GET /img/bca.png HTTP/1.1" 200 176118 "-" "Googlebot-Image/1.0"
175.111.118.238 - - [12/Jun/2020:07:23:52 +0700] "GET /solvedLesson?lesson=222 HTTP/1.1" 200 50 "https://ebook.bitrexgo.co.id/book/moving-average-20190919014151" "Mozilla/5.0 (iPhone; CPU iPhone OS 12_4_1 like Mac OS X) AppleWebKit/605.1.15 (KHTML, like Gecko) Version/12.1.2 Mobile/15E148 Safari/604.1"
175.111.118.238 - - [12/Jun/2020:07:23:54 +0700] "GET /ebook HTTP/1.1" 200 27846 "https://ebook.bitrexgo.co.id/book/moving-average-20190919014151" "Mozilla/5.0 (iPhone; CPU iPhone OS 12_4_1 like Mac OS X) AppleWebKit/605.1.15 (KHTML, like Gecko) Version/12.1.2 Mobile/15E148 Safari/604.1"
175.111.118.238 - - [12/Jun/2020:07:23:57 +0700] "GET /favicon.ico HTTP/1.1" 200 - "https://ebook.bitrexgo.co.id/ebook" "Mozilla/5.0 (iPhone; CPU iPhone OS 12_4_1 like Mac OS X) AppleWebKit/605.1.15 (KHTML, like Gecko) Version/12.1.2 Mobile/15E148 Safari/604.1"
175.111.118.238 - - [12/Jun/2020:07:24:01 +0700] "GET /explore/basic HTTP/1.1" 200 39563 "https://ebook.bitrexgo.co.id/ebook" "Mozilla/5.0 (iPhone; CPU iPhone OS 12_4_1 like Mac OS X) AppleWebKit/605.1.15 (KHTML, like Gecko) Version/12.1.2 Mobile/15E148 Safari/604.1"
175.111.118.238 - - [12/Jun/2020:07:24:26 +0700] "GET /book/channel-dalam-trend-20190919013925 HTTP/1.1" 200 19237 "https://ebook.bitrexgo.co.id/explore/basic" "Mozilla/5.0 (iPhone; CPU iPhone OS 12_4_1 like Mac OS X) AppleWebKit/605.1.15 (KHTML, like Gecko) Version/12.1.2 Mobile/15E148 Safari/604.1"
175.111.118.238 - - [12/Jun/2020:07:24:27 +0700] "GET /book/favicon.ico HTTP/1.1" 302 380 "https://ebook.bitrexgo.co.id/book/channel-dalam-trend-20190919013925" "Mozilla/5.0 (iPhone; CPU iPhone OS 12_4_1 like Mac OS X) AppleWebKit/605.1.15 (KHTML, like Gecko) Version/12.1.2 Mobile/15E148 Safari/604.1"
175.111.118.238 - - [12/Jun/2020:07:24:27 +0700] "GET /ebook HTTP/1.1" 200 27846 "https://ebook.bitrexgo.co.id/book/channel-dalam-trend-20190919013925" "Mozilla/5.0 (iPhone; CPU iPhone OS 12_4_1 like Mac OS X) AppleWebKit/605.1.15 (KHTML, like Gecko) Version/12.1.2 Mobile/15E148 Safari/604.1"
175.111.118.238 - - [12/Jun/2020:07:24:59 +0700] "GET /solvedLesson?lesson=154 HTTP/1.1" 200 50 "https://ebook.bitrexgo.co.id/book/channel-dalam-trend-20190919013925" "Mozilla/5.0 (iPhone; CPU iPhone OS 12_4_1 like Mac OS X) AppleWebKit/605.1.15 (KHTML, like Gecko) Version/12.1.2 Mobile/15E148 Safari/604.1"
35.227.181.33 - - [12/Jun/2020:07:25:38 +0700] "GET /wp/wp-login.php HTTP/1.1" 301 246 "-" "Mozilla/5.0 (X11; Ubuntu; Linux x86_64; rv:62.0) Gecko/20100101 Firefox/62.0"
35.227.181.33 - - [12/Jun/2020:07:25:38 +0700] "GET /wp/wp-login.php HTTP/1.1" 404 1568 "http://bitrexgo.co.id/wp/wp-login.php" "Mozilla/5.0 (X11; Ubuntu; Linux x86_64; rv:62.0) Gecko/20100101 Firefox/62.0"
175.111.118.238 - - [12/Jun/2020:07:26:14 +0700] "GET /solvedLesson?lesson=156 HTTP/1.1" 200 50 "https://ebook.bitrexgo.co.id/book/channel-dalam-trend-20190919013925" "Mozilla/5.0 (iPhone; CPU iPhone OS 12_4_1 like Mac OS X) AppleWebKit/605.1.15 (KHTML, like Gecko) Version/12.1.2 Mobile/15E148 Safari/604.1"
207.46.13.6 - - [12/Jun/2020:07:26:30 +0700] "GET /login HTTP/1.1" 200 74914 "-" "Mozilla/5.0 (compatible; bingbot/2.0; +http://www.bing.com/bingbot.htm)"
175.111.118.238 - - [12/Jun/2020:07:26:42 +0700] "GET /solvedLesson?lesson=157 HTTP/1.1" 200 50 "https://ebook.bitrexgo.co.id/book/channel-dalam-trend-20190919013925" "Mozilla/5.0 (iPhone; CPU iPhone OS 12_4_1 like Mac OS X) AppleWebKit/605.1.15 (KHTML, like Gecko) Version/12.1.2 Mobile/15E148 Safari/604.1"
192.254.213.49 - - [12/Jun/2020:07:27:06 +0700] "POST /api/v1/login HTTP/1.1" 200 729 "-" "-"
66.80.217.162 - - [12/Jun/2020:07:27:31 +0700] "GET / HTTP/1.1" 400 226 "-" "-"
175.111.118.238 - - [12/Jun/2020:07:27:34 +0700] "GET /book/channel-dalam-trend-20190919013925 HTTP/1.1" 200 19234 "https://ebook.bitrexgo.co.id/explore/basic" "Mozilla/5.0 (iPhone; CPU iPhone OS 12_4_1 like Mac OS X) AppleWebKit/605.1.15 (KHTML, like Gecko) Version/12.1.2 Mobile/15E148 Safari/604.1"
175.111.118.238 - - [12/Jun/2020:07:28:16 +0700] "GET /solvedLesson?lesson=159 HTTP/1.1" 200 50 "https://ebook.bitrexgo.co.id/book/channel-dalam-trend-20190919013925" "Mozilla/5.0 (iPhone; CPU iPhone OS 12_4_1 like Mac OS X) AppleWebKit/605.1.15 (KHTML, like Gecko) Version/12.1.2 Mobile/15E148 Safari/604.1"
175.111.118.238 - - [12/Jun/2020:07:28:17 +0700] "GET /ebook HTTP/1.1" 200 27846 "https://ebook.bitrexgo.co.id/book/channel-dalam-trend-20190919013925" "Mozilla/5.0 (iPhone; CPU iPhone OS 12_4_1 like Mac OS X) AppleWebKit/605.1.15 (KHTML, like Gecko) Version/12.1.2 Mobile/15E148 Safari/604.1"
175.111.118.238 - - [12/Jun/2020:07:29:03 +0700] "GET /explore/basic HTTP/1.1" 200 39563 "https://ebook.bitrexgo.co.id/ebook" "Mozilla/5.0 (iPhone; CPU iPhone OS 12_4_1 like Mac OS X) AppleWebKit/605.1.15 (KHTML, like Gecko) Version/12.1.2 Mobile/15E148 Safari/604.1"
175.111.118.238 - - [12/Jun/2020:07:29:14 +0700] "GET /book/type-of-trend-20190919013853 HTTP/1.1" 200 13561 "https://ebook.bitrexgo.co.id/explore/basic" "Mozilla/5.0 (iPhone; CPU iPhone OS 12_4_1 like Mac OS X) AppleWebKit/605.1.15 (KHTML, like Gecko) Version/12.1.2 Mobile/15E148 Safari/604.1"
175.111.118.238 - - [12/Jun/2020:07:29:15 +0700] "GET /book/favicon.ico HTTP/1.1" 302 380 "https://ebook.bitrexgo.co.id/book/type-of-trend-20190919013853" "Mozilla/5.0 (iPhone; CPU iPhone OS 12_4_1 like Mac OS X) AppleWebKit/605.1.15 (KHTML, like Gecko) Version/12.1.2 Mobile/15E148 Safari/604.1"
175.111.118.238 - - [12/Jun/2020:07:29:15 +0700] "GET /ebook HTTP/1.1" 200 27846 "https://ebook.bitrexgo.co.id/book/type-of-trend-20190919013853" "Mozilla/5.0 (iPhone; CPU iPhone OS 12_4_1 like Mac OS X) AppleWebKit/605.1.15 (KHTML, like Gecko) Version/12.1.2 Mobile/15E148 Safari/604.1"
192.254.213.49 - - [12/Jun/2020:07:30:28 +0700] "POST /api/v1/login HTTP/1.1" 200 44 "-" "-"
192.254.213.49 - - [12/Jun/2020:07:30:40 +0700] "POST /api/v1/login HTTP/1.1" 200 738 "-" "-"
175.111.118.238 - - [12/Jun/2020:07:31:07 +0700] "GET /solvedLesson?lesson=153 HTTP/1.1" 200 50 "https://ebook.bitrexgo.co.id/book/type-of-trend-20190919013853" "Mozilla/5.0 (iPhone; CPU iPhone OS 12_4_1 like Mac OS X) AppleWebKit/605.1.15 (KHTML, like Gecko) Version/12.1.2 Mobile/15E148 Safari/604.1"
175.111.118.238 - - [12/Jun/2020:07:31:08 +0700] "GET /ebook HTTP/1.1" 200 27846 "https://ebook.bitrexgo.co.id/book/type-of-trend-20190919013853" "Mozilla/5.0 (iPhone; CPU iPhone OS 12_4_1 like Mac OS X) AppleWebKit/605.1.15 (KHTML, like Gecko) Version/12.1.2 Mobile/15E148 Safari/604.1"
175.111.118.238 - - [12/Jun/2020:07:31:11 +0700] "GET /explore/basic HTTP/1.1" 200 39563 "https://ebook.bitrexgo.co.id/ebook" "Mozilla/5.0 (iPhone; CPU iPhone OS 12_4_1 like Mac OS X) AppleWebKit/605.1.15 (KHTML, like Gecko) Version/12.1.2 Mobile/15E148 Safari/604.1"
175.111.118.238 - - [12/Jun/2020:07:31:18 +0700] "GET /book/waktu-pembukaan-pasar-forex-20190919012511 HTTP/1.1" 200 24129 "https://ebook.bitrexgo.co.id/explore/basic" "Mozilla/5.0 (iPhone; CPU iPhone OS 12_4_1 like Mac OS X) AppleWebKit/605.1.15 (KHTML, like Gecko) Version/12.1.2 Mobile/15E148 Safari/604.1"
175.111.118.238 - - [12/Jun/2020:07:31:20 +0700] "GET /book/favicon.ico HTTP/1.1" 302 380 "https://ebook.bitrexgo.co.id/book/waktu-pembukaan-pasar-forex-20190919012511" "Mozilla/5.0 (iPhone; CPU iPhone OS 12_4_1 like Mac OS X) AppleWebKit/605.1.15 (KHTML, like Gecko) Version/12.1.2 Mobile/15E148 Safari/604.1"
175.111.118.238 - - [12/Jun/2020:07:31:20 +0700] "GET /ebook HTTP/1.1" 200 27846 "https://ebook.bitrexgo.co.id/book/waktu-pembukaan-pasar-forex-20190919012511" "Mozilla/5.0 (iPhone; CPU iPhone OS 12_4_1 like Mac OS X) AppleWebKit/605.1.15 (KHTML, like Gecko) Version/12.1.2 Mobile/15E148 Safari/604.1"
175.111.118.238 - - [12/Jun/2020:07:32:02 +0700] "GET /book/fibonacci-20190919014404 HTTP/1.1" 200 26327 "https://ebook.bitrexgo.co.id/explore/basic" "Mozilla/5.0 (iPhone; CPU iPhone OS 12_4_1 like Mac OS X) AppleWebKit/605.1.15 (KHTML, like Gecko) Version/12.1.2 Mobile/15E148 Safari/604.1"
175.111.118.238 - - [12/Jun/2020:07:32:02 +0700] "GET /book/favicon.ico HTTP/1.1" 302 380 "https://ebook.bitrexgo.co.id/book/fibonacci-20190919014404" "Mozilla/5.0 (iPhone; CPU iPhone OS 12_4_1 like Mac OS X) AppleWebKit/605.1.15 (KHTML, like Gecko) Version/12.1.2 Mobile/15E148 Safari/604.1"
175.111.118.238 - - [12/Jun/2020:07:32:02 +0700] "GET /ebook HTTP/1.1" 200 27846 "https://ebook.bitrexgo.co.id/book/fibonacci-20190919014404" "Mozilla/5.0 (iPhone; CPU iPhone OS 12_4_1 like Mac OS X) AppleWebKit/605.1.15 (KHTML, like Gecko) Version/12.1.2 Mobile/15E148 Safari/604.1"
175.111.118.238 - - [12/Jun/2020:07:32:12 +0700] "GET /solvedLesson?lesson=216 HTTP/1.1" 200 50 "https://ebook.bitrexgo.co.id/book/fibonacci-20190919014404" "Mozilla/5.0 (iPhone; CPU iPhone OS 12_4_1 like Mac OS X) AppleWebKit/605.1.15 (KHTML, like Gecko) Version/12.1.2 Mobile/15E148 Safari/604.1"
192.254.213.49 - - [12/Jun/2020:07:32:49 +0700] "POST /api/v1/login HTTP/1.1" 200 727 "-" "-"
175.111.118.238 - - [12/Jun/2020:07:33:03 +0700] "GET /solvedLesson?lesson=218 HTTP/1.1" 200 50 "https://ebook.bitrexgo.co.id/book/fibonacci-20190919014404" "Mozilla/5.0 (iPhone; CPU iPhone OS 12_4_1 like Mac OS X) AppleWebKit/605.1.15 (KHTML, like Gecko) Version/12.1.2 Mobile/15E148 Safari/604.1"
175.111.118.238 - - [12/Jun/2020:07:34:37 +0700] "GET /solvedLesson?lesson=219 HTTP/1.1" 200 50 "https://ebook.bitrexgo.co.id/book/fibonacci-20190919014404" "Mozilla/5.0 (iPhone; CPU iPhone OS 12_4_1 like Mac OS X) AppleWebKit/605.1.15 (KHTML, like Gecko) Version/12.1.2 Mobile/15E148 Safari/604.1"
192.254.213.49 - - [12/Jun/2020:07:37:40 +0700] "POST /api/v1/login HTTP/1.1" 200 704 "-" "-"
175.111.118.238 - - [12/Jun/2020:07:38:08 +0700] "GET /solvedLesson?lesson=221 HTTP/1.1" 200 50 "https://ebook.bitrexgo.co.id/book/fibonacci-20190919014404" "Mozilla/5.0 (iPhone; CPU iPhone OS 12_4_1 like Mac OS X) AppleWebKit/605.1.15 (KHTML, like Gecko) Version/12.1.2 Mobile/15E148 Safari/604.1"
175.111.118.238 - - [12/Jun/2020:07:38:09 +0700] "GET /ebook HTTP/1.1" 200 27846 "https://ebook.bitrexgo.co.id/book/fibonacci-20190919014404" "Mozilla/5.0 (iPhone; CPU iPhone OS 12_4_1 like Mac OS X) AppleWebKit/605.1.15 (KHTML, like Gecko) Version/12.1.2 Mobile/15E148 Safari/604.1"
193.118.53.210 - - [12/Jun/2020:07:39:36 +0700] "GET / HTTP/1.1" 302 270 "-" "Mozilla/5.0 (Windows NT 10.0; Win64; x64) AppleWebKit/537.36 (KHTML, like Gecko) Chrome/60.0.3112.113 Safari/537.36"
193.118.53.210 - - [12/Jun/2020:07:39:37 +0700] "GET /login HTTP/1.1" 200 76846 "https://18.139.245.210/" "Mozilla/5.0 (Windows NT 10.0; Win64; x64) AppleWebKit/537.36 (KHTML, like Gecko) Chrome/60.0.3112.113 Safari/537.36"
195.54.160.135 - - [12/Jun/2020:07:47:54 +0700] "GET /solr/admin/info/system?wt=json HTTP/1.1" 404 1568 "-" "Mozilla/5.0 (Windows NT 10.0; Win64; x64) AppleWebKit/537.36 (KHTML, like Gecko) Chrome/78.0.3904.108 Safari/537.36"
192.254.213.49 - - [12/Jun/2020:07:50:05 +0700] "POST /api/v1/login HTTP/1.1" 200 719 "-" "-"
192.254.213.49 - - [12/Jun/2020:07:52:42 +0700] "POST /api/v1/login HTTP/1.1" 200 709 "-" "-"
68.107.172.103 - - [12/Jun/2020:07:53:14 +0700] "POST /cgi-bin/mainfunction.cgi HTTP/1.1" 404 222 "-" "XTC"
114.125.44.70 - - [12/Jun/2020:07:53:50 +0700] "GET /member HTTP/1.1" 302 332 "-" "Mozilla/5.0 (iPhone; CPU iPhone OS 12_0_1 like Mac OS X) AppleWebKit/605.1.15 (KHTML, like Gecko) Version/12.0 Mobile/15E148 Safari/604.1"
114.125.44.70 - - [12/Jun/2020:07:53:50 +0700] "GET / HTTP/1.1" 302 268 "-" "Mozilla/5.0 (iPhone; CPU iPhone OS 12_0_1 like Mac OS X) AppleWebKit/605.1.15 (KHTML, like Gecko) Version/12.0 Mobile/15E148 Safari/604.1"
114.125.44.70 - - [12/Jun/2020:07:53:50 +0700] "GET /login HTTP/1.1" 200 74914 "-" "Mozilla/5.0 (iPhone; CPU iPhone OS 12_0_1 like Mac OS X) AppleWebKit/605.1.15 (KHTML, like Gecko) Version/12.0 Mobile/15E148 Safari/604.1"
114.125.44.70 - - [12/Jun/2020:07:53:51 +0700] "GET /assets3/plugins/jelect/main.css HTTP/1.1" 200 2509 "https://bitrexgo.co.id/login" "Mozilla/5.0 (iPhone; CPU iPhone OS 12_0_1 like Mac OS X) AppleWebKit/605.1.15 (KHTML, like Gecko) Version/12.0 Mobile/15E148 Safari/604.1"
114.125.44.70 - - [12/Jun/2020:07:53:51 +0700] "GET /assets3/css/sidebar.css HTTP/1.1" 200 3406 "https://bitrexgo.co.id/login" "Mozilla/5.0 (iPhone; CPU iPhone OS 12_0_1 like Mac OS X) AppleWebKit/605.1.15 (KHTML, like Gecko) Version/12.0 Mobile/15E148 Safari/604.1"
114.125.44.70 - - [12/Jun/2020:07:53:51 +0700] "GET /assets3/css/style.css HTTP/1.1" 200 2695 "https://bitrexgo.co.id/login" "Mozilla/5.0 (iPhone; CPU iPhone OS 12_0_1 like Mac OS X) AppleWebKit/605.1.15 (KHTML, like Gecko) Version/12.0 Mobile/15E148 Safari/604.1"
114.125.44.70 - - [12/Jun/2020:07:53:51 +0700] "GET /assets2/css/select2.css HTTP/1.1" 200 15400 "https://bitrexgo.co.id/login" "Mozilla/5.0 (iPhone; CPU iPhone OS 12_0_1 like Mac OS X) AppleWebKit/605.1.15 (KHTML, like Gecko) Version/12.0 Mobile/15E148 Safari/604.1"
114.125.44.70 - - [12/Jun/2020:07:53:51 +0700] "GET /assets3/plugins/sliderpro/css/slider-pro.css HTTP/1.1" 200 15753 "https://bitrexgo.co.id/login" "Mozilla/5.0 (iPhone; CPU iPhone OS 12_0_1 like Mac OS X) AppleWebKit/605.1.15 (KHTML, like Gecko) Version/12.0 Mobile/15E148 Safari/604.1"
114.125.44.70 - - [12/Jun/2020:07:53:51 +0700] "GET /assets3/js/jquery.sliderPro.min.js HTTP/1.1" 200 92886 "https://bitrexgo.co.id/login" "Mozilla/5.0 (iPhone; CPU iPhone OS 12_0_1 like Mac OS X) AppleWebKit/605.1.15 (KHTML, like Gecko) Version/12.0 Mobile/15E148 Safari/604.1"
114.125.44.70 - - [12/Jun/2020:07:53:51 +0700] "GET /assets3/js/cssua.min.js HTTP/1.1" 200 3283 "https://bitrexgo.co.id/login" "Mozilla/5.0 (iPhone; CPU iPhone OS 12_0_1 like Mac OS X) AppleWebKit/605.1.15 (KHTML, like Gecko) Version/12.0 Mobile/15E148 Safari/604.1"
114.125.44.70 - - [12/Jun/2020:07:53:51 +0700] "GET /assets3/js/bootstrap-select.js HTTP/1.1" 200 43092 "https://bitrexgo.co.id/login" "Mozilla/5.0 (iPhone; CPU iPhone OS 12_0_1 like Mac OS X) AppleWebKit/605.1.15 (KHTML, like Gecko) Version/12.0 Mobile/15E148 Safari/604.1"
114.125.44.70 - - [12/Jun/2020:07:53:51 +0700] "GET /img/ap2li_new_1.png HTTP/1.1" 200 153539 "https://bitrexgo.co.id/login" "Mozilla/5.0 (iPhone; CPU iPhone OS 12_0_1 like Mac OS X) AppleWebKit/605.1.15 (KHTML, like Gecko) Version/12.0 Mobile/15E148 Safari/604.1"
114.125.44.70 - - [12/Jun/2020:07:53:51 +0700] "GET /img/logo.png HTTP/1.1" 200 232247 "https://bitrexgo.co.id/login" "Mozilla/5.0 (iPhone; CPU iPhone OS 12_0_1 like Mac OS X) AppleWebKit/605.1.15 (KHTML, like Gecko) Version/12.0 Mobile/15E148 Safari/604.1"
114.125.44.70 - - [12/Jun/2020:07:53:51 +0700] "GET /assets1/images/pic1.jpg HTTP/1.1" 404 1568 "https://bitrexgo.co.id/login" "Mozilla/5.0 (iPhone; CPU iPhone OS 12_0_1 like Mac OS X) AppleWebKit/605.1.15 (KHTML, like Gecko) Version/12.0 Mobile/15E148 Safari/604.1"
114.125.44.70 - - [12/Jun/2020:07:53:51 +0700] "GET /assets1/images/service-0.png HTTP/1.1" 404 1568 "https://bitrexgo.co.id/login" "Mozilla/5.0 (iPhone; CPU iPhone OS 12_0_1 like Mac OS X) AppleWebKit/605.1.15 (KHTML, like Gecko) Version/12.0 Mobile/15E148 Safari/604.1"
114.125.44.70 - - [12/Jun/2020:07:53:51 +0700] "GET /assets/img/training-center.jpg HTTP/1.1" 404 1568 "https://bitrexgo.co.id/login" "Mozilla/5.0 (iPhone; CPU iPhone OS 12_0_1 like Mac OS X) AppleWebKit/605.1.15 (KHTML, like Gecko) Version/12.0 Mobile/15E148 Safari/604.1"
114.125.44.70 - - [12/Jun/2020:07:53:51 +0700] "GET /api/ebook/ebooks HTTP/1.1" 200 2459 "https://bitrexgo.co.id/login" "Mozilla/5.0 (iPhone; CPU iPhone OS 12_0_1 like Mac OS X) AppleWebKit/605.1.15 (KHTML, like Gecko) Version/12.0 Mobile/15E148 Safari/604.1"
114.125.44.70 - - [12/Jun/2020:07:53:51 +0700] "GET /assets/img/trading-community.png HTTP/1.1" 404 1568 "https://bitrexgo.co.id/login" "Mozilla/5.0 (iPhone; CPU iPhone OS 12_0_1 like Mac OS X) AppleWebKit/605.1.15 (KHTML, like Gecko) Version/12.0 Mobile/15E148 Safari/604.1"
114.125.44.70 - - [12/Jun/2020:07:53:51 +0700] "GET /assets/img/robot-expert-advisor.png HTTP/1.1" 404 1568 "https://bitrexgo.co.id/login" "Mozilla/5.0 (iPhone; CPU iPhone OS 12_0_1 like Mac OS X) AppleWebKit/605.1.15 (KHTML, like Gecko) Version/12.0 Mobile/15E148 Safari/604.1"
114.125.44.70 - - [12/Jun/2020:07:53:51 +0700] "GET /assets/img/market-analysis.jpg HTTP/1.1" 404 1568 "https://bitrexgo.co.id/login" "Mozilla/5.0 (iPhone; CPU iPhone OS 12_0_1 like Mac OS X) AppleWebKit/605.1.15 (KHTML, like Gecko) Version/12.0 Mobile/15E148 Safari/604.1"
114.125.44.70 - - [12/Jun/2020:07:53:51 +0700] "GET /assets1/images/gallery/5.jpg HTTP/1.1" 404 1568 "https://bitrexgo.co.id/login" "Mozilla/5.0 (iPhone; CPU iPhone OS 12_0_1 like Mac OS X) AppleWebKit/605.1.15 (KHTML, like Gecko) Version/12.0 Mobile/15E148 Safari/604.1"
114.125.44.70 - - [12/Jun/2020:07:53:51 +0700] "GET /member/shipping/province HTTP/1.1" 200 1184 "https://bitrexgo.co.id/login" "Mozilla/5.0 (iPhone; CPU iPhone OS 12_0_1 like Mac OS X) AppleWebKit/605.1.15 (KHTML, like Gecko) Version/12.0 Mobile/15E148 Safari/604.1"
114.125.44.70 - - [12/Jun/2020:07:53:52 +0700] "GET /assets1/images/gallery/11.jpg HTTP/1.1" 404 1568 "https://bitrexgo.co.id/login" "Mozilla/5.0 (iPhone; CPU iPhone OS 12_0_1 like Mac OS X) AppleWebKit/605.1.15 (KHTML, like Gecko) Version/12.0 Mobile/15E148 Safari/604.1"
114.125.44.70 - - [12/Jun/2020:07:53:53 +0700] "GET /apple-touch-icon-120x120-precomposed.png HTTP/1.1" 404 1568 "-" "MobileSafari/604.1 CFNetwork/974.2.1 Darwin/18.0.0"
114.125.44.70 - - [12/Jun/2020:07:53:53 +0700] "GET /apple-touch-icon-120x120.png HTTP/1.1" 404 1568 "-" "MobileSafari/604.1 CFNetwork/974.2.1 Darwin/18.0.0"
114.125.44.70 - - [12/Jun/2020:07:53:53 +0700] "GET /apple-touch-icon.png HTTP/1.1" 404 1568 "-" "MobileSafari/604.1 CFNetwork/974.2.1 Darwin/18.0.0"
114.125.44.70 - - [12/Jun/2020:07:53:54 +0700] "GET /apple-touch-icon.png HTTP/1.1" 404 1568 "-" "MobileSafari/604.1 CFNetwork/974.2.1 Darwin/18.0.0"
192.254.213.49 - - [12/Jun/2020:07:54:16 +0700] "POST /api/v1/login HTTP/1.1" 200 707 "-" "-"
192.254.213.49 - - [12/Jun/2020:07:54:30 +0700] "POST /api/v1/login HTTP/1.1" 200 726 "-" "-"
192.254.213.49 - - [12/Jun/2020:07:54:34 +0700] "POST /api/v1/login HTTP/1.1" 200 722 "-" "-"
195.54.160.135 - - [12/Jun/2020:07:56:07 +0700] "GET /?a=fetch&content=<php>die(@md5(HelloThinkCMF))</php> HTTP/1.1" 302 270 "-" "Mozilla/5.0 (Windows NT 10.0; Win64; x64) AppleWebKit/537.36 (KHTML, like Gecko) Chrome/78.0.3904.108 Safari/537.36"
195.54.160.135 - - [12/Jun/2020:07:56:08 +0700] "GET /?XDEBUG_SESSION_START=phpstorm HTTP/1.1" 302 270 "-" "Mozilla/5.0 (Windows NT 10.0; Win64; x64) AppleWebKit/537.36 (KHTML, like Gecko) Chrome/78.0.3904.108 Safari/537.36"
195.54.160.135 - - [12/Jun/2020:07:56:08 +0700] "GET /login HTTP/1.1" 200 76800 "http://18.139.245.210:80/?a=fetch&content=<php>die(@md5(HelloThinkCMF))</php>" "Mozilla/5.0 (Windows NT 10.0; Win64; x64) AppleWebKit/537.36 (KHTML, like Gecko) Chrome/78.0.3904.108 Safari/537.36"
195.54.160.135 - - [12/Jun/2020:07:56:08 +0700] "GET /login HTTP/1.1" 200 76800 "http://18.139.245.210:80/?XDEBUG_SESSION_START=phpstorm" "Mozilla/5.0 (Windows NT 10.0; Win64; x64) AppleWebKit/537.36 (KHTML, like Gecko) Chrome/78.0.3904.108 Safari/537.36"
192.254.213.49 - - [12/Jun/2020:07:56:43 +0700] "POST /api/v1/login HTTP/1.1" 200 719 "-" "-"
192.254.213.49 - - [12/Jun/2020:08:02:55 +0700] "POST /api/v1/login HTTP/1.1" 200 740 "-" "-"
192.254.213.49 - - [12/Jun/2020:08:03:50 +0700] "POST /api/v1/login HTTP/1.1" 200 747 "-" "-"
192.254.213.49 - - [12/Jun/2020:08:05:15 +0700] "POST /api/v1/login HTTP/1.1" 200 698 "-" "-"
192.254.213.49 - - [12/Jun/2020:08:05:17 +0700] "POST /api/v1/login HTTP/1.1" 200 698 "-" "-"
192.254.213.49 - - [12/Jun/2020:08:05:29 +0700] "POST /api/v1/login HTTP/1.1" 200 709 "-" "-"
114.5.243.31 - - [12/Jun/2020:08:05:41 +0700] "GET /book/cara-menentukan-support-dan-resistance-20190919013814 HTTP/1.1" 500 1574 "https://ebook.bitrexgo.co.id/explore/basic/Endangsriway" "Mozilla/5.0 (iPhone; CPU iPhone OS 12_2 like Mac OS X) AppleWebKit/605.1.15 (KHTML, like Gecko) Version/12.1 Mobile/15E148 Safari/604.1"
192.254.213.49 - - [12/Jun/2020:08:07:21 +0700] "POST /api/v1/login HTTP/1.1" 200 44 "-" "-"
209.17.97.18 - - [12/Jun/2020:08:07:30 +0700] "GET / HTTP/1.1" 302 213 "-" "Mozilla/5.0 (compatible; Nimbostratus-Bot/v1.3.2; http://cloudsystemnetworks.com)"
192.254.213.49 - - [12/Jun/2020:08:09:45 +0700] "POST /api/v1/login HTTP/1.1" 200 715 "-" "-"
192.254.213.49 - - [12/Jun/2020:08:10:59 +0700] "POST /api/v1/login HTTP/1.1" 200 714 "-" "-"
195.54.160.135 - - [12/Jun/2020:08:11:02 +0700] "GET /index.php?s=/Index/\\think\\app/invokefunction&function=call_user_func_array&vars[0]=md5&vars[1][]=HelloThinkPHP HTTP/1.1" 302 270 "-" "Mozilla/5.0 (Windows NT 10.0; Win64; x64) AppleWebKit/537.36 (KHTML, like Gecko) Chrome/78.0.3904.108 Safari/537.36"
195.54.160.135 - - [12/Jun/2020:08:11:02 +0700] "GET /login HTTP/1.1" 200 76800 "http://18.139.245.210:80/index.php?s=/Index/\\think\\app/invokefunction&function=call_user_func_array&vars[0]=md5&vars[1][]=HelloThinkPHP" "Mozilla/5.0 (Windows NT 10.0; Win64; x64) AppleWebKit/537.36 (KHTML, like Gecko) Chrome/78.0.3904.108 Safari/537.36"
192.254.213.49 - - [12/Jun/2020:08:12:16 +0700] "POST /api/v1/login HTTP/1.1" 200 52 "-" "-"
192.254.213.49 - - [12/Jun/2020:08:12:33 +0700] "POST /api/v1/login HTTP/1.1" 200 721 "-" "-"
66.102.8.154 - - [12/Jun/2020:08:13:09 +0700] "GET /contact HTTP/1.1" 404 1568 "https://www.google.com/url?sa=t&rct=j&q=&esrc=s&source=web&cd=3&ved=0CDEQFjAD&url=https%3A%2F%2Fbitrexgo.co.id%2Fcontact&ei=pNbiXu_mN8mgyAGyvQE&usg=AFQjCNHUF7iIlgvVfGt-9bqIFHtqLTeAEg" "Mozilla/5.0 (iPhone; CPU iPhone OS 13_3_1 like Mac OS X) AppleWebKit/605.1.15 (KHTML, like Gecko) Version/13.0.5 Mobile/15E148 Safari/604.1"
192.254.213.49 - - [12/Jun/2020:08:13:56 +0700] "POST /api/v1/login HTTP/1.1" 200 714 "-" "-"
66.249.72.6 - - [12/Jun/2020:08:14:27 +0700] "GET / HTTP/1.1" 301 231 "-" "Mozilla/5.0 (compatible; Googlebot/2.1; +http://www.google.com/bot.html)"
192.254.213.49 - - [12/Jun/2020:08:15:11 +0700] "POST /api/v1/login HTTP/1.1" 200 729 "-" "-"
192.254.213.49 - - [12/Jun/2020:08:15:55 +0700] "POST /api/v1/login HTTP/1.1" 200 44 "-" "-"
192.254.213.49 - - [12/Jun/2020:08:16:04 +0700] "POST /api/v1/login HTTP/1.1" 200 691 "-" "-"
192.254.213.49 - - [12/Jun/2020:08:16:57 +0700] "POST /api/v1/login HTTP/1.1" 200 732 "-" "-"
192.254.213.49 - - [12/Jun/2020:08:17:24 +0700] "POST /api/v1/login HTTP/1.1" 200 728 "-" "-"
192.254.213.49 - - [12/Jun/2020:08:17:40 +0700] "POST /api/v1/login HTTP/1.1" 200 44 "-" "-"
192.254.213.49 - - [12/Jun/2020:08:17:41 +0700] "POST /api/v1/login HTTP/1.1" 200 44 "-" "-"
192.254.213.49 - - [12/Jun/2020:08:18:03 +0700] "POST /api/v1/login HTTP/1.1" 200 44 "-" "-"
192.254.213.49 - - [12/Jun/2020:08:18:22 +0700] "POST /api/v1/login HTTP/1.1" 200 44 "-" "-"
192.254.213.49 - - [12/Jun/2020:08:19:32 +0700] "POST /api/v1/login HTTP/1.1" 200 44 "-" "-"
192.254.213.49 - - [12/Jun/2020:08:19:46 +0700] "POST /api/v1/login HTTP/1.1" 200 44 "-" "-"
192.254.213.49 - - [12/Jun/2020:08:19:50 +0700] "POST /api/v1/login HTTP/1.1" 200 44 "-" "-"
192.254.213.49 - - [12/Jun/2020:08:20:01 +0700] "POST /api/v1/login HTTP/1.1" 200 44 "-" "-"
192.254.213.49 - - [12/Jun/2020:08:20:32 +0700] "POST /api/v1/login HTTP/1.1" 200 44 "-" "-"
192.254.213.49 - - [12/Jun/2020:08:20:46 +0700] "POST /api/v1/login HTTP/1.1" 200 44 "-" "-"
192.254.213.49 - - [12/Jun/2020:08:21:49 +0700] "POST /api/v1/login HTTP/1.1" 200 44 "-" "-"
192.254.213.49 - - [12/Jun/2020:08:22:01 +0700] "POST /api/v1/login HTTP/1.1" 200 44 "-" "-"
192.254.213.49 - - [12/Jun/2020:08:22:11 +0700] "POST /api/v1/login HTTP/1.1" 200 44 "-" "-"
192.254.213.49 - - [12/Jun/2020:08:22:38 +0700] "POST /api/v1/login HTTP/1.1" 200 44 "-" "-"
192.254.213.49 - - [12/Jun/2020:08:23:32 +0700] "POST /api/v1/login HTTP/1.1" 200 720 "-" "-"
192.254.213.49 - - [12/Jun/2020:08:23:36 +0700] "POST /api/v1/login HTTP/1.1" 200 44 "-" "-"
192.254.213.49 - - [12/Jun/2020:08:24:12 +0700] "POST /api/v1/login HTTP/1.1" 200 44 "-" "-"
192.254.213.49 - - [12/Jun/2020:08:24:21 +0700] "POST /api/v1/login HTTP/1.1" 200 44 "-" "-"
192.254.213.49 - - [12/Jun/2020:08:24:28 +0700] "POST /api/v1/login HTTP/1.1" 200 705 "-" "-"
192.254.213.49 - - [12/Jun/2020:08:24:33 +0700] "POST /api/v1/login HTTP/1.1" 200 44 "-" "-"
192.254.213.49 - - [12/Jun/2020:08:24:52 +0700] "POST /api/v1/login HTTP/1.1" 200 710 "-" "-"
192.254.213.49 - - [12/Jun/2020:08:25:30 +0700] "POST /api/v1/login HTTP/1.1" 200 716 "-" "-"
192.254.213.49 - - [12/Jun/2020:08:26:48 +0700] "POST /api/v1/login HTTP/1.1" 200 730 "-" "-"
202.80.218.136 - - [12/Jun/2020:08:27:17 +0700] "GET /book/favicon.ico HTTP/1.1" 500 1574 "https://ebook.bitrexgo.co.id/book/cara-membaca-candlestick-20190919013523" "Mozilla/5.0 (Linux; Android 10; RMX1851) AppleWebKit/537.36 (KHTML, like Gecko) Chrome/83.0.4103.101 Mobile Safari/537.36"
202.80.218.136 - - [12/Jun/2020:08:27:29 +0700] "GET /solvedLesson?lesson=93 HTTP/1.1" 200 50 "https://ebook.bitrexgo.co.id/book/cara-membaca-candlestick-20190919013523" "Mozilla/5.0 (Linux; Android 10; RMX1851) AppleWebKit/537.36 (KHTML, like Gecko) Chrome/83.0.4103.101 Mobile Safari/537.36"
202.80.218.136 - - [12/Jun/2020:08:27:43 +0700] "GET /solvedLesson?lesson=94 HTTP/1.1" 200 50 "https://ebook.bitrexgo.co.id/book/cara-membaca-candlestick-20190919013523" "Mozilla/5.0 (Linux; Android 10; RMX1851) AppleWebKit/537.36 (KHTML, like Gecko) Chrome/83.0.4103.101 Mobile Safari/537.36"
192.254.213.49 - - [12/Jun/2020:08:29:06 +0700] "POST /api/v1/login HTTP/1.1" 200 726 "-" "-"
192.254.213.49 - - [12/Jun/2020:08:32:41 +0700] "POST /api/v1/login HTTP/1.1" 200 799 "-" "-"
46.229.168.131 - - [12/Jun/2020:08:32:41 +0700] "GET /robots.txt HTTP/1.1" 200 24 "-" "Mozilla/5.0 (compatible; SemrushBot/6~bl; +http://www.semrush.com/bot.html)"
66.249.75.5 - - [12/Jun/2020:08:32:43 +0700] "GET /robots.txt HTTP/1.1" 200 24 "-" "Mozilla/5.0 (compatible; Googlebot/2.1; +http://www.google.com/bot.html)"
66.249.75.5 - - [12/Jun/2020:08:32:43 +0700] "GET /ads.txt HTTP/1.1" 404 1568 "-" "Mozilla/5.0 (compatible; Googlebot/2.1; +http://www.google.com/bot.html)"
46.229.168.135 - - [12/Jun/2020:08:32:43 +0700] "GET /hall-of-fame?page_1s=1 HTTP/1.1" 200 103979 "-" "Mozilla/5.0 (compatible; SemrushBot/6~bl; +http://www.semrush.com/bot.html)"
213.6.15.130 - - [12/Jun/2020:08:34:37 +0700] "GET / HTTP/1.1" 302 270 "-" "Mozilla/5.0 (Windows NT 6.1; WOW64) AppleWebKit/537.36 (KHTML, like Gecko) Chrome/52.0.2743.116 Safari/537.36"
192.254.213.49 - - [12/Jun/2020:08:36:01 +0700] "POST /api/v1/login HTTP/1.1" 200 725 "-" "-"
207.46.13.6 - - [12/Jun/2020:08:36:48 +0700] "GET /content_detail/EVENT/5 HTTP/1.1" 404 1568 "-" "Mozilla/5.0 (compatible; bingbot/2.0; +http://www.bing.com/bingbot.htm)"
192.254.213.49 - - [12/Jun/2020:08:42:16 +0700] "POST /api/v1/login HTTP/1.1" 200 729 "-" "-"
118.99.118.137 - - [12/Jun/2020:08:42:17 +0700] "GET / HTTP/1.1" 302 268 "-" "Mozilla/5.0 (Linux; Android 9; Redmi Note 7) AppleWebKit/537.36 (KHTML, like Gecko) Chrome/81.0.4044.138 Mobile Safari/537.36"
118.99.118.137 - - [12/Jun/2020:08:42:17 +0700] "GET /login HTTP/1.1" 200 74914 "-" "Mozilla/5.0 (Linux; Android 9; Redmi Note 7) AppleWebKit/537.36 (KHTML, like Gecko) Chrome/81.0.4044.138 Mobile Safari/537.36"
118.99.118.137 - - [12/Jun/2020:08:42:18 +0700] "GET /assets1/images/pic1.jpg HTTP/1.1" 404 1568 "https://bitrexgo.co.id/login" "Mozilla/5.0 (Linux; Android 9; Redmi Note 7) AppleWebKit/537.36 (KHTML, like Gecko) Chrome/81.0.4044.138 Mobile Safari/537.36"
118.99.118.137 - - [12/Jun/2020:08:42:18 +0700] "GET /assets1/images/service-0.png HTTP/1.1" 404 1568 "https://bitrexgo.co.id/login" "Mozilla/5.0 (Linux; Android 9; Redmi Note 7) AppleWebKit/537.36 (KHTML, like Gecko) Chrome/81.0.4044.138 Mobile Safari/537.36"
118.99.118.137 - - [12/Jun/2020:08:42:18 +0700] "GET /img/KTP.png HTTP/1.1" 200 381299 "https://bitrexgo.co.id/login" "Mozilla/5.0 (Linux; Android 9; Redmi Note 7) AppleWebKit/537.36 (KHTML, like Gecko) Chrome/81.0.4044.138 Mobile Safari/537.36"
118.99.118.137 - - [12/Jun/2020:08:42:18 +0700] "GET /assets1/images/gallery/5.jpg HTTP/1.1" 404 1568 "https://bitrexgo.co.id/login" "Mozilla/5.0 (Linux; Android 9; Redmi Note 7) AppleWebKit/537.36 (KHTML, like Gecko) Chrome/81.0.4044.138 Mobile Safari/537.36"
118.99.118.137 - - [12/Jun/2020:08:42:18 +0700] "GET /assets1/images/gallery/11.jpg HTTP/1.1" 404 1568 "https://bitrexgo.co.id/login" "Mozilla/5.0 (Linux; Android 9; Redmi Note 7) AppleWebKit/537.36 (KHTML, like Gecko) Chrome/81.0.4044.138 Mobile Safari/537.36"
118.99.118.137 - - [12/Jun/2020:08:42:18 +0700] "GET /assets/img/training-center.jpg HTTP/1.1" 404 1568 "https://bitrexgo.co.id/login" "Mozilla/5.0 (Linux; Android 9; Redmi Note 7) AppleWebKit/537.36 (KHTML, like Gecko) Chrome/81.0.4044.138 Mobile Safari/537.36"
118.99.118.137 - - [12/Jun/2020:08:42:18 +0700] "GET /img/BGcompro.jpg HTTP/1.1" 200 549447 "https://bitrexgo.co.id/assets3/css/style.css" "Mozilla/5.0 (Linux; Android 9; Redmi Note 7) AppleWebKit/537.36 (KHTML, like Gecko) Chrome/81.0.4044.138 Mobile Safari/537.36"
118.99.118.137 - - [12/Jun/2020:08:42:18 +0700] "GET /assets/img/robot-expert-advisor.png HTTP/1.1" 404 1568 "https://bitrexgo.co.id/login" "Mozilla/5.0 (Linux; Android 9; Redmi Note 7) AppleWebKit/537.36 (KHTML, like Gecko) Chrome/81.0.4044.138 Mobile Safari/537.36"
118.99.118.137 - - [12/Jun/2020:08:42:18 +0700] "GET /assets/img/market-analysis.jpg HTTP/1.1" 404 1568 "https://bitrexgo.co.id/login" "Mozilla/5.0 (Linux; Android 9; Redmi Note 7) AppleWebKit/537.36 (KHTML, like Gecko) Chrome/81.0.4044.138 Mobile Safari/537.36"
118.99.118.137 - - [12/Jun/2020:08:42:19 +0700] "GET /api/ebook/ebooks HTTP/1.1" 200 2459 "https://bitrexgo.co.id/login" "Mozilla/5.0 (Linux; Android 9; Redmi Note 7) AppleWebKit/537.36 (KHTML, like Gecko) Chrome/81.0.4044.138 Mobile Safari/537.36"
118.99.118.137 - - [12/Jun/2020:08:42:19 +0700] "GET /assets/img/trading-community.png HTTP/1.1" 404 1568 "https://bitrexgo.co.id/login" "Mozilla/5.0 (Linux; Android 9; Redmi Note 7) AppleWebKit/537.36 (KHTML, like Gecko) Chrome/81.0.4044.138 Mobile Safari/537.36"
118.99.118.137 - - [12/Jun/2020:08:42:19 +0700] "GET /member/shipping/province HTTP/1.1" 200 1184 "https://bitrexgo.co.id/login" "Mozilla/5.0 (Linux; Android 9; Redmi Note 7) AppleWebKit/537.36 (KHTML, like Gecko) Chrome/81.0.4044.138 Mobile Safari/537.36"
118.99.118.137 - - [12/Jun/2020:08:42:19 +0700] "GET /api/ebook/ebooks HTTP/1.1" 200 2459 "https://bitrexgo.co.id/login" "Mozilla/5.0 (Linux; Android 9; Redmi Note 7) AppleWebKit/537.36 (KHTML, like Gecko) Chrome/81.0.4044.138 Mobile Safari/537.36"
192.254.213.49 - - [12/Jun/2020:08:42:31 +0700] "POST /api/v1/login HTTP/1.1" 200 44 "-" "-"
192.254.213.49 - - [12/Jun/2020:08:42:32 +0700] "POST /api/v1/login HTTP/1.1" 200 44 "-" "-"
124.158.147.254 - - [12/Jun/2020:08:42:37 +0700] "GET /backoffice HTTP/1.1" 200 7395 "-" "Mozilla/5.0 (Windows NT 6.3; Win64; x64) AppleWebKit/537.36 (KHTML, like Gecko) Chrome/83.0.4103.97 Safari/537.36"
124.158.147.254 - - [12/Jun/2020:08:42:37 +0700] "GET /assets/js/raphael.min.js HTTP/1.1" 404 1568 "https://bitrexgo.co.id/backoffice" "Mozilla/5.0 (Windows NT 6.3; Win64; x64) AppleWebKit/537.36 (KHTML, like Gecko) Chrome/83.0.4103.97 Safari/537.36"
124.158.147.254 - - [12/Jun/2020:08:42:38 +0700] "GET /assets/js/raphael.min.js HTTP/1.1" 404 1568 "https://bitrexgo.co.id/backoffice" "Mozilla/5.0 (Windows NT 6.3; Win64; x64) AppleWebKit/537.36 (KHTML, like Gecko) Chrome/83.0.4103.97 Safari/537.36"
192.254.213.49 - - [12/Jun/2020:08:42:41 +0700] "POST /api/v1/login HTTP/1.1" 200 709 "-" "-"
192.254.213.49 - - [12/Jun/2020:08:42:43 +0700] "POST /api/v1/login HTTP/1.1" 200 709 "-" "-"
124.158.147.254 - - [12/Jun/2020:08:43:01 +0700] "POST /backoffice/login HTTP/1.1" 302 416 "https://bitrexgo.co.id/backoffice" "Mozilla/5.0 (Windows NT 6.3; Win64; x64) AppleWebKit/537.36 (KHTML, like Gecko) Chrome/83.0.4103.97 Safari/537.36"
124.158.147.254 - - [12/Jun/2020:08:43:01 +0700] "GET /backoffice/dashboard HTTP/1.1" 200 37057 "https://bitrexgo.co.id/backoffice" "Mozilla/5.0 (Windows NT 6.3; Win64; x64) AppleWebKit/537.36 (KHTML, like Gecko) Chrome/83.0.4103.97 Safari/537.36"
124.158.147.254 - - [12/Jun/2020:08:43:02 +0700] "GET /backoffice/member-daily HTTP/1.1" 200 63 "https://bitrexgo.co.id/backoffice/dashboard" "Mozilla/5.0 (Windows NT 6.3; Win64; x64) AppleWebKit/537.36 (KHTML, like Gecko) Chrome/83.0.4103.97 Safari/537.36"
124.158.147.254 - - [12/Jun/2020:08:43:02 +0700] "GET /backoffice/sales-ebook HTTP/1.1" 200 35 "https://bitrexgo.co.id/backoffice/dashboard" "Mozilla/5.0 (Windows NT 6.3; Win64; x64) AppleWebKit/537.36 (KHTML, like Gecko) Chrome/83.0.4103.97 Safari/537.36"
124.158.147.254 - - [12/Jun/2020:08:43:03 +0700] "GET /backoffice/dashboard-values HTTP/1.1" 200 66 "https://bitrexgo.co.id/backoffice/dashboard" "Mozilla/5.0 (Windows NT 6.3; Win64; x64) AppleWebKit/537.36 (KHTML, like Gecko) Chrome/83.0.4103.97 Safari/537.36"
192.254.213.49 - - [12/Jun/2020:08:43:23 +0700] "POST /api/v1/login HTTP/1.1" 200 708 "-" "-"
124.158.147.254 - - [12/Jun/2020:08:43:38 +0700] "GET /backoffice/members/active HTTP/1.1" 200 36930 "https://bitrexgo.co.id/backoffice/dashboard" "Mozilla/5.0 (Windows NT 6.3; Win64; x64) AppleWebKit/537.36 (KHTML, like Gecko) Chrome/83.0.4103.97 Safari/537.36"
124.158.147.254 - - [12/Jun/2020:08:43:39 +0700] "GET /backoffice/members/active?draw=1&columns%5B0%5D%5Bdata%5D=DT_RowIndex&columns%5B0%5D%5Bname%5D=DT_RowIndex&columns%5B0%5D%5Bsearchable%5D=false&columns%5B0%5D%5Borderable%5D=false&columns%5B0%5D%5Bsearch%5D%5Bvalue%5D=&columns%5B0%5D%5Bsearch%5D%5Bregex%5D=false&columns%5B1%5D%5Bdata%5D=id_member&columns%5B1%5D%5Bname%5D=id_member&columns%5B1%5D%5Bsearchable%5D=true&columns%5B1%5D%5Borderable%5D=true&columns%5B1%5D%5Bsearch%5D%5Bvalue%5D=&columns%5B1%5D%5Bsearch%5D%5Bregex%5D=false&columns%5B2%5D%5Bdata%5D=username&columns%5B2%5D%5Bname%5D=username&columns%5B2%5D%5Bsearchable%5D=true&columns%5B2%5D%5Borderable%5D=true&columns%5B2%5D%5Bsearch%5D%5Bvalue%5D=&columns%5B2%5D%5Bsearch%5D%5Bregex%5D=false&columns%5B3%5D%5Bdata%5D=full_name&columns%5B3%5D%5Bname%5D=first_name&columns%5B3%5D%5Bsearchable%5D=true&columns%5B3%5D%5Borderable%5D=true&columns%5B3%5D%5Bsearch%5D%5Bvalue%5D=&columns%5B3%5D%5Bsearch%5D%5Bregex%5D=false&columns%5B4%5D%5Bdata%5D=sponsor&columns%5B4%5D%5Bname%5D=sponsor.username&columns%5B4%5D%5Bsearchable%5D=false&columns%5B4%5D%5Borderable%5D=false&columns%5B4%5D%5Bsearch%5D%5Bvalue%5D=&columns%5B4%5D%5Bsearch%5D%5Bregex%5D=false&columns%5B5%5D%5Bdata%5D=join_at&columns%5B5%5D%5Bname%5D=join_at&columns%5B5%5D%5Bsearchable%5D=false&columns%5B5%5D%5Borderable%5D=false&columns%5B5%5D%5Bsearch%5D%5Bvalue%5D=&columns%5B5%5D%5Bsearch%5D%5Bregex%5D=false&columns%5B6%5D%5Bdata%5D=lastArchive&columns%5B6%5D%5Bname%5D=lastArchive.created_at&columns%5B6%5D%5Bsearchable%5D=false&columns%5B6%5D%5Borderable%5D=true&columns%5B6%5D%5Bsearch%5D%5Bvalue%5D=&columns%5B6%5D%5Bsearch%5D%5Bregex%5D=false&columns%5B7%5D%5Bdata%5D=ranking&columns%5B7%5D%5Bname%5D=rank.name&columns%5B7%5D%5Bsearchable%5D=true&columns%5B7%5D%5Borderable%5D=false&columns%5B7%5D%5Bsearch%5D%5Bvalue%5D=&columns%5B7%5D%5Bsearch%5D%5Bregex%5D=false&columns%5B8%5D%5Bdata%5D=action&columns%5B8%5D%5Bname%5D=action&columns%5B8%5D%5Bsearchable%5D=false&columns%5B8%5D%5Borderable%5D=false&columns%5B8%5D%5Bsearch%5D%5Bvalue%5D=&columns%5B8%5D%5Bsearch%5D%5Bregex%5D=false&order%5B0%5D%5Bcolumn%5D=0&order%5B0%5D%5Bdir%5D=asc&start=0&length=10&search%5Bvalue%5D=&search%5Bregex%5D=false&from_date=&to_date=&_=1591926217490 HTTP/1.1" 200 12241 "https://bitrexgo.co.id/backoffice/members/active" "Mozilla/5.0 (Windows NT 6.3; Win64; x64) AppleWebKit/537.36 (KHTML, like Gecko) Chrome/83.0.4103.97 Safari/537.36"
118.99.118.137 - - [12/Jun/2020:08:44:30 +0700] "-" 408 - "-" "-"
118.99.118.137 - - [12/Jun/2020:08:44:30 +0700] "-" 408 - "-" "-"
192.254.213.49 - - [12/Jun/2020:08:45:08 +0700] "POST /api/v1/login HTTP/1.1" 200 746 "-" "-"
180.217.144.158 - - [12/Jun/2020:08:45:31 +0700] "GET / HTTP/1.1" 302 268 "https://www.google.com.tw/" "Mozilla/5.0 (iPhone; CPU iPhone OS 13_4_1 like Mac OS X) AppleWebKit/605.1.15 (KHTML, like Gecko) Version/13.1 Mobile/15E148 Safari/604.1"
180.217.144.158 - - [12/Jun/2020:08:45:32 +0700] "GET /login HTTP/1.1" 200 74914 "https://www.google.com.tw/" "Mozilla/5.0 (iPhone; CPU iPhone OS 13_4_1 like Mac OS X) AppleWebKit/605.1.15 (KHTML, like Gecko) Version/13.1 Mobile/15E148 Safari/604.1"
180.217.144.158 - - [12/Jun/2020:08:45:32 +0700] "GET /assets2/css/select2.css HTTP/1.1" 200 15400 "https://bitrexgo.co.id/login" "Mozilla/5.0 (iPhone; CPU iPhone OS 13_4_1 like Mac OS X) AppleWebKit/605.1.15 (KHTML, like Gecko) Version/13.1 Mobile/15E148 Safari/604.1"
180.217.144.158 - - [12/Jun/2020:08:45:32 +0700] "GET /assets3/css/style.css HTTP/1.1" 200 2695 "https://bitrexgo.co.id/login" "Mozilla/5.0 (iPhone; CPU iPhone OS 13_4_1 like Mac OS X) AppleWebKit/605.1.15 (KHTML, like Gecko) Version/13.1 Mobile/15E148 Safari/604.1"
180.217.144.158 - - [12/Jun/2020:08:45:32 +0700] "GET /assets3/js/jquery-1.11.3.min.js HTTP/1.1" 200 95957 "https://bitrexgo.co.id/login" "Mozilla/5.0 (iPhone; CPU iPhone OS 13_4_1 like Mac OS X) AppleWebKit/605.1.15 (KHTML, like Gecko) Version/13.1 Mobile/15E148 Safari/604.1"
180.217.144.158 - - [12/Jun/2020:08:45:32 +0700] "GET /assets2/plugins/bootstrap-material-datetimepicker/css/bootstrap-material-datetimepicker.css HTTP/1.1" 200 3051 "https://bitrexgo.co.id/login" "Mozilla/5.0 (iPhone; CPU iPhone OS 13_4_1 like Mac OS X) AppleWebKit/605.1.15 (KHTML, like Gecko) Version/13.1 Mobile/15E148 Safari/604.1"
180.217.144.158 - - [12/Jun/2020:08:45:32 +0700] "GET /assets3/css/switcher.css HTTP/1.1" 200 10884 "https://bitrexgo.co.id/login" "Mozilla/5.0 (iPhone; CPU iPhone OS 13_4_1 like Mac OS X) AppleWebKit/605.1.15 (KHTML, like Gecko) Version/13.1 Mobile/15E148 Safari/604.1"
180.217.144.158 - - [12/Jun/2020:08:45:32 +0700] "GET /assets2/js/sweet.js HTTP/1.1" 200 16977 "https://bitrexgo.co.id/login" "Mozilla/5.0 (iPhone; CPU iPhone OS 13_4_1 like Mac OS X) AppleWebKit/605.1.15 (KHTML, like Gecko) Version/13.1 Mobile/15E148 Safari/604.1"
180.217.144.158 - - [12/Jun/2020:08:45:32 +0700] "GET /assets3/js/jquery-migrate-1.2.1.js HTTP/1.1" 200 7199 "https://bitrexgo.co.id/login" "Mozilla/5.0 (iPhone; CPU iPhone OS 13_4_1 like Mac OS X) AppleWebKit/605.1.15 (KHTML, like Gecko) Version/13.1 Mobile/15E148 Safari/604.1"
180.217.144.158 - - [12/Jun/2020:08:45:32 +0700] "GET /assets3/css/master.css HTTP/1.1" 200 1336 "https://bitrexgo.co.id/login" "Mozilla/5.0 (iPhone; CPU iPhone OS 13_4_1 like Mac OS X) AppleWebKit/605.1.15 (KHTML, like Gecko) Version/13.1 Mobile/15E148 Safari/604.1"
180.217.144.158 - - [12/Jun/2020:08:45:32 +0700] "GET /assets3/js/bootstrap.min.js HTTP/1.1" 200 37056 "https://bitrexgo.co.id/login" "Mozilla/5.0 (iPhone; CPU iPhone OS 13_4_1 like Mac OS X) AppleWebKit/605.1.15 (KHTML, like Gecko) Version/13.1 Mobile/15E148 Safari/604.1"
180.217.144.158 - - [12/Jun/2020:08:45:32 +0700] "GET /assets3/js/waypoints.min.js HTTP/1.1" 200 8048 "https://bitrexgo.co.id/login" "Mozilla/5.0 (iPhone; CPU iPhone OS 13_4_1 like Mac OS X) AppleWebKit/605.1.15 (KHTML, like Gecko) Version/13.1 Mobile/15E148 Safari/604.1"
180.217.144.158 - - [12/Jun/2020:08:45:32 +0700] "GET /assets3/js/modernizr.custom.js HTTP/1.1" 200 8372 "https://bitrexgo.co.id/login" "Mozilla/5.0 (iPhone; CPU iPhone OS 13_4_1 like Mac OS X) AppleWebKit/605.1.15 (KHTML, like Gecko) Version/13.1 Mobile/15E148 Safari/604.1"
180.217.144.158 - - [12/Jun/2020:08:45:32 +0700] "GET /assets3/js/jquery.easing.min.js HTTP/1.1" 200 5555 "https://bitrexgo.co.id/login" "Mozilla/5.0 (iPhone; CPU iPhone OS 13_4_1 like Mac OS X) AppleWebKit/605.1.15 (KHTML, like Gecko) Version/13.1 Mobile/15E148 Safari/604.1"
180.217.144.158 - - [12/Jun/2020:08:45:33 +0700] "GET /assets3/js/jquery.sliderPro.min.js HTTP/1.1" 200 92886 "https://bitrexgo.co.id/login" "Mozilla/5.0 (iPhone; CPU iPhone OS 13_4_1 like Mac OS X) AppleWebKit/605.1.15 (KHTML, like Gecko) Version/13.1 Mobile/15E148 Safari/604.1"
180.217.144.158 - - [12/Jun/2020:08:45:33 +0700] "GET /assets3/js/owl.carousel.min.js HTTP/1.1" 200 23890 "https://bitrexgo.co.id/login" "Mozilla/5.0 (iPhone; CPU iPhone OS 13_4_1 like Mac OS X) AppleWebKit/605.1.15 (KHTML, like Gecko) Version/13.1 Mobile/15E148 Safari/604.1"
